../BSP/board_service/board_service.c:57:6:board_service_init	4	static
../BSP/board_service/board_service.c:62:6:board_service_console_init	4	static
../BSP/board_service/board_service.c:71:6:board_service_console_write	24	static
../BSP/board_service/board_service.c:91:9:board_service_console_uses_uart	16	static
../BSP/board_service/board_service.c:96:9:board_service_gps_uses_uart	16	static
../BSP/board_service/board_service.c:101:6:board_service_status_led_init	8	static
../BSP/board_service/board_service.c:108:6:board_service_status_led_on	16	static
../BSP/board_service/board_service.c:118:6:board_service_status_led_off	16	static
../BSP/board_service/board_service.c:128:6:board_service_status_led_toggle	16	static
../BSP/board_service/board_service.c:137:6:board_service_status_led_toggle_default	8	static
../BSP/board_service/board_service.c:142:9:board_service_slave_link_is_active	8	static
../BSP/board_service/board_service.c:152:9:board_service_slave_link_write	32	static
../BSP/board_service/board_service.c:168:9:board_service_slave_link_poll_rx	16	static
../BSP/board_service/board_service.c:193:9:board_service_slave_link_start_rx	8	static
../BSP/board_service/board_service.c:215:9:board_service_slave_link_uses_uart	16	static
../BSP/board_service/board_service.c:223:9:board_service_slave_link_uses_spi	16	static
../BSP/board_service/board_service.c:232:9:board_service_slave_link_uses_i2c	16	static
../BSP/board_service/board_service.c:241:16:board_service_transport_is_enabled	16	static
../BSP/board_service/board_service.c:260:16:board_service_transport_is_slave	16	static
../BSP/board_service/board_service.c:304:16:board_service_transport_write	24	static
../BSP/board_service/board_service.c:357:16:board_service_transport_is_selected_slave_link	16	static
../BSP/board_service/board_service.c:365:16:board_service_status_led_id_is_valid	16	static
../BSP/board_service/board_service.c:370:22:board_service_status_led_on_state	4	static
../BSP/board_service/board_service.c:377:22:board_service_status_led_off_state	4	static
../BSP/board_service/board_service.c:384:24:board_service_uart_protocol	16	static
../BSP/board_service/board_service.c:399:16:board_service_find_uart_protocol	24	static
