../BSP/board_service/board_service.c:61:6:board_service_init	4	static
../BSP/board_service/board_service.c:66:6:board_service_console_init	4	static
../BSP/board_service/board_service.c:75:6:board_service_console_write	24	static
../BSP/board_service/board_service.c:95:9:board_service_console_uses_uart	16	static
../BSP/board_service/board_service.c:100:9:board_service_gps_uses_uart	16	static
../BSP/board_service/board_service.c:105:9:board_service_can_debug_init	16	static
../BSP/board_service/board_service.c:112:9:board_service_can_debug_write	24	static
../BSP/board_service/board_service.c:123:9:board_service_can_debug_instance	8	static
../BSP/board_service/board_service.c:128:9:board_service_can_tx_mailboxes_are_full	16	static
../BSP/board_service/board_service.c:133:9:board_service_can_uses_debug	16	static
../BSP/board_service/board_service.c:138:10:board_service_can_take_error	16	static
../BSP/board_service/board_service.c:143:6:board_service_status_led_init	8	static
../BSP/board_service/board_service.c:150:6:board_service_status_led_on	16	static
../BSP/board_service/board_service.c:160:6:board_service_status_led_off	16	static
../BSP/board_service/board_service.c:170:6:board_service_status_led_toggle	16	static
../BSP/board_service/board_service.c:179:6:board_service_status_led_toggle_default	8	static
../BSP/board_service/board_service.c:184:9:board_service_slave_link_is_active	8	static
../BSP/board_service/board_service.c:194:9:board_service_slave_link_write	32	static
../BSP/board_service/board_service.c:210:9:board_service_slave_link_poll_rx	16	static
../BSP/board_service/board_service.c:235:9:board_service_slave_link_start_rx	8	static
../BSP/board_service/board_service.c:257:9:board_service_slave_link_uses_uart	16	static
../BSP/board_service/board_service.c:265:9:board_service_slave_link_uses_spi	16	static
../BSP/board_service/board_service.c:274:9:board_service_slave_link_uses_i2c	16	static
../BSP/board_service/board_service.c:283:16:board_service_transport_is_enabled	16	static
../BSP/board_service/board_service.c:302:16:board_service_transport_is_slave	16	static
../BSP/board_service/board_service.c:346:16:board_service_transport_write	24	static
../BSP/board_service/board_service.c:399:16:board_service_transport_is_selected_slave_link	16	static
../BSP/board_service/board_service.c:407:16:board_service_status_led_id_is_valid	16	static
../BSP/board_service/board_service.c:412:22:board_service_status_led_on_state	4	static
../BSP/board_service/board_service.c:419:22:board_service_status_led_off_state	4	static
../BSP/board_service/board_service.c:426:24:board_service_uart_protocol	16	static
../BSP/board_service/board_service.c:441:16:board_service_find_uart_protocol	24	static
../BSP/board_service/board_service.c:457:23:board_service_can_protocol	16	static
../BSP/board_service/board_service.c:472:16:board_service_find_can_protocol	24	static
../BSP/board_service/board_service.c:488:17:board_service_can_error_from_hal	24	static
