Archive member included to satisfy reference by file (symbol)

D:/STM32CubeIDE_2.1.1/STM32CubeIDE/plugins/com.st.stm32cube.ide.mcu.externaltools.gnu-tools-for-stm32.14.3.rel1.win32_1.0.100.202602081740/tools/bin/../lib/gcc/arm-none-eabi/14.3.1/../../../../arm-none-eabi/lib/thumb/v7-m/nofp\libc_nano.a(libc_a-exit.o)
                              D:/STM32CubeIDE_2.1.1/STM32CubeIDE/plugins/com.st.stm32cube.ide.mcu.externaltools.gnu-tools-for-stm32.14.3.rel1.win32_1.0.100.202602081740/tools/bin/../lib/gcc/arm-none-eabi/14.3.1/../../../../arm-none-eabi/lib/thumb/v7-m/nofp/crt0.o (exit)
D:/STM32CubeIDE_2.1.1/STM32CubeIDE/plugins/com.st.stm32cube.ide.mcu.externaltools.gnu-tools-for-stm32.14.3.rel1.win32_1.0.100.202602081740/tools/bin/../lib/gcc/arm-none-eabi/14.3.1/../../../../arm-none-eabi/lib/thumb/v7-m/nofp\libc_nano.a(libc_a-findfp.o)
                              D:/STM32CubeIDE_2.1.1/STM32CubeIDE/plugins/com.st.stm32cube.ide.mcu.externaltools.gnu-tools-for-stm32.14.3.rel1.win32_1.0.100.202602081740/tools/bin/../lib/gcc/arm-none-eabi/14.3.1/../../../../arm-none-eabi/lib/thumb/v7-m/nofp\libc_nano.a(libc_a-exit.o) (__stdio_exit_handler)
D:/STM32CubeIDE_2.1.1/STM32CubeIDE/plugins/com.st.stm32cube.ide.mcu.externaltools.gnu-tools-for-stm32.14.3.rel1.win32_1.0.100.202602081740/tools/bin/../lib/gcc/arm-none-eabi/14.3.1/../../../../arm-none-eabi/lib/thumb/v7-m/nofp\libc_nano.a(libc_a-fwalk.o)
                              D:/STM32CubeIDE_2.1.1/STM32CubeIDE/plugins/com.st.stm32cube.ide.mcu.externaltools.gnu-tools-for-stm32.14.3.rel1.win32_1.0.100.202602081740/tools/bin/../lib/gcc/arm-none-eabi/14.3.1/../../../../arm-none-eabi/lib/thumb/v7-m/nofp\libc_nano.a(libc_a-findfp.o) (_fwalk_sglue)
D:/STM32CubeIDE_2.1.1/STM32CubeIDE/plugins/com.st.stm32cube.ide.mcu.externaltools.gnu-tools-for-stm32.14.3.rel1.win32_1.0.100.202602081740/tools/bin/../lib/gcc/arm-none-eabi/14.3.1/../../../../arm-none-eabi/lib/thumb/v7-m/nofp\libc_nano.a(libc_a-stdio.o)
                              D:/STM32CubeIDE_2.1.1/STM32CubeIDE/plugins/com.st.stm32cube.ide.mcu.externaltools.gnu-tools-for-stm32.14.3.rel1.win32_1.0.100.202602081740/tools/bin/../lib/gcc/arm-none-eabi/14.3.1/../../../../arm-none-eabi/lib/thumb/v7-m/nofp\libc_nano.a(libc_a-findfp.o) (__sread)
D:/STM32CubeIDE_2.1.1/STM32CubeIDE/plugins/com.st.stm32cube.ide.mcu.externaltools.gnu-tools-for-stm32.14.3.rel1.win32_1.0.100.202602081740/tools/bin/../lib/gcc/arm-none-eabi/14.3.1/../../../../arm-none-eabi/lib/thumb/v7-m/nofp\libc_nano.a(libc_a-memset.o)
                              D:/STM32CubeIDE_2.1.1/STM32CubeIDE/plugins/com.st.stm32cube.ide.mcu.externaltools.gnu-tools-for-stm32.14.3.rel1.win32_1.0.100.202602081740/tools/bin/../lib/gcc/arm-none-eabi/14.3.1/../../../../arm-none-eabi/lib/thumb/v7-m/nofp/crt0.o (memset)
D:/STM32CubeIDE_2.1.1/STM32CubeIDE/plugins/com.st.stm32cube.ide.mcu.externaltools.gnu-tools-for-stm32.14.3.rel1.win32_1.0.100.202602081740/tools/bin/../lib/gcc/arm-none-eabi/14.3.1/../../../../arm-none-eabi/lib/thumb/v7-m/nofp\libc_nano.a(libc_a-strncpy.o)
                              ./Application/app_debug/app_debug.o (strncpy)
D:/STM32CubeIDE_2.1.1/STM32CubeIDE/plugins/com.st.stm32cube.ide.mcu.externaltools.gnu-tools-for-stm32.14.3.rel1.win32_1.0.100.202602081740/tools/bin/../lib/gcc/arm-none-eabi/14.3.1/../../../../arm-none-eabi/lib/thumb/v7-m/nofp\libc_nano.a(libc_a-strtok.o)
                              ./Application/app_debug/app_debug.o (strtok)
D:/STM32CubeIDE_2.1.1/STM32CubeIDE/plugins/com.st.stm32cube.ide.mcu.externaltools.gnu-tools-for-stm32.14.3.rel1.win32_1.0.100.202602081740/tools/bin/../lib/gcc/arm-none-eabi/14.3.1/../../../../arm-none-eabi/lib/thumb/v7-m/nofp\libc_nano.a(libc_a-strtok_r.o)
                              D:/STM32CubeIDE_2.1.1/STM32CubeIDE/plugins/com.st.stm32cube.ide.mcu.externaltools.gnu-tools-for-stm32.14.3.rel1.win32_1.0.100.202602081740/tools/bin/../lib/gcc/arm-none-eabi/14.3.1/../../../../arm-none-eabi/lib/thumb/v7-m/nofp\libc_nano.a(libc_a-strtok.o) (__strtok_r)
D:/STM32CubeIDE_2.1.1/STM32CubeIDE/plugins/com.st.stm32cube.ide.mcu.externaltools.gnu-tools-for-stm32.14.3.rel1.win32_1.0.100.202602081740/tools/bin/../lib/gcc/arm-none-eabi/14.3.1/../../../../arm-none-eabi/lib/thumb/v7-m/nofp\libc_nano.a(libc_a-closer.o)
                              D:/STM32CubeIDE_2.1.1/STM32CubeIDE/plugins/com.st.stm32cube.ide.mcu.externaltools.gnu-tools-for-stm32.14.3.rel1.win32_1.0.100.202602081740/tools/bin/../lib/gcc/arm-none-eabi/14.3.1/../../../../arm-none-eabi/lib/thumb/v7-m/nofp\libc_nano.a(libc_a-stdio.o) (_close_r)
D:/STM32CubeIDE_2.1.1/STM32CubeIDE/plugins/com.st.stm32cube.ide.mcu.externaltools.gnu-tools-for-stm32.14.3.rel1.win32_1.0.100.202602081740/tools/bin/../lib/gcc/arm-none-eabi/14.3.1/../../../../arm-none-eabi/lib/thumb/v7-m/nofp\libc_nano.a(libc_a-reent.o)
[...]
Memory Configuration

Name             Origin             Length             Attributes
RAM              0x20000000         0x00005000         xrw
FLASH            0x08000000         0x00010000         xr
*default*        0x00000000         0xffffffff

Linker script and memory map

LOAD D:/STM32CubeIDE_2.1.1/STM32CubeIDE/plugins/com.st.stm32cube.ide.mcu.externaltools.gnu-tools-for-stm32.14.3.rel1.win32_1.0.100.202602081740/tools/bin/../lib/gcc/arm-none-eabi/14.3.1/thumb/v7-m/nofp/crti.o
LOAD D:/STM32CubeIDE_2.1.1/STM32CubeIDE/plugins/com.st.stm32cube.ide.mcu.externaltools.gnu-tools-for-stm32.14.3.rel1.win32_1.0.100.202602081740/tools/bin/../lib/gcc/arm-none-eabi/14.3.1/thumb/v7-m/nofp/crtbegin.o
LOAD D:/STM32CubeIDE_2.1.1/STM32CubeIDE/plugins/com.st.stm32cube.ide.mcu.externaltools.gnu-tools-for-stm32.14.3.rel1.win32_1.0.100.202602081740/tools/bin/../lib/gcc/arm-none-eabi/14.3.1/../../../../arm-none-eabi/lib/thumb/v7-m/nofp/crt0.o
LOAD ./Application/app_board_slave/app_board_slave.o
LOAD ./Application/app_debug/app_debug.o
LOAD ./Application/app_led/app_led.o
LOAD ./Application/app_main/app_main.o
LOAD ./Application/app_task/app_task.o
LOAD ./Application/param/param.o
LOAD ./Application/protocol/protocol.o
LOAD ./BSP/board_config/board_config.o
LOAD ./BSP/debug_port/debug_port.o
LOAD ./BSP/gpio_port/gpio_port.o
LOAD ./BSP/hal_callbacks/hal_callbacks.o
LOAD ./BSP/i2c_port/i2c_port.o
LOAD ./BSP/spi_port/spi_port.o
LOAD ./BSP/uart_port/uart_port.o
LOAD ./Core/Src/main.o
LOAD ./Core/Src/stm32f1xx_hal_msp.o
LOAD ./Core/Src/stm32f1xx_it.o
LOAD ./Core/Src/syscalls.o
LOAD ./Core/Src/sysmem.o
LOAD ./Core/Src/system_stm32f1xx.o
LOAD ./Core/Startup/startup_stm32f103c8tx.o
LOAD ./Drivers/STM32F1xx_HAL_Driver/Src/stm32f1xx_hal.o
LOAD ./Drivers/STM32F1xx_HAL_Driver/Src/stm32f1xx_hal_cortex.o
LOAD ./Drivers/STM32F1xx_HAL_Driver/Src/stm32f1xx_hal_dma.o
LOAD ./Drivers/STM32F1xx_HAL_Driver/Src/stm32f1xx_hal_exti.o
LOAD ./Drivers/STM32F1xx_HAL_Driver/Src/stm32f1xx_hal_flash.o
LOAD ./Drivers/STM32F1xx_HAL_Driver/Src/stm32f1xx_hal_flash_ex.o
LOAD ./Drivers/STM32F1xx_HAL_Driver/Src/stm32f1xx_hal_gpio.o
LOAD ./Drivers/STM32F1xx_HAL_Driver/Src/stm32f1xx_hal_gpio_ex.o
LOAD ./Drivers/STM32F1xx_HAL_Driver/Src/stm32f1xx_hal_i2c.o
LOAD ./Drivers/STM32F1xx_HAL_Driver/Src/stm32f1xx_hal_pwr.o
LOAD ./Drivers/STM32F1xx_HAL_Driver/Src/stm32f1xx_hal_rcc.o
LOAD ./Drivers/STM32F1xx_HAL_Driver/Src/stm32f1xx_hal_rcc_ex.o
LOAD ./Drivers/STM32F1xx_HAL_Driver/Src/stm32f1xx_hal_spi.o
LOAD ./Drivers/STM32F1xx_HAL_Driver/Src/stm32f1xx_hal_uart.o
LOAD ./Middleware/FreeRTOS-Kernel/croutine.o
LOAD ./Middleware/FreeRTOS-Kernel/event_groups.o
LOAD ./Middleware/FreeRTOS-Kernel/list.o
LOAD ./Middleware/FreeRTOS-Kernel/queue.o
LOAD ./Middleware/FreeRTOS-Kernel/stream_buffer.o
LOAD ./Middleware/FreeRTOS-Kernel/tasks.o
LOAD ./Middleware/FreeRTOS-Kernel/timers.o
LOAD ./Middleware/FreeRTOS-Kernel/portable/GCC/ARM_CM3/port.o
LOAD ./Middleware/FreeRTOS-Kernel/portable/MemMang/heap_4.o
START GROUP
LOAD D:/STM32CubeIDE_2.1.1/STM32CubeIDE/plugins/com.st.stm32cube.ide.mcu.externaltools.gnu-tools-for-stm32.14.3.rel1.win32_1.0.100.202602081740/tools/bin/../lib/gcc/arm-none-eabi/14.3.1/../../../../arm-none-eabi/lib/thumb/v7-m/nofp\libc_nano.a
LOAD D:/STM32CubeIDE_2.1.1/STM32CubeIDE/plugins/com.st.stm32cube.ide.mcu.externaltools.gnu-tools-for-stm32.14.3.rel1.win32_1.0.100.202602081740/tools/bin/../lib/gcc/arm-none-eabi/14.3.1/../../../../arm-none-eabi/lib/thumb/v7-m/nofp\libm.a
END GROUP
START GROUP
LOAD D:/STM32CubeIDE_2.1.1/STM32CubeIDE/plugins/com.st.stm32cube.ide.mcu.externaltools.gnu-tools-for-stm32.14.3.rel1.win32_1.0.100.202602081740/tools/bin/../lib/gcc/arm-none-eabi/14.3.1/thumb/v7-m/nofp\libgcc.a
LOAD D:/STM32CubeIDE_2.1.1/STM32CubeIDE/plugins/com.st.stm32cube.ide.mcu.externaltools.gnu-tools-for-stm32.14.3.rel1.win32_1.0.100.202602081740/tools/bin/../lib/gcc/arm-none-eabi/14.3.1/../../../../arm-none-eabi/lib/thumb/v7-m/nofp\libc_nano.a
END GROUP
START GROUP
LOAD D:/STM32CubeIDE_2.1.1/STM32CubeIDE/plugins/com.st.stm32cube.ide.mcu.externaltools.gnu-tools-for-stm32.14.3.rel1.win32_1.0.100.202602081740/tools/bin/../lib/gcc/arm-none-eabi/14.3.1/thumb/v7-m/nofp\libgcc.a
LOAD D:/STM32CubeIDE_2.1.1/STM32CubeIDE/plugins/com.st.stm32cube.ide.mcu.externaltools.gnu-tools-for-stm32.14.3.rel1.win32_1.0.100.202602081740/tools/bin/../lib/gcc/arm-none-eabi/14.3.1/../../../../arm-none-eabi/lib/thumb/v7-m/nofp\libc_nano.a
LOAD D:/STM32CubeIDE_2.1.1/STM32CubeIDE/plugins/com.st.stm32cube.ide.mcu.externaltools.gnu-tools-for-stm32.14.3.rel1.win32_1.0.100.202602081740/tools/bin/../lib/gcc/arm-none-eabi/14.3.1/../../../../arm-none-eabi/lib/thumb/v7-m/nofp\libnosys.a
END GROUP
START GROUP
LOAD D:/STM32CubeIDE_2.1.1/STM32CubeIDE/plugins/com.st.stm32cube.ide.mcu.externaltools.gnu-tools-for-stm32.14.3.rel1.win32_1.0.100.202602081740/tools/bin/../lib/gcc/arm-none-eabi/14.3.1/thumb/v7-m/nofp\libgcc.a
LOAD D:/STM32CubeIDE_2.1.1/STM32CubeIDE/plugins/com.st.stm32cube.ide.mcu.externaltools.gnu-tools-for-stm32.14.3.rel1.win32_1.0.100.202602081740/tools/bin/../lib/gcc/arm-none-eabi/14.3.1/../../../../arm-none-eabi/lib/thumb/v7-m/nofp\libc_nano.a
LOAD D:/STM32CubeIDE_2.1.1/STM32CubeIDE/plugins/com.st.stm32cube.ide.mcu.externaltools.gnu-tools-for-stm32.14.3.rel1.win32_1.0.100.202602081740/tools/bin/../lib/gcc/arm-none-eabi/14.3.1/../../../../arm-none-eabi/lib/thumb/v7-m/nofp\libnosys.a
END GROUP
LOAD D:/STM32CubeIDE_2.1.1/STM32CubeIDE/plugins/com.st.stm32cube.ide.mcu.externaltools.gnu-tools-for-stm32.14.3.rel1.win32_1.0.100.202602081740/tools/bin/../lib/gcc/arm-none-eabi/14.3.1/thumb/v7-m/nofp/crtend.o
LOAD D:/STM32CubeIDE_2.1.1/STM32CubeIDE/plugins/com.st.stm32cube.ide.mcu.externaltools.gnu-tools-for-stm32.14.3.rel1.win32_1.0.100.202602081740/tools/bin/../lib/gcc/arm-none-eabi/14.3.1/thumb/v7-m/nofp/crtn.o
                0x20005000                        _estack = (ORIGIN (RAM) + LENGTH (RAM))
                0x00000200                        _Min_Heap_Size = 0x200
                0x00000400                        _Min_Stack_Size = 0x400

.isr_vector     0x08000000      0x10c
                0x08000000                        . = ALIGN (0x4)
 *(.isr_vector)
 .isr_vector    0x08000000      0x10c ./Core/Startup/startup_stm32f103c8tx.o
                0x08000000                g_pfnVectors
                0x0800010c                        . = ALIGN (0x4)

.text           0x08000110     0xb82c
                0x08000110                        . = ALIGN (0x4)
 *(.text)
 .text          0x08000110       0x40 D:/STM32CubeIDE_2.1.1/STM32CubeIDE/plugins/com.st.stm32cube.ide.mcu.externaltools.gnu-tools-for-stm32.14.3.rel1.win32_1.0.100.202602081740/tools/bin/../lib/gcc/arm-none-eabi/14.3.1/thumb/v7-m/nofp/crtbegin.o
 .text          0x08000150       0x14 D:/STM32CubeIDE_2.1.1/STM32CubeIDE/plugins/com.st.stm32cube.ide.mcu.externaltools.gnu-tools-for-stm32.14.3.rel1.win32_1.0.100.202602081740/tools/bin/../lib/gcc/arm-none-eabi/14.3.1/../../../../arm-none-eabi/lib/thumb/v7-m/nofp\libc_nano.a(libc_a-strcmp.o)
                0x08000150                strcmp
 .text          0x08000164       0x10 D:/STM32CubeIDE_2.1.1/STM32CubeIDE/plugins/com.st.stm32cube.ide.mcu.externaltools.gnu-tools-for-stm32.14.3.rel1.win32_1.0.100.202602081740/tools/bin/../lib/gcc/arm-none-eabi/14.3.1/../../../../arm-none-eabi/lib/thumb/v7-m/nofp\libc_nano.a(libc_a-strlen.o)
                0x08000164                strlen
 .text          0x08000174       0x30 D:/STM32CubeIDE_2.1.1/STM32CubeIDE/plugins/com.st.stm32cube.ide.mcu.externaltools.gnu-tools-for-stm32.14.3.rel1.win32_1.0.100.202602081740/tools/bin/../lib/gcc/arm-none-eabi/14.3.1/thumb/v7-m/nofp\libgcc.a(_aeabi_uldivmod.o)
                0x08000174                __aeabi_uldivmod
 .text          0x080001a4      0x2f4 D:/STM32CubeIDE_2.1.1/STM32CubeIDE/plugins/com.st.stm32cube.ide.mcu.externaltools.gnu-tools-for-stm32.14.3.rel1.win32_1.0.100.202602081740/tools/bin/../lib/gcc/arm-none-eabi/14.3.1/thumb/v7-m/nofp\libgcc.a(_udivmoddi4.o)
                0x080001a4                __udivmoddi4
 .text          0x08000498        0x4 D:/STM32CubeIDE_2.1.1/STM32CubeIDE/plugins/com.st.stm32cube.ide.mcu.externaltools.gnu-tools-for-stm32.14.3.rel1.win32_1.0.100.202602081740/tools/bin/../lib/gcc/arm-none-eabi/14.3.1/thumb/v7-m/nofp\libgcc.a(_dvmd_tls.o)
                0x08000498                __aeabi_idiv0
                0x08000498                __aeabi_ldiv0
 *(.text*)
 .text.app_board_slave_init
                0x0800049c       0x5c ./Application/app_board_slave/app_board_slave.o
                0x0800049c                app_board_slave_init
 .text.app_board_slave_rx_byte_from_isr
                0x080004f8       0x64 ./Application/app_board_slave/app_board_slave.o
                0x080004f8                app_board_slave_rx_byte_from_isr
 .text.app_board_slave_handle_message
                0x0800055c       0x60 ./Application/app_board_slave/app_board_slave.o
                0x0800055c                app_board_slave_handle_message
 .text.app_board_slave_task_entry
                0x080005bc       0x7c ./Application/app_board_slave/app_board_slave.o
                0x080005bc                app_board_slave_task_entry
 .text.app_board_slave_uart1_is_slave_link
                0x08000638       0x28 ./Application/app_board_slave/app_board_slave.o
 .text.app_board_slave_send_led_control
                0x08000660       0x68 ./Application/app_board_slave/app_board_slave.o
 .text.app_board_slave_encode_led_payload
                0x080006c8       0x7a ./Application/app_board_slave/app_board_slave.o
 .text.app_board_slave_decode_frame
                0x08000742       0x2a ./Application/app_board_slave/app_board_slave.o
 .text.app_board_slave_decode_led_control
                0x0800076c       0x96 ./Application/app_board_slave/app_board_slave.o
 *fill*         0x08000802        0x2 
 .text.app_debug_init
                0x08000804       0x60 ./Application/app_debug/app_debug.o
                0x08000804                app_debug_init
 .text.app_debug_print
                0x08000864       0x4a ./Application/app_debug/app_debug.o
                0x08000864                app_debug_print
 *fill*         0x080008ae        0x2 
 .text.app_debug_rx_byte_from_isr
                0x080008b0       0x54 ./Application/app_debug/app_debug.o
                0x080008b0                app_debug_rx_byte_from_isr
 .text.app_debug_handle_message
                0x08000904       0x78 ./Application/app_debug/app_debug.o
                0x08000904                app_debug_handle_message
 .text.app_debug_task_entry
                0x0800097c       0x20 ./Application/app_debug/app_debug.o
                0x0800097c                app_debug_task_entry
 .text.app_debug_process_rx
                0x0800099c       0xd4 ./Application/app_debug/app_debug.o
 .text.app_debug_execute_command
                0x08000a70       0xa4 ./Application/app_debug/app_debug.o
 .text.app_debug_handle_led_command
                0x08000b14      0x170 ./Application/app_debug/app_debug.o
 .text.app_debug_handle_param_command
                0x08000c84       0xf0 ./Application/app_debug/app_debug.o
 .text.app_debug_parse_led_action
                0x08000d74       0x78 ./Application/app_debug/app_debug.o
 .text.app_debug_parse_led_blink
                0x08000dec       0x72 ./Application/app_debug/app_debug.o
 .text.app_debug_parse_led_blink_hz
                0x08000e5e       0x50 ./Application/app_debug/app_debug.o
 .text.app_debug_parse_i32
                0x08000eae       0x84 ./Application/app_debug/app_debug.o
 .text.app_debug_parse_u16
                0x08000f32       0x3c ./Application/app_debug/app_debug.o
 .text.app_debug_parse_u32_limit
                0x08000f6e       0xe2 ./Application/app_debug/app_debug.o
 .text.app_debug_ascii_to_nibble
                0x08001050       0x66 ./Application/app_debug/app_debug.o
 .text.app_debug_streq
                0x080010b6       0x26 ./Application/app_debug/app_debug.o
 .text.app_debug_post_local_led_control
                0x080010dc       0x3e ./Application/app_debug/app_debug.o
 .text.app_debug_post_board_slave_led_control
                0x0800111a       0x3e ./Application/app_debug/app_debug.o
 .text.app_debug_print_param_table
                0x08001158       0x58 ./Application/app_debug/app_debug.o
 .text.app_debug_write_i32
                0x080011b0       0x34 ./Application/app_debug/app_debug.o
 .text.app_debug_write_u32
                0x080011e4       0x7c ./Application/app_debug/app_debug.o
 .text.app_led_init
                0x08001260       0x6c ./Application/app_led/app_led.o
                0x08001260                app_led_init
 .text.app_led_on
                0x080012cc       0x1a ./Application/app_led/app_led.o
                0x080012cc                app_led_on
 .text.app_led_off
                0x080012e6       0x1a ./Application/app_led/app_led.o
                0x080012e6                app_led_off
 .text.app_led_toggle
                0x08001300       0x1a ./Application/app_led/app_led.o
                0x08001300                app_led_toggle
 .text.app_led_handle_message
                0x0800131a       0x5c ./Application/app_led/app_led.o
                0x0800131a                app_led_handle_message
 .text.app_led_task_entry
                0x08001376       0x3e ./Application/app_led/app_led.o
                0x08001376                app_led_task_entry
 .text.hz_to_toggle_period_ms
                0x080013b4       0x4a ./Application/app_led/app_led.o
 *fill*         0x080013fe        0x2 
 .text.app_led_apply_control
                0x08001400      0x174 ./Application/app_led/app_led.o
 .text.app_led_handle_tick
                0x08001574       0xa8 ./Application/app_led/app_led.o
 .text.app_main_init
                0x0800161c       0x1c ./Application/app_main/app_main.o
                0x0800161c                app_main_init
 .text.app_main_start
                0x08001638       0x26 ./Application/app_main/app_main.o
                0x08001638                app_main_start
 *fill*         0x0800165e        0x2 
 .text.app_task_init
                0x08001660       0x64 ./Application/app_task/app_task.o
                0x08001660                app_task_init
 .text.app_task_start
                0x080016c4      0x160 ./Application/app_task/app_task.o
                0x080016c4                app_task_start
 .text.app_task_post
                0x08001824       0x88 ./Application/app_task/app_task.o
                0x08001824                app_task_post
 .text.app_main_task
                0x080018ac      0x1d8 ./Application/app_task/app_task.o
 .text.app_task_ticks_to_ms
                0x08001a84       0x88 ./Application/app_task/app_task.o
 .text.param_init
                0x08001b0c       0x4c ./Application/param/param.o
                0x08001b0c                param_init
 .text.param_find
                0x08001b58       0x64 ./Application/param/param.o
                0x08001b58                param_find
 .text.param_name
                0x08001bbc       0x38 ./Application/param/param.o
                0x08001bbc                param_name
 .text.param_get
                0x08001bf4       0x34 ./Application/param/param.o
                0x08001bf4                param_get
 .text.param_set
                0x08001c28       0x70 ./Application/param/param.o
                0x08001c28                param_set
 .text.param_set_by_name
                0x08001c98       0x34 ./Application/param/param.o
                0x08001c98                param_set_by_name
 .text.protocol_parser_init
                0x08001ccc       0x28 ./Application/protocol/protocol.o
                0x08001ccc                protocol_parser_init
 .text.protocol_parse_byte
                0x08001cf4      0x104 ./Application/protocol/protocol.o
                0x08001cf4                protocol_parse_byte
 .text.protocol_encode_frame
                0x08001df8       0x6c ./Application/protocol/protocol.o
                0x08001df8                protocol_encode_frame
 .text.apply_uart
                0x08001e64       0x58 ./BSP/board_config/board_config.o
 .text.apply_spi
                0x08001ebc       0x34 ./BSP/board_config/board_config.o
 .text.apply_i2c
                0x08001ef0       0x34 ./BSP/board_config/board_config.o
 .text.board_config_apply
                0x08001f24      0x134 ./BSP/board_config/board_config.o
                0x08001f24                board_config_apply
 .text.bsp_debug_init
                0x08002058        0xc ./BSP/debug_port/debug_port.o
                0x08002058                bsp_debug_init
 .text.bsp_debug_write
                0x08002064       0x20 ./BSP/debug_port/debug_port.o
                0x08002064                bsp_debug_write
 .text.console_port_write
                0x08002084       0x3c ./BSP/debug_port/debug_port.o
                0x08002084                console_port_write
 .text.bsp_led_init
                0x080020c0        0xc ./BSP/gpio_port/gpio_port.o
                0x080020c0                bsp_led_init
 .text.bsp_led_on
                0x080020cc       0x24 ./BSP/gpio_port/gpio_port.o
                0x080020cc                bsp_led_on
 .text.bsp_led_off
                0x080020f0       0x24 ./BSP/gpio_port/gpio_port.o
                0x080020f0                bsp_led_off
 .text.bsp_led_toggle
                0x08002114       0x24 ./BSP/gpio_port/gpio_port.o
                0x08002114                bsp_led_toggle
 .text.gpio_port_init
                0x08002138        0xc ./BSP/gpio_port/gpio_port.o
                0x08002138                gpio_port_init
 .text.gpio_port_on
                0x08002144       0x18 ./BSP/gpio_port/gpio_port.o
                0x08002144                gpio_port_on
 .text.gpio_port_off
                0x0800215c       0x18 ./BSP/gpio_port/gpio_port.o
                0x0800215c                gpio_port_off
 .text.gpio_port_toggle
                0x08002174       0x18 ./BSP/gpio_port/gpio_port.o
                0x08002174                gpio_port_toggle
 .text.gpio_port_led_id_is_valid
                0x0800218c       0x20 ./BSP/gpio_port/gpio_port.o
 .text.hal_callbacks_init
                0x080021ac       0x2c ./BSP/hal_callbacks/hal_callbacks.o
                0x080021ac                hal_callbacks_init
 .text.HAL_UART_RxCpltCallback
                0x080021d8       0x70 ./BSP/hal_callbacks/hal_callbacks.o
                0x080021d8                HAL_UART_RxCpltCallback
 .text.HAL_UART_ErrorCallback
                0x08002248       0x5c ./BSP/hal_callbacks/hal_callbacks.o
                0x08002248                HAL_UART_ErrorCallback
 .text.i2c_port_get_handle
                0x080022a4       0x34 ./BSP/i2c_port/i2c_port.o
 .text.i2c_port_init
                0x080022d8       0x34 ./BSP/i2c_port/i2c_port.o
                0x080022d8                i2c_port_init
 .text.i2c_port_deinit
                0x0800230c       0x34 ./BSP/i2c_port/i2c_port.o
                0x0800230c                i2c_port_deinit
 .text.spi_port_get_handle
                0x08002340       0x34 ./BSP/spi_port/spi_port.o
 .text.spi_port_init
                0x08002374       0x34 ./BSP/spi_port/spi_port.o
                0x08002374                spi_port_init
 .text.spi_port_deinit
                0x080023a8       0x34 ./BSP/spi_port/spi_port.o
                0x080023a8                spi_port_deinit
 .text.uart_port_get_handle
                0x080023dc       0x34 ./BSP/uart_port/uart_port.o
 .text.uart_port_is_enabled
                0x08002410       0x38 ./BSP/uart_port/uart_port.o
                0x08002410                uart_port_is_enabled
 .text.uart_port_write
                0x08002448       0x62 ./BSP/uart_port/uart_port.o
                0x08002448                uart_port_write
 .text.uart_port_init
                0x080024aa       0x34 ./BSP/uart_port/uart_port.o
                0x080024aa                uart_port_init
 .text.uart_port_deinit
                0x080024de       0x34 ./BSP/uart_port/uart_port.o
                0x080024de                uart_port_deinit
 .text.main     0x08002512       0x38 ./Core/Src/main.o
                0x08002512                main
 .text.SystemClock_Config
                0x0800254a       0x80 ./Core/Src/main.o
                0x0800254a                SystemClock_Config
 *fill*         0x080025ca        0x2 
 .text.MX_I2C1_Init
                0x080025cc       0x5c ./Core/Src/main.o
 .text.MX_I2C2_Init
                0x08002628       0x5c ./Core/Src/main.o
 .text.MX_SPI1_Init
                0x08002684       0x6c ./Core/Src/main.o
 .text.MX_SPI2_Init
                0x080026f0       0x6c ./Core/Src/main.o
 .text.MX_USART1_UART_Init
                0x0800275c       0x54 ./Core/Src/main.o
 .text.MX_USART2_UART_Init
                0x080027b0       0x54 ./Core/Src/main.o
 .text.MX_GPIO_Init
                0x08002804       0x98 ./Core/Src/main.o
 .text.vApplicationStackOverflowHook
                0x0800289c       0x38 ./Core/Src/main.o
                0x0800289c                vApplicationStackOverflowHook
 .text.Error_Handler
                0x080028d4        0xc ./Core/Src/main.o
                0x080028d4                Error_Handler
 .text.HAL_MspInit
                0x080028e0       0x64 ./Core/Src/stm32f1xx_hal_msp.o
                0x080028e0                HAL_MspInit
 .text.HAL_I2C_MspInit
                0x08002944      0x118 ./Core/Src/stm32f1xx_hal_msp.o
                0x08002944                HAL_I2C_MspInit
 .text.HAL_I2C_MspDeInit
                0x08002a5c       0x8c ./Core/Src/stm32f1xx_hal_msp.o
                0x08002a5c                HAL_I2C_MspDeInit
 .text.HAL_SPI_MspInit
                0x08002ae8      0x12c ./Core/Src/stm32f1xx_hal_msp.o
                0x08002ae8                HAL_SPI_MspInit
 .text.HAL_SPI_MspDeInit
                0x08002c14       0x70 ./Core/Src/stm32f1xx_hal_msp.o
                0x08002c14                HAL_SPI_MspDeInit
 .text.HAL_UART_MspInit
                0x08002c84      0x128 ./Core/Src/stm32f1xx_hal_msp.o
                0x08002c84                HAL_UART_MspInit
 .text.HAL_UART_MspDeInit
                0x08002dac       0x6c ./Core/Src/stm32f1xx_hal_msp.o
                0x08002dac                HAL_UART_MspDeInit
 .text.NMI_Handler
                0x08002e18        0x8 ./Core/Src/stm32f1xx_it.o
                0x08002e18                NMI_Handler
 .text.HardFault_Handler
                0x08002e20        0x8 ./Core/Src/stm32f1xx_it.o
                0x08002e20                HardFault_Handler
 .text.MemManage_Handler
                0x08002e28        0x8 ./Core/Src/stm32f1xx_it.o
                0x08002e28                MemManage_Handler
 .text.BusFault_Handler
                0x08002e30        0x8 ./Core/Src/stm32f1xx_it.o
                0x08002e30                BusFault_Handler
 .text.UsageFault_Handler
                0x08002e38        0x8 ./Core/Src/stm32f1xx_it.o
                0x08002e38                UsageFault_Handler
 .text.DebugMon_Handler
                0x08002e40        0xc ./Core/Src/stm32f1xx_it.o
                0x08002e40                DebugMon_Handler
 .text.SysTick_Handler
                0x08002e4c       0x1a ./Core/Src/stm32f1xx_it.o
                0x08002e4c                SysTick_Handler
 *fill*         0x08002e66        0x2 
 .text.I2C1_EV_IRQHandler
                0x08002e68       0x14 ./Core/Src/stm32f1xx_it.o
                0x08002e68                I2C1_EV_IRQHandler
 .text.I2C1_ER_IRQHandler
                0x08002e7c       0x14 ./Core/Src/stm32f1xx_it.o
                0x08002e7c                I2C1_ER_IRQHandler
 .text.I2C2_EV_IRQHandler
                0x08002e90       0x14 ./Core/Src/stm32f1xx_it.o
                0x08002e90                I2C2_EV_IRQHandler
 .text.I2C2_ER_IRQHandler
                0x08002ea4       0x14 ./Core/Src/stm32f1xx_it.o
                0x08002ea4                I2C2_ER_IRQHandler
 .text.SPI1_IRQHandler
                0x08002eb8       0x14 ./Core/Src/stm32f1xx_it.o
                0x08002eb8                SPI1_IRQHandler
 .text.SPI2_IRQHandler
                0x08002ecc       0x14 ./Core/Src/stm32f1xx_it.o
                0x08002ecc                SPI2_IRQHandler
 .text.USART1_IRQHandler
                0x08002ee0       0x14 ./Core/Src/stm32f1xx_it.o
                0x08002ee0                USART1_IRQHandler
 .text.USART2_IRQHandler
                0x08002ef4       0x14 ./Core/Src/stm32f1xx_it.o
                0x08002ef4                USART2_IRQHandler
 .text._getpid  0x08002f08        0xe ./Core/Src/syscalls.o
                0x08002f08                _getpid
 .text._kill    0x08002f16       0x20 ./Core/Src/syscalls.o
                0x08002f16                _kill
 .text._exit    0x08002f36       0x16 ./Core/Src/syscalls.o
                0x08002f36                _exit
 .text._read    0x08002f4c       0x3a ./Core/Src/syscalls.o
                0x08002f4c                _read
 .text._write   0x08002f86       0x38 ./Core/Src/syscalls.o
                0x08002f86                _write
 .text._close   0x08002fbe       0x16 ./Core/Src/syscalls.o
                0x08002fbe                _close
 .text._fstat   0x08002fd4       0x1e ./Core/Src/syscalls.o
                0x08002fd4                _fstat
 .text._isatty  0x08002ff2       0x14 ./Core/Src/syscalls.o
                0x08002ff2                _isatty
 .text._lseek   0x08003006       0x18 ./Core/Src/syscalls.o
                0x08003006                _lseek
 *fill*         0x0800301e        0x2 
 .text._sbrk    0x08003020       0x6c ./Core/Src/sysmem.o
                0x08003020                _sbrk
 .text.SystemInit
                0x0800308c        0xc ./Core/Src/system_stm32f1xx.o
                0x0800308c                SystemInit
 .text.Reset_Handler
                0x08003098       0x48 ./Core/Startup/startup_stm32f103c8tx.o
                0x08003098                Reset_Handler
 .text.Default_Handler
                0x080030e0        0x2 ./Core/Startup/startup_stm32f103c8tx.o
                0x080030e0                RTC_Alarm_IRQHandler
                0x080030e0                EXTI2_IRQHandler
                0x080030e0                TIM1_CC_IRQHandler
                0x080030e0                PVD_IRQHandler
                0x080030e0                EXTI3_IRQHandler
                0x080030e0                EXTI0_IRQHandler
                0x080030e0                ADC1_2_IRQHandler
                0x080030e0                TAMPER_IRQHandler
                0x080030e0                DMA1_Channel4_IRQHandler
                0x080030e0                USART3_IRQHandler
                0x080030e0                RTC_IRQHandler
                0x080030e0                DMA1_Channel7_IRQHandler
                0x080030e0                CAN1_RX1_IRQHandler
                0x080030e0                TIM4_IRQHandler
                0x080030e0                DMA1_Channel6_IRQHandler
                0x080030e0                TIM3_IRQHandler
                0x080030e0                RCC_IRQHandler
                0x080030e0                TIM1_TRG_COM_IRQHandler
                0x080030e0                DMA1_Channel1_IRQHandler
                0x080030e0                Default_Handler
                0x080030e0                EXTI15_10_IRQHandler
                0x080030e0                EXTI9_5_IRQHandler
                0x080030e0                DMA1_Channel5_IRQHandler
                0x080030e0                EXTI4_IRQHandler
                0x080030e0                USB_LP_CAN1_RX0_IRQHandler
                0x080030e0                USB_HP_CAN1_TX_IRQHandler
                0x080030e0                DMA1_Channel3_IRQHandler
                0x080030e0                TIM1_UP_IRQHandler
                0x080030e0                WWDG_IRQHandler
                0x080030e0                TIM2_IRQHandler
                0x080030e0                TIM1_BRK_IRQHandler
                0x080030e0                EXTI1_IRQHandler
                0x080030e0                DMA1_Channel2_IRQHandler
                0x080030e0                CAN1_SCE_IRQHandler
                0x080030e0                FLASH_IRQHandler
                0x080030e0                USBWakeUp_IRQHandler
 *fill*         0x080030e2        0x2 
 .text.HAL_Init
                0x080030e4       0x2c ./Drivers/STM32F1xx_HAL_Driver/Src/stm32f1xx_hal.o
                0x080030e4                HAL_Init
 .text.HAL_InitTick
                0x08003110       0x60 ./Drivers/STM32F1xx_HAL_Driver/Src/stm32f1xx_hal.o
                0x08003110                HAL_InitTick
 .text.HAL_IncTick
                0x08003170       0x24 ./Drivers/STM32F1xx_HAL_Driver/Src/stm32f1xx_hal.o
                0x08003170                HAL_IncTick
 .text.HAL_GetTick
                0x08003194       0x14 ./Drivers/STM32F1xx_HAL_Driver/Src/stm32f1xx_hal.o
                0x08003194                HAL_GetTick
 .text.__NVIC_SetPriorityGrouping
                0x080031a8       0x48 ./Drivers/STM32F1xx_HAL_Driver/Src/stm32f1xx_hal_cortex.o
 .text.__NVIC_GetPriorityGrouping
                0x080031f0       0x1c ./Drivers/STM32F1xx_HAL_Driver/Src/stm32f1xx_hal_cortex.o
 .text.__NVIC_EnableIRQ
                0x0800320c       0x38 ./Drivers/STM32F1xx_HAL_Driver/Src/stm32f1xx_hal_cortex.o
 .text.__NVIC_DisableIRQ
                0x08003244       0x48 ./Drivers/STM32F1xx_HAL_Driver/Src/stm32f1xx_hal_cortex.o
 .text.__NVIC_SetPriority
                0x0800328c       0x54 ./Drivers/STM32F1xx_HAL_Driver/Src/stm32f1xx_hal_cortex.o
 .text.NVIC_EncodePriority
                0x080032e0       0x64 ./Drivers/STM32F1xx_HAL_Driver/Src/stm32f1xx_hal_cortex.o
 .text.SysTick_Config
                0x08003344       0x44 ./Drivers/STM32F1xx_HAL_Driver/Src/stm32f1xx_hal_cortex.o
 .text.HAL_NVIC_SetPriorityGrouping
                0x08003388       0x16 ./Drivers/STM32F1xx_HAL_Driver/Src/stm32f1xx_hal_cortex.o
                0x08003388                HAL_NVIC_SetPriorityGrouping
 .text.HAL_NVIC_SetPriority
                0x0800339e       0x38 ./Drivers/STM32F1xx_HAL_Driver/Src/stm32f1xx_hal_cortex.o
                0x0800339e                HAL_NVIC_SetPriority
 .text.HAL_NVIC_EnableIRQ
                0x080033d6       0x1c ./Drivers/STM32F1xx_HAL_Driver/Src/stm32f1xx_hal_cortex.o
                0x080033d6                HAL_NVIC_EnableIRQ
 .text.HAL_NVIC_DisableIRQ
                0x080033f2       0x1c ./Drivers/STM32F1xx_HAL_Driver/Src/stm32f1xx_hal_cortex.o
                0x080033f2                HAL_NVIC_DisableIRQ
 .text.HAL_SYSTICK_Config
                0x0800340e       0x18 ./Drivers/STM32F1xx_HAL_Driver/Src/stm32f1xx_hal_cortex.o
                0x0800340e                HAL_SYSTICK_Config
 .text.HAL_DMA_Abort
                0x08003426       0x76 ./Drivers/STM32F1xx_HAL_Driver/Src/stm32f1xx_hal_dma.o
                0x08003426                HAL_DMA_Abort
 .text.HAL_DMA_Abort_IT
                0x0800349c       0xf0 ./Drivers/STM32F1xx_HAL_Driver/Src/stm32f1xx_hal_dma.o
                0x0800349c                HAL_DMA_Abort_IT
 .text.HAL_DMA_GetState
                0x0800358c       0x1a ./Drivers/STM32F1xx_HAL_Driver/Src/stm32f1xx_hal_dma.o
                0x0800358c                HAL_DMA_GetState
 *fill*         0x080035a6        0x2 
 .text.HAL_GPIO_Init
                0x080035a8      0x308 ./Drivers/STM32F1xx_HAL_Driver/Src/stm32f1xx_hal_gpio.o
                0x080035a8                HAL_GPIO_Init
 .text.HAL_GPIO_DeInit
                0x080038b0      0x178 ./Drivers/STM32F1xx_HAL_Driver/Src/stm32f1xx_hal_gpio.o
                0x080038b0                HAL_GPIO_DeInit
 .text.HAL_GPIO_WritePin
                0x08003a28       0x30 ./Drivers/STM32F1xx_HAL_Driver/Src/stm32f1xx_hal_gpio.o
                0x08003a28                HAL_GPIO_WritePin
 .text.HAL_GPIO_TogglePin
                0x08003a58       0x32 ./Drivers/STM32F1xx_HAL_Driver/Src/stm32f1xx_hal_gpio.o
                0x08003a58                HAL_GPIO_TogglePin
 *fill*         0x08003a8a        0x2 
 .text.HAL_I2C_Init
                0x08003a8c      0x288 ./Drivers/STM32F1xx_HAL_Driver/Src/stm32f1xx_hal_i2c.o
                0x08003a8c                HAL_I2C_Init
 .text.HAL_I2C_DeInit
                0x08003d14       0x5e ./Drivers/STM32F1xx_HAL_Driver/Src/stm32f1xx_hal_i2c.o
                0x08003d14                HAL_I2C_DeInit
 .text.I2C_Flush_DR
                0x08003d72       0x28 ./Drivers/STM32F1xx_HAL_Driver/Src/stm32f1xx_hal_i2c.o
 .text.HAL_I2C_EV_IRQHandler
                0x08003d9a      0x2e2 ./Drivers/STM32F1xx_HAL_Driver/Src/stm32f1xx_hal_i2c.o
                0x08003d9a                HAL_I2C_EV_IRQHandler
 .text.HAL_I2C_ER_IRQHandler
                0x0800407c      0x15e ./Drivers/STM32F1xx_HAL_Driver/Src/stm32f1xx_hal_i2c.o
                0x0800407c                HAL_I2C_ER_IRQHandler
 .text.HAL_I2C_MasterTxCpltCallback
                0x080041da       0x12 ./Drivers/STM32F1xx_HAL_Driver/Src/stm32f1xx_hal_i2c.o
                0x080041da                HAL_I2C_MasterTxCpltCallback
 .text.HAL_I2C_MasterRxCpltCallback
                0x080041ec       0x12 ./Drivers/STM32F1xx_HAL_Driver/Src/stm32f1xx_hal_i2c.o
                0x080041ec                HAL_I2C_MasterRxCpltCallback
 .text.HAL_I2C_SlaveTxCpltCallback
                0x080041fe       0x12 ./Drivers/STM32F1xx_HAL_Driver/Src/stm32f1xx_hal_i2c.o
                0x080041fe                HAL_I2C_SlaveTxCpltCallback
 .text.HAL_I2C_SlaveRxCpltCallback
                0x08004210       0x12 ./Drivers/STM32F1xx_HAL_Driver/Src/stm32f1xx_hal_i2c.o
                0x08004210                HAL_I2C_SlaveRxCpltCallback
 .text.HAL_I2C_AddrCallback
                0x08004222       0x1a ./Drivers/STM32F1xx_HAL_Driver/Src/stm32f1xx_hal_i2c.o
                0x08004222                HAL_I2C_AddrCallback
 .text.HAL_I2C_ListenCpltCallback
                0x0800423c       0x12 ./Drivers/STM32F1xx_HAL_Driver/Src/stm32f1xx_hal_i2c.o
                0x0800423c                HAL_I2C_ListenCpltCallback
 .text.HAL_I2C_MemTxCpltCallback
                0x0800424e       0x12 ./Drivers/STM32F1xx_HAL_Driver/Src/stm32f1xx_hal_i2c.o
                0x0800424e                HAL_I2C_MemTxCpltCallback
 .text.HAL_I2C_MemRxCpltCallback
                0x08004260       0x12 ./Drivers/STM32F1xx_HAL_Driver/Src/stm32f1xx_hal_i2c.o
                0x08004260                HAL_I2C_MemRxCpltCallback
 .text.HAL_I2C_ErrorCallback
                0x08004272       0x12 ./Drivers/STM32F1xx_HAL_Driver/Src/stm32f1xx_hal_i2c.o
                0x08004272                HAL_I2C_ErrorCallback
 .text.HAL_I2C_AbortCpltCallback
                0x08004284       0x12 ./Drivers/STM32F1xx_HAL_Driver/Src/stm32f1xx_hal_i2c.o
                0x08004284                HAL_I2C_AbortCpltCallback
 .text.I2C_MasterTransmit_TXE
                0x08004296      0x138 ./Drivers/STM32F1xx_HAL_Driver/Src/stm32f1xx_hal_i2c.o
 .text.I2C_MasterTransmit_BTF
                0x080043ce       0xec ./Drivers/STM32F1xx_HAL_Driver/Src/stm32f1xx_hal_i2c.o
 .text.I2C_MemoryTransmit_TXE_BTF
                0x080044ba      0x130 ./Drivers/STM32F1xx_HAL_Driver/Src/stm32f1xx_hal_i2c.o
 .text.I2C_MasterReceive_RXNE
                0x080045ea      0x190 ./Drivers/STM32F1xx_HAL_Driver/Src/stm32f1xx_hal_i2c.o
 .text.I2C_MasterReceive_BTF
                0x0800477a      0x1e2 ./Drivers/STM32F1xx_HAL_Driver/Src/stm32f1xx_hal_i2c.o
 .text.I2C_Master_SB
                0x0800495c      0x10a ./Drivers/STM32F1xx_HAL_Driver/Src/stm32f1xx_hal_i2c.o
 .text.I2C_Master_ADD10
                0x08004a66       0x52 ./Drivers/STM32F1xx_HAL_Driver/Src/stm32f1xx_hal_i2c.o
 .text.I2C_Master_ADDR
                0x08004ab8      0x336 ./Drivers/STM32F1xx_HAL_Driver/Src/stm32f1xx_hal_i2c.o
 .text.I2C_SlaveTransmit_TXE
                0x08004dee       0x7a ./Drivers/STM32F1xx_HAL_Driver/Src/stm32f1xx_hal_i2c.o
 .text.I2C_SlaveTransmit_BTF
                0x08004e68       0x40 ./Drivers/STM32F1xx_HAL_Driver/Src/stm32f1xx_hal_i2c.o
 .text.I2C_SlaveReceive_RXNE
                0x08004ea8       0x7c ./Drivers/STM32F1xx_HAL_Driver/Src/stm32f1xx_hal_i2c.o
 .text.I2C_SlaveReceive_BTF
                0x08004f24       0x42 ./Drivers/STM32F1xx_HAL_Driver/Src/stm32f1xx_hal_i2c.o
 .text.I2C_Slave_ADDR
                0x08004f66       0x94 ./Drivers/STM32F1xx_HAL_Driver/Src/stm32f1xx_hal_i2c.o
 *fill*         0x08004ffa        0x2 
 .text.I2C_Slave_STOPF
                0x08004ffc      0x260 ./Drivers/STM32F1xx_HAL_Driver/Src/stm32f1xx_hal_i2c.o
 .text.I2C_Slave_AF
                0x0800525c       0xe8 ./Drivers/STM32F1xx_HAL_Driver/Src/stm32f1xx_hal_i2c.o
 .text.I2C_ITError
                0x08005344      0x264 ./Drivers/STM32F1xx_HAL_Driver/Src/stm32f1xx_hal_i2c.o
 .text.I2C_DMAAbort
                0x080055a8      0x150 ./Drivers/STM32F1xx_HAL_Driver/Src/stm32f1xx_hal_i2c.o
 .text.I2C_WaitOnSTOPRequestThroughIT
                0x080056f8       0x64 ./Drivers/STM32F1xx_HAL_Driver/Src/stm32f1xx_hal_i2c.o
 .text.I2C_ConvertOtherXferOptions
                0x0800575c       0x34 ./Drivers/STM32F1xx_HAL_Driver/Src/stm32f1xx_hal_i2c.o
 .text.HAL_RCC_OscConfig
                0x08005790      0x504 ./Drivers/STM32F1xx_HAL_Driver/Src/stm32f1xx_hal_rcc.o
                0x08005790                HAL_RCC_OscConfig
 .text.HAL_RCC_ClockConfig
                0x08005c94      0x1d4 ./Drivers/STM32F1xx_HAL_Driver/Src/stm32f1xx_hal_rcc.o
                0x08005c94                HAL_RCC_ClockConfig
 .text.HAL_RCC_GetSysClockFreq
                0x08005e68       0xa8 ./Drivers/STM32F1xx_HAL_Driver/Src/stm32f1xx_hal_rcc.o
                0x08005e68                HAL_RCC_GetSysClockFreq
 .text.HAL_RCC_GetHCLKFreq
                0x08005f10       0x14 ./Drivers/STM32F1xx_HAL_Driver/Src/stm32f1xx_hal_rcc.o
                0x08005f10                HAL_RCC_GetHCLKFreq
 .text.HAL_RCC_GetPCLK1Freq
                0x08005f24       0x28 ./Drivers/STM32F1xx_HAL_Driver/Src/stm32f1xx_hal_rcc.o
                0x08005f24                HAL_RCC_GetPCLK1Freq
 .text.HAL_RCC_GetPCLK2Freq
                0x08005f4c       0x28 ./Drivers/STM32F1xx_HAL_Driver/Src/stm32f1xx_hal_rcc.o
                0x08005f4c                HAL_RCC_GetPCLK2Freq
 .text.RCC_Delay
                0x08005f74       0x3c ./Drivers/STM32F1xx_HAL_Driver/Src/stm32f1xx_hal_rcc.o
 .text.HAL_SPI_Init
                0x08005fb0      0x108 ./Drivers/STM32F1xx_HAL_Driver/Src/stm32f1xx_hal_spi.o
                0x08005fb0                HAL_SPI_Init
 .text.HAL_SPI_DeInit
                0x080060b8       0x50 ./Drivers/STM32F1xx_HAL_Driver/Src/stm32f1xx_hal_spi.o
                0x080060b8                HAL_SPI_DeInit
 .text.HAL_SPI_IRQHandler
                0x08006108      0x1cc ./Drivers/STM32F1xx_HAL_Driver/Src/stm32f1xx_hal_spi.o
                0x08006108                HAL_SPI_IRQHandler
 .text.HAL_SPI_ErrorCallback
                0x080062d4       0x12 ./Drivers/STM32F1xx_HAL_Driver/Src/stm32f1xx_hal_spi.o
                0x080062d4                HAL_SPI_ErrorCallback
 .text.SPI_DMAAbortOnError
                0x080062e6       0x28 ./Drivers/STM32F1xx_HAL_Driver/Src/stm32f1xx_hal_spi.o
 .text.HAL_UART_Init
                0x0800630e       0xa0 ./Drivers/STM32F1xx_HAL_Driver/Src/stm32f1xx_hal_uart.o
                0x0800630e                HAL_UART_Init
 .text.HAL_UART_DeInit
                0x080063ae       0x64 ./Drivers/STM32F1xx_HAL_Driver/Src/stm32f1xx_hal_uart.o
                0x080063ae                HAL_UART_DeInit
 .text.HAL_UART_Transmit
                0x08006412      0x116 ./Drivers/STM32F1xx_HAL_Driver/Src/stm32f1xx_hal_uart.o
                0x08006412                HAL_UART_Transmit
 .text.HAL_UART_Receive_IT
                0x08006528       0x4a ./Drivers/STM32F1xx_HAL_Driver/Src/stm32f1xx_hal_uart.o
                0x08006528                HAL_UART_Receive_IT
 *fill*         0x08006572        0x2 
 .text.HAL_UART_IRQHandler
                0x08006574      0x524 ./Drivers/STM32F1xx_HAL_Driver/Src/stm32f1xx_hal_uart.o
                0x08006574                HAL_UART_IRQHandler
 .text.HAL_UART_TxCpltCallback
                0x08006a98       0x12 ./Drivers/STM32F1xx_HAL_Driver/Src/stm32f1xx_hal_uart.o
                0x08006a98                HAL_UART_TxCpltCallback
 .text.HAL_UARTEx_RxEventCallback
                0x08006aaa       0x16 ./Drivers/STM32F1xx_HAL_Driver/Src/stm32f1xx_hal_uart.o
                0x08006aaa                HAL_UARTEx_RxEventCallback
 .text.UART_WaitOnFlagUntilTimeout
                0x08006ac0       0xb2 ./Drivers/STM32F1xx_HAL_Driver/Src/stm32f1xx_hal_uart.o
 .text.UART_Start_Receive_IT
                0x08006b72       0x72 ./Drivers/STM32F1xx_HAL_Driver/Src/stm32f1xx_hal_uart.o
                0x08006b72                UART_Start_Receive_IT
 .text.UART_EndRxTransfer
                0x08006be4       0xc4 ./Drivers/STM32F1xx_HAL_Driver/Src/stm32f1xx_hal_uart.o
 .text.UART_DMAAbortOnError
                0x08006ca8       0x28 ./Drivers/STM32F1xx_HAL_Driver/Src/stm32f1xx_hal_uart.o
 .text.UART_Transmit_IT
                0x08006cd0       0x9e ./Drivers/STM32F1xx_HAL_Driver/Src/stm32f1xx_hal_uart.o
 .text.UART_EndTransmit_IT
                0x08006d6e       0x30 ./Drivers/STM32F1xx_HAL_Driver/Src/stm32f1xx_hal_uart.o
 .text.UART_Receive_IT
                0x08006d9e      0x17c ./Drivers/STM32F1xx_HAL_Driver/Src/stm32f1xx_hal_uart.o
 *fill*         0x08006f1a        0x2 
 .text.UART_SetConfig
                0x08006f1c      0x11c ./Drivers/STM32F1xx_HAL_Driver/Src/stm32f1xx_hal_uart.o
 .text.vListInitialise
                0x08007038       0x3e ./Middleware/FreeRTOS-Kernel/list.o
                0x08007038                vListInitialise
 .text.vListInitialiseItem
                0x08007076       0x18 ./Middleware/FreeRTOS-Kernel/list.o
                0x08007076                vListInitialiseItem
 .text.vListInsert
                0x0800708e       0x70 ./Middleware/FreeRTOS-Kernel/list.o
                0x0800708e                vListInsert
 .text.uxListRemove
                0x080070fe       0x52 ./Middleware/FreeRTOS-Kernel/list.o
                0x080070fe                uxListRemove
 .text.xQueueGenericReset
                0x08007150      0x124 ./Middleware/FreeRTOS-Kernel/queue.o
                0x08007150                xQueueGenericReset
 .text.xQueueGenericCreate
                0x08007274       0x9e ./Middleware/FreeRTOS-Kernel/queue.o
                0x08007274                xQueueGenericCreate
 .text.prvInitialiseNewQueue
                0x08007312       0x3e ./Middleware/FreeRTOS-Kernel/queue.o
 .text.xQueueGenericSend
                0x08007350      0x204 ./Middleware/FreeRTOS-Kernel/queue.o
                0x08007350                xQueueGenericSend
 .text.xQueueReceive
                0x08007554      0x1c4 ./Middleware/FreeRTOS-Kernel/queue.o
                0x08007554                xQueueReceive
 .text.prvCopyDataToQueue
                0x08007718       0xd4 ./Middleware/FreeRTOS-Kernel/queue.o
 .text.prvCopyDataFromQueue
                0x080077ec       0x4c ./Middleware/FreeRTOS-Kernel/queue.o
 .text.prvUnlockQueue
                0x08007838       0xa4 ./Middleware/FreeRTOS-Kernel/queue.o
 .text.prvIsQueueEmpty
                0x080078dc       0x2c ./Middleware/FreeRTOS-Kernel/queue.o
 .text.prvIsQueueFull
                0x08007908       0x30 ./Middleware/FreeRTOS-Kernel/queue.o
 .text.vQueueWaitForMessageRestricted
                0x08007938       0x68 ./Middleware/FreeRTOS-Kernel/queue.o
                0x08007938                vQueueWaitForMessageRestricted
 .text.xStreamBufferGenericCreate
                0x080079a0       0xfe ./Middleware/FreeRTOS-Kernel/stream_buffer.o
                0x080079a0                xStreamBufferGenericCreate
 .text.xStreamBufferSpacesAvailable
                0x08007a9e       0x76 ./Middleware/FreeRTOS-Kernel/stream_buffer.o
                0x08007a9e                xStreamBufferSpacesAvailable
 .text.xStreamBufferSendFromISR
                0x08007b14       0xec ./Middleware/FreeRTOS-Kernel/stream_buffer.o
                0x08007b14                xStreamBufferSendFromISR
 .text.prvWriteMessageToBuffer
                0x08007c00       0x92 ./Middleware/FreeRTOS-Kernel/stream_buffer.o
 .text.xStreamBufferReceive
                0x08007c92      0x152 ./Middleware/FreeRTOS-Kernel/stream_buffer.o
                0x08007c92                xStreamBufferReceive
 .text.prvReadMessageFromBuffer
                0x08007de4       0x7a ./Middleware/FreeRTOS-Kernel/stream_buffer.o
 .text.prvWriteBytesToBuffer
                0x08007e5e       0xe0 ./Middleware/FreeRTOS-Kernel/stream_buffer.o
 .text.prvReadBytesFromBuffer
                0x08007f3e       0xda ./Middleware/FreeRTOS-Kernel/stream_buffer.o
 .text.prvBytesInBuffer
                0x08008018       0x3e ./Middleware/FreeRTOS-Kernel/stream_buffer.o
 .text.prvInitialiseNewStreamBuffer
                0x08008056       0x6a ./Middleware/FreeRTOS-Kernel/stream_buffer.o
 .text.prvCreateTask
                0x080080c0       0x78 ./Middleware/FreeRTOS-Kernel/tasks.o
 .text.xTaskCreate
                0x08008138       0x46 ./Middleware/FreeRTOS-Kernel/tasks.o
                0x08008138                xTaskCreate
 .text.prvInitialiseNewTask
                0x0800817e      0x120 ./Middleware/FreeRTOS-Kernel/tasks.o
 *fill*         0x0800829e        0x2 
 .text.prvAddNewTaskToReadyList
                0x080082a0      0x128 ./Middleware/FreeRTOS-Kernel/tasks.o
 .text.xTaskDelayUntil
                0x080083c8      0x104 ./Middleware/FreeRTOS-Kernel/tasks.o
                0x080083c8                xTaskDelayUntil
 .text.vTaskDelay
                0x080084cc       0x6c ./Middleware/FreeRTOS-Kernel/tasks.o
                0x080084cc                vTaskDelay
 .text.prvCreateIdleTasks
                0x08008538       0x94 ./Middleware/FreeRTOS-Kernel/tasks.o
 .text.vTaskStartScheduler
                0x080085cc       0x88 ./Middleware/FreeRTOS-Kernel/tasks.o
                0x080085cc                vTaskStartScheduler
 .text.vTaskSuspendAll
                0x08008654       0x1c ./Middleware/FreeRTOS-Kernel/tasks.o
                0x08008654                vTaskSuspendAll
 .text.xTaskResumeAll
                0x08008670      0x210 ./Middleware/FreeRTOS-Kernel/tasks.o
                0x08008670                xTaskResumeAll
 .text.xTaskGetTickCount
                0x08008880       0x1c ./Middleware/FreeRTOS-Kernel/tasks.o
                0x08008880                xTaskGetTickCount
 .text.xTaskIncrementTick
                0x0800889c      0x234 ./Middleware/FreeRTOS-Kernel/tasks.o
                0x0800889c                xTaskIncrementTick
 .text.vTaskSwitchContext
                0x08008ad0      0x108 ./Middleware/FreeRTOS-Kernel/tasks.o
                0x08008ad0                vTaskSwitchContext
 .text.vTaskPlaceOnEventList
                0x08008bd8       0x4c ./Middleware/FreeRTOS-Kernel/tasks.o
                0x08008bd8                vTaskPlaceOnEventList
 .text.vTaskPlaceOnEventListRestricted
                0x08008c24       0x8c ./Middleware/FreeRTOS-Kernel/tasks.o
                0x08008c24                vTaskPlaceOnEventListRestricted
 .text.xTaskRemoveFromEventList
                0x08008cb0      0x1b0 ./Middleware/FreeRTOS-Kernel/tasks.o
                0x08008cb0                xTaskRemoveFromEventList
 .text.vTaskInternalSetTimeOutState
                0x08008e60       0x2c ./Middleware/FreeRTOS-Kernel/tasks.o
                0x08008e60                vTaskInternalSetTimeOutState
 .text.xTaskCheckForTimeOut
                0x08008e8c       0xd0 ./Middleware/FreeRTOS-Kernel/tasks.o
                0x08008e8c                xTaskCheckForTimeOut
 .text.vTaskMissedYield
                0x08008f5c       0x18 ./Middleware/FreeRTOS-Kernel/tasks.o
                0x08008f5c                vTaskMissedYield
 .text.prvIdleTask
                0x08008f74       0x30 ./Middleware/FreeRTOS-Kernel/tasks.o
 .text.prvInitialiseTaskLists
                0x08008fa4       0x80 ./Middleware/FreeRTOS-Kernel/tasks.o
 .text.prvCheckTasksWaitingTermination
                0x08009024       0x5c ./Middleware/FreeRTOS-Kernel/tasks.o
 .text.prvDeleteTCB
                0x08009080       0x20 ./Middleware/FreeRTOS-Kernel/tasks.o
 .text.prvResetNextTaskUnblockTime
                0x080090a0       0x34 ./Middleware/FreeRTOS-Kernel/tasks.o
 .text.xTaskGetCurrentTaskHandle
                0x080090d4       0x1c ./Middleware/FreeRTOS-Kernel/tasks.o
                0x080090d4                xTaskGetCurrentTaskHandle
 .text.xTaskGetSchedulerState
                0x080090f0       0x3c ./Middleware/FreeRTOS-Kernel/tasks.o
                0x080090f0                xTaskGetSchedulerState
 .text.xTaskPriorityDisinherit
                0x0800912c      0x150 ./Middleware/FreeRTOS-Kernel/tasks.o
                0x0800912c                xTaskPriorityDisinherit
 .text.xTaskGenericNotifyWait
                0x0800927c      0x130 ./Middleware/FreeRTOS-Kernel/tasks.o
                0x0800927c                xTaskGenericNotifyWait
 .text.xTaskGenericNotify
                0x080093ac      0x260 ./Middleware/FreeRTOS-Kernel/tasks.o
                0x080093ac                xTaskGenericNotify
 .text.xTaskGenericNotifyFromISR
                0x0800960c      0x2d0 ./Middleware/FreeRTOS-Kernel/tasks.o
                0x0800960c                xTaskGenericNotifyFromISR
 .text.xTaskGenericNotifyStateClear
                0x080098dc       0x74 ./Middleware/FreeRTOS-Kernel/tasks.o
                0x080098dc                xTaskGenericNotifyStateClear
 .text.prvAddCurrentTaskToDelayedList
                0x08009950      0x104 ./Middleware/FreeRTOS-Kernel/tasks.o
 .text.xTimerCreateTimerTask
                0x08009a54       0x64 ./Middleware/FreeRTOS-Kernel/timers.o
                0x08009a54                xTimerCreateTimerTask
 .text.prvReloadTimer
                0x08009ab8       0x42 ./Middleware/FreeRTOS-Kernel/timers.o
 *fill*         0x08009afa        0x2 
 .text.prvProcessExpiredTimer
                0x08009afc       0x60 ./Middleware/FreeRTOS-Kernel/timers.o
 .text.prvTimerTask
                0x08009b5c       0x26 ./Middleware/FreeRTOS-Kernel/timers.o
 *fill*         0x08009b82        0x2 
 .text.prvProcessTimerOrBlockTask
                0x08009b84       0x9c ./Middleware/FreeRTOS-Kernel/timers.o
 .text.prvGetNextExpireTime
                0x08009c20       0x44 ./Middleware/FreeRTOS-Kernel/timers.o
 .text.prvSampleTimeNow
                0x08009c64       0x40 ./Middleware/FreeRTOS-Kernel/timers.o
 .text.prvInsertTimerInActiveList
                0x08009ca4       0x84 ./Middleware/FreeRTOS-Kernel/timers.o
 .text.prvProcessReceivedCommands
                0x08009d28      0x190 ./Middleware/FreeRTOS-Kernel/timers.o
 .text.prvSwitchTimerLists
                0x08009eb8       0x4c ./Middleware/FreeRTOS-Kernel/timers.o
 .text.prvCheckForValidListAndQueue
                0x08009f04       0x54 ./Middleware/FreeRTOS-Kernel/timers.o
 .text.pxPortInitialiseStack
                0x08009f58       0x58 ./Middleware/FreeRTOS-Kernel/portable/GCC/ARM_CM3/port.o
                0x08009f58                pxPortInitialiseStack
 .text.prvTaskExitError
                0x08009fb0       0x58 ./Middleware/FreeRTOS-Kernel/portable/GCC/ARM_CM3/port.o
 *fill*         0x0800a008        0x8 
 .text.SVC_Handler
                0x0800a010       0x28 ./Middleware/FreeRTOS-Kernel/portable/GCC/ARM_CM3/port.o
                0x0800a010                SVC_Handler
 .text.prvPortStartFirstTask
                0x0800a038       0x24 ./Middleware/FreeRTOS-Kernel/portable/GCC/ARM_CM3/port.o
 .text.xPortStartScheduler
                0x0800a05c      0x17c ./Middleware/FreeRTOS-Kernel/portable/GCC/ARM_CM3/port.o
                0x0800a05c                xPortStartScheduler
 .text.vPortEnterCritical
                0x0800a1d8       0x60 ./Middleware/FreeRTOS-Kernel/portable/GCC/ARM_CM3/port.o
                0x0800a1d8                vPortEnterCritical
 .text.vPortExitCritical
                0x0800a238       0x54 ./Middleware/FreeRTOS-Kernel/portable/GCC/ARM_CM3/port.o
                0x0800a238                vPortExitCritical
 *fill*         0x0800a28c        0x4 
 .text.PendSV_Handler
                0x0800a290       0x48 ./Middleware/FreeRTOS-Kernel/portable/GCC/ARM_CM3/port.o
                0x0800a290                PendSV_Handler
 .text.xPortSysTickHandler
                0x0800a2d8       0x44 ./Middleware/FreeRTOS-Kernel/portable/GCC/ARM_CM3/port.o
                0x0800a2d8                xPortSysTickHandler
 .text.vPortSetupTimerInterrupt
                0x0800a31c       0x34 ./Middleware/FreeRTOS-Kernel/portable/GCC/ARM_CM3/port.o
                0x0800a31c                vPortSetupTimerInterrupt
 .text.vPortValidateInterruptPriority
                0x0800a350       0x80 ./Middleware/FreeRTOS-Kernel/portable/GCC/ARM_CM3/port.o
                0x0800a350                vPortValidateInterruptPriority
 .text.pvPortMalloc
                0x0800a3d0      0x264 ./Middleware/FreeRTOS-Kernel/portable/MemMang/heap_4.o
                0x0800a3d0                pvPortMalloc
 .text.vPortFree
                0x0800a634       0xec ./Middleware/FreeRTOS-Kernel/portable/MemMang/heap_4.o
                0x0800a634                vPortFree
 .text.prvHeapInit
                0x0800a720       0xb4 ./Middleware/FreeRTOS-Kernel/portable/MemMang/heap_4.o
 .text.prvInsertBlockIntoFreeList
                0x0800a7d4       0xf4 ./Middleware/FreeRTOS-Kernel/portable/MemMang/heap_4.o
 .text.std      0x0800a8c8       0x6c D:/STM32CubeIDE_2.1.1/STM32CubeIDE/plugins/com.st.stm32cube.ide.mcu.externaltools.gnu-tools-for-stm32.14.3.rel1.win32_1.0.100.202602081740/tools/bin/../lib/gcc/arm-none-eabi/14.3.1/../../../../arm-none-eabi/lib/thumb/v7-m/nofp\libc_nano.a(libc_a-findfp.o)
 .text.stdio_exit_handler
                0x0800a934       0x18 D:/STM32CubeIDE_2.1.1/STM32CubeIDE/plugins/com.st.stm32cube.ide.mcu.externaltools.gnu-tools-for-stm32.14.3.rel1.win32_1.0.100.202602081740/tools/bin/../lib/gcc/arm-none-eabi/14.3.1/../../../../arm-none-eabi/lib/thumb/v7-m/nofp\libc_nano.a(libc_a-findfp.o)
 .text.cleanup_stdio
                0x0800a94c       0x40 D:/STM32CubeIDE_2.1.1/STM32CubeIDE/plugins/com.st.stm32cube.ide.mcu.externaltools.gnu-tools-for-stm32.14.3.rel1.win32_1.0.100.202602081740/tools/bin/../lib/gcc/arm-none-eabi/14.3.1/../../../../arm-none-eabi/lib/thumb/v7-m/nofp\libc_nano.a(libc_a-findfp.o)
 .text.global_stdio_init.part.0
                0x0800a98c       0x40 D:/STM32CubeIDE_2.1.1/STM32CubeIDE/plugins/com.st.stm32cube.ide.mcu.externaltools.gnu-tools-for-stm32.14.3.rel1.win32_1.0.100.202602081740/tools/bin/../lib/gcc/arm-none-eabi/14.3.1/../../../../arm-none-eabi/lib/thumb/v7-m/nofp\libc_nano.a(libc_a-findfp.o)
 .text.__sfp_lock_acquire
                0x0800a9cc        0xc D:/STM32CubeIDE_2.1.1/STM32CubeIDE/plugins/com.st.stm32cube.ide.mcu.externaltools.gnu-tools-for-stm32.14.3.rel1.win32_1.0.100.202602081740/tools/bin/../lib/gcc/arm-none-eabi/14.3.1/../../../../arm-none-eabi/lib/thumb/v7-m/nofp\libc_nano.a(libc_a-findfp.o)
                0x0800a9cc                __sfp_lock_acquire
 .text.__sfp_lock_release
                0x0800a9d8        0xc D:/STM32CubeIDE_2.1.1/STM32CubeIDE/plugins/com.st.stm32cube.ide.mcu.externaltools.gnu-tools-for-stm32.14.3.rel1.win32_1.0.100.202602081740/tools/bin/../lib/gcc/arm-none-eabi/14.3.1/../../../../arm-none-eabi/lib/thumb/v7-m/nofp\libc_nano.a(libc_a-findfp.o)
                0x0800a9d8                __sfp_lock_release
 .text.__sinit  0x0800a9e4       0x30 D:/STM32CubeIDE_2.1.1/STM32CubeIDE/plugins/com.st.stm32cube.ide.mcu.externaltools.gnu-tools-for-stm32.14.3.rel1.win32_1.0.100.202602081740/tools/bin/../lib/gcc/arm-none-eabi/14.3.1/../../../../arm-none-eabi/lib/thumb/v7-m/nofp\libc_nano.a(libc_a-findfp.o)
                0x0800a9e4                __sinit
 .text._fwalk_sglue
                0x0800aa14       0x3c D:/STM32CubeIDE_2.1.1/STM32CubeIDE/plugins/com.st.stm32cube.ide.mcu.externaltools.gnu-tools-for-stm32.14.3.rel1.win32_1.0.100.202602081740/tools/bin/../lib/gcc/arm-none-eabi/14.3.1/../../../../arm-none-eabi/lib/thumb/v7-m/nofp\libc_nano.a(libc_a-fwalk.o)
                0x0800aa14                _fwalk_sglue
 .text.__sread  0x0800aa50       0x22 D:/STM32CubeIDE_2.1.1/STM32CubeIDE/plugins/com.st.stm32cube.ide.mcu.externaltools.gnu-tools-for-stm32.14.3.rel1.win32_1.0.100.202602081740/tools/bin/../lib/gcc/arm-none-eabi/14.3.1/../../../../arm-none-eabi/lib/thumb/v7-m/nofp\libc_nano.a(libc_a-stdio.o)
                0x0800aa50                __sread
 .text.__swrite
                0x0800aa72       0x38 D:/STM32CubeIDE_2.1.1/STM32CubeIDE/plugins/com.st.stm32cube.ide.mcu.externaltools.gnu-tools-for-stm32.14.3.rel1.win32_1.0.100.202602081740/tools/bin/../lib/gcc/arm-none-eabi/14.3.1/../../../../arm-none-eabi/lib/thumb/v7-m/nofp\libc_nano.a(libc_a-stdio.o)
                0x0800aa72                __swrite
 .text.__sseek  0x0800aaaa       0x26 D:/STM32CubeIDE_2.1.1/STM32CubeIDE/plugins/com.st.stm32cube.ide.mcu.externaltools.gnu-tools-for-stm32.14.3.rel1.win32_1.0.100.202602081740/tools/bin/../lib/gcc/arm-none-eabi/14.3.1/../../../../arm-none-eabi/lib/thumb/v7-m/nofp\libc_nano.a(libc_a-stdio.o)
                0x0800aaaa                __sseek
 .text.__sclose
                0x0800aad0        0x8 D:/STM32CubeIDE_2.1.1/STM32CubeIDE/plugins/com.st.stm32cube.ide.mcu.externaltools.gnu-tools-for-stm32.14.3.rel1.win32_1.0.100.202602081740/tools/bin/../lib/gcc/arm-none-eabi/14.3.1/../../../../arm-none-eabi/lib/thumb/v7-m/nofp\libc_nano.a(libc_a-stdio.o)
                0x0800aad0                __sclose
 .text.memset   0x0800aad8       0x10 D:/STM32CubeIDE_2.1.1/STM32CubeIDE/plugins/com.st.stm32cube.ide.mcu.externaltools.gnu-tools-for-stm32.14.3.rel1.win32_1.0.100.202602081740/tools/bin/../lib/gcc/arm-none-eabi/14.3.1/../../../../arm-none-eabi/lib/thumb/v7-m/nofp\libc_nano.a(libc_a-memset.o)
                0x0800aad8                memset
 .text.strncpy  0x0800aae8       0x26 D:/STM32CubeIDE_2.1.1/STM32CubeIDE/plugins/com.st.stm32cube.ide.mcu.externaltools.gnu-tools-for-stm32.14.3.rel1.win32_1.0.100.202602081740/tools/bin/../lib/gcc/arm-none-eabi/14.3.1/../../../../arm-none-eabi/lib/thumb/v7-m/nofp\libc_nano.a(libc_a-strncpy.o)
                0x0800aae8                strncpy
 *fill*         0x0800ab0e        0x2 
 .text.strtok   0x0800ab10       0x7c D:/STM32CubeIDE_2.1.1/STM32CubeIDE/plugins/com.st.stm32cube.ide.mcu.externaltools.gnu-tools-for-stm32.14.3.rel1.win32_1.0.100.202602081740/tools/bin/../lib/gcc/arm-none-eabi/14.3.1/../../../../arm-none-eabi/lib/thumb/v7-m/nofp\libc_nano.a(libc_a-strtok.o)
                0x0800ab10                strtok
 .text.__strtok_r
                0x0800ab8c       0x50 D:/STM32CubeIDE_2.1.1/STM32CubeIDE/plugins/com.st.stm32cube.ide.mcu.externaltools.gnu-tools-for-stm32.14.3.rel1.win32_1.0.100.202602081740/tools/bin/../lib/gcc/arm-none-eabi/14.3.1/../../../../arm-none-eabi/lib/thumb/v7-m/nofp\libc_nano.a(libc_a-strtok_r.o)
                0x0800ab8c                __strtok_r
 .text._close_r
                0x0800abdc       0x20 D:/STM32CubeIDE_2.1.1/STM32CubeIDE/plugins/com.st.stm32cube.ide.mcu.externaltools.gnu-tools-for-stm32.14.3.rel1.win32_1.0.100.202602081740/tools/bin/../lib/gcc/arm-none-eabi/14.3.1/../../../../arm-none-eabi/lib/thumb/v7-m/nofp\libc_nano.a(libc_a-closer.o)
                0x0800abdc                _close_r
 .text._lseek_r
                0x0800abfc       0x24 D:/STM32CubeIDE_2.1.1/STM32CubeIDE/plugins/com.st.stm32cube.ide.mcu.externaltools.gnu-tools-for-stm32.14.3.rel1.win32_1.0.100.202602081740/tools/bin/../lib/gcc/arm-none-eabi/14.3.1/../../../../arm-none-eabi/lib/thumb/v7-m/nofp\libc_nano.a(libc_a-lseekr.o)
                0x0800abfc                _lseek_r
 .text._read_r  0x0800ac20       0x24 D:/STM32CubeIDE_2.1.1/STM32CubeIDE/plugins/com.st.stm32cube.ide.mcu.externaltools.gnu-tools-for-stm32.14.3.rel1.win32_1.0.100.202602081740/tools/bin/../lib/gcc/arm-none-eabi/14.3.1/../../../../arm-none-eabi/lib/thumb/v7-m/nofp\libc_nano.a(libc_a-readr.o)
                0x0800ac20                _read_r
 .text._write_r
                0x0800ac44       0x24 D:/STM32CubeIDE_2.1.1/STM32CubeIDE/plugins/com.st.stm32cube.ide.mcu.externaltools.gnu-tools-for-stm32.14.3.rel1.win32_1.0.100.202602081740/tools/bin/../lib/gcc/arm-none-eabi/14.3.1/../../../../arm-none-eabi/lib/thumb/v7-m/nofp\libc_nano.a(libc_a-writer.o)
                0x0800ac44                _write_r
 .text.__errno  0x0800ac68        0xc D:/STM32CubeIDE_2.1.1/STM32CubeIDE/plugins/com.st.stm32cube.ide.mcu.externaltools.gnu-tools-for-stm32.14.3.rel1.win32_1.0.100.202602081740/tools/bin/../lib/gcc/arm-none-eabi/14.3.1/../../../../arm-none-eabi/lib/thumb/v7-m/nofp\libc_nano.a(libc_a-errno.o)
                0x0800ac68                __errno
 .text.__libc_init_array
                0x0800ac74       0x48 D:/STM32CubeIDE_2.1.1/STM32CubeIDE/plugins/com.st.stm32cube.ide.mcu.externaltools.gnu-tools-for-stm32.14.3.rel1.win32_1.0.100.202602081740/tools/bin/../lib/gcc/arm-none-eabi/14.3.1/../../../../arm-none-eabi/lib/thumb/v7-m/nofp\libc_nano.a(libc_a-init.o)
                0x0800ac74                __libc_init_array
 .text.__retarget_lock_init_recursive
                0x0800acbc        0x2 D:/STM32CubeIDE_2.1.1/STM32CubeIDE/plugins/com.st.stm32cube.ide.mcu.externaltools.gnu-tools-for-stm32.14.3.rel1.win32_1.0.100.202602081740/tools/bin/../lib/gcc/arm-none-eabi/14.3.1/../../../../arm-none-eabi/lib/thumb/v7-m/nofp\libc_nano.a(libc_a-lock.o)
                0x0800acbc                __retarget_lock_init_recursive
 .text.__retarget_lock_acquire_recursive
                0x0800acbe        0x2 D:/STM32CubeIDE_2.1.1/STM32CubeIDE/plugins/com.st.stm32cube.ide.mcu.externaltools.gnu-tools-for-stm32.14.3.rel1.win32_1.0.100.202602081740/tools/bin/../lib/gcc/arm-none-eabi/14.3.1/../../../../arm-none-eabi/lib/thumb/v7-m/nofp\libc_nano.a(libc_a-lock.o)
                0x0800acbe                __retarget_lock_acquire_recursive
 .text.__retarget_lock_release_recursive
                0x0800acc0        0x2 D:/STM32CubeIDE_2.1.1/STM32CubeIDE/plugins/com.st.stm32cube.ide.mcu.externaltools.gnu-tools-for-stm32.14.3.rel1.win32_1.0.100.202602081740/tools/bin/../lib/gcc/arm-none-eabi/14.3.1/../../../../arm-none-eabi/lib/thumb/v7-m/nofp\libc_nano.a(libc_a-lock.o)
                0x0800acc0                __retarget_lock_release_recursive
 .text.memcpy   0x0800acc2       0x1c D:/STM32CubeIDE_2.1.1/STM32CubeIDE/plugins/com.st.stm32cube.ide.mcu.externaltools.gnu-tools-for-stm32.14.3.rel1.win32_1.0.100.202602081740/tools/bin/../lib/gcc/arm-none-eabi/14.3.1/../../../../arm-none-eabi/lib/thumb/v7-m/nofp\libc_nano.a(libc_a-memcpy-stub.o)
                0x0800acc2                memcpy
 *fill*         0x0800acde        0x2 
 .text.__assert_func
                0x0800ace0       0x3c D:/STM32CubeIDE_2.1.1/STM32CubeIDE/plugins/com.st.stm32cube.ide.mcu.externaltools.gnu-tools-for-stm32.14.3.rel1.win32_1.0.100.202602081740/tools/bin/../lib/gcc/arm-none-eabi/14.3.1/../../../../arm-none-eabi/lib/thumb/v7-m/nofp\libc_nano.a(libc_a-assert.o)
                0x0800ace0                __assert_func
 .text._free_r  0x0800ad1c       0x90 D:/STM32CubeIDE_2.1.1/STM32CubeIDE/plugins/com.st.stm32cube.ide.mcu.externaltools.gnu-tools-for-stm32.14.3.rel1.win32_1.0.100.202602081740/tools/bin/../lib/gcc/arm-none-eabi/14.3.1/../../../../arm-none-eabi/lib/thumb/v7-m/nofp\libc_nano.a(libc_a-freer.o)
                0x0800ad1c                _free_r
 .text.malloc   0x0800adac       0x10 D:/STM32CubeIDE_2.1.1/STM32CubeIDE/plugins/com.st.stm32cube.ide.mcu.externaltools.gnu-tools-for-stm32.14.3.rel1.win32_1.0.100.202602081740/tools/bin/../lib/gcc/arm-none-eabi/14.3.1/../../../../arm-none-eabi/lib/thumb/v7-m/nofp\libc_nano.a(libc_a-malloc.o)
                0x0800adac                malloc
 .text.sbrk_aligned
                0x0800adbc       0x44 D:/STM32CubeIDE_2.1.1/STM32CubeIDE/plugins/com.st.stm32cube.ide.mcu.externaltools.gnu-tools-for-stm32.14.3.rel1.win32_1.0.100.202602081740/tools/bin/../lib/gcc/arm-none-eabi/14.3.1/../../../../arm-none-eabi/lib/thumb/v7-m/nofp\libc_nano.a(libc_a-mallocr.o)
 .text._malloc_r
                0x0800ae00      0x100 D:/STM32CubeIDE_2.1.1/STM32CubeIDE/plugins/com.st.stm32cube.ide.mcu.externaltools.gnu-tools-for-stm32.14.3.rel1.win32_1.0.100.202602081740/tools/bin/../lib/gcc/arm-none-eabi/14.3.1/../../../../arm-none-eabi/lib/thumb/v7-m/nofp\libc_nano.a(libc_a-mallocr.o)
                0x0800ae00                _malloc_r
 .text.__malloc_lock
                0x0800af00        0xc D:/STM32CubeIDE_2.1.1/STM32CubeIDE/plugins/com.st.stm32cube.ide.mcu.externaltools.gnu-tools-for-stm32.14.3.rel1.win32_1.0.100.202602081740/tools/bin/../lib/gcc/arm-none-eabi/14.3.1/../../../../arm-none-eabi/lib/thumb/v7-m/nofp\libc_nano.a(libc_a-mlock.o)
                0x0800af00                __malloc_lock
 .text.__malloc_unlock
                0x0800af0c        0xc D:/STM32CubeIDE_2.1.1/STM32CubeIDE/plugins/com.st.stm32cube.ide.mcu.externaltools.gnu-tools-for-stm32.14.3.rel1.win32_1.0.100.202602081740/tools/bin/../lib/gcc/arm-none-eabi/14.3.1/../../../../arm-none-eabi/lib/thumb/v7-m/nofp\libc_nano.a(libc_a-mlock.o)
                0x0800af0c                __malloc_unlock
 .text.__sflush_r
                0x0800af18       0xfc D:/STM32CubeIDE_2.1.1/STM32CubeIDE/plugins/com.st.stm32cube.ide.mcu.externaltools.gnu-tools-for-stm32.14.3.rel1.win32_1.0.100.202602081740/tools/bin/../lib/gcc/arm-none-eabi/14.3.1/../../../../arm-none-eabi/lib/thumb/v7-m/nofp\libc_nano.a(libc_a-fflush.o)
                0x0800af18                __sflush_r
 .text._fflush_r
                0x0800b014       0x50 D:/STM32CubeIDE_2.1.1/STM32CubeIDE/plugins/com.st.stm32cube.ide.mcu.externaltools.gnu-tools-for-stm32.14.3.rel1.win32_1.0.100.202602081740/tools/bin/../lib/gcc/arm-none-eabi/14.3.1/../../../../arm-none-eabi/lib/thumb/v7-m/nofp\libc_nano.a(libc_a-fflush.o)
                0x0800b014                _fflush_r
 .text.fprintf  0x0800b064       0x24 D:/STM32CubeIDE_2.1.1/STM32CubeIDE/plugins/com.st.stm32cube.ide.mcu.externaltools.gnu-tools-for-stm32.14.3.rel1.win32_1.0.100.202602081740/tools/bin/../lib/gcc/arm-none-eabi/14.3.1/../../../../arm-none-eabi/lib/thumb/v7-m/nofp\libc_nano.a(libc_a-fprintf.o)
                0x0800b064                fiprintf
                0x0800b064                fprintf
 .text._sbrk_r  0x0800b088       0x20 D:/STM32CubeIDE_2.1.1/STM32CubeIDE/plugins/com.st.stm32cube.ide.mcu.externaltools.gnu-tools-for-stm32.14.3.rel1.win32_1.0.100.202602081740/tools/bin/../lib/gcc/arm-none-eabi/14.3.1/../../../../arm-none-eabi/lib/thumb/v7-m/nofp\libc_nano.a(libc_a-sbrkr.o)
                0x0800b088                _sbrk_r
 .text.abort    0x0800b0a8        0xe D:/STM32CubeIDE_2.1.1/STM32CubeIDE/plugins/com.st.stm32cube.ide.mcu.externaltools.gnu-tools-for-stm32.14.3.rel1.win32_1.0.100.202602081740/tools/bin/../lib/gcc/arm-none-eabi/14.3.1/../../../../arm-none-eabi/lib/thumb/v7-m/nofp\libc_nano.a(libc_a-abort.o)
                0x0800b0a8                abort
 .text.__sfputc_r
                0x0800b0b6       0x2a D:/STM32CubeIDE_2.1.1/STM32CubeIDE/plugins/com.st.stm32cube.ide.mcu.externaltools.gnu-tools-for-stm32.14.3.rel1.win32_1.0.100.202602081740/tools/bin/../lib/gcc/arm-none-eabi/14.3.1/../../../../arm-none-eabi/lib/thumb/v7-m/nofp\libc_nano.a(libc_a-nano-vfprintf.o)
 .text.__sfputs_r
                0x0800b0e0       0x24 D:/STM32CubeIDE_2.1.1/STM32CubeIDE/plugins/com.st.stm32cube.ide.mcu.externaltools.gnu-tools-for-stm32.14.3.rel1.win32_1.0.100.202602081740/tools/bin/../lib/gcc/arm-none-eabi/14.3.1/../../../../arm-none-eabi/lib/thumb/v7-m/nofp\libc_nano.a(libc_a-nano-vfprintf.o)
                0x0800b0e0                __sfputs_r
 .text._vfprintf_r
                0x0800b104      0x228 D:/STM32CubeIDE_2.1.1/STM32CubeIDE/plugins/com.st.stm32cube.ide.mcu.externaltools.gnu-tools-for-stm32.14.3.rel1.win32_1.0.100.202602081740/tools/bin/../lib/gcc/arm-none-eabi/14.3.1/../../../../arm-none-eabi/lib/thumb/v7-m/nofp\libc_nano.a(libc_a-nano-vfprintf.o)
                0x0800b104                _vfprintf_r
                0x0800b104                _vfiprintf_r
 .text._printf_common
                0x0800b32c       0xe4 D:/STM32CubeIDE_2.1.1/STM32CubeIDE/plugins/com.st.stm32cube.ide.mcu.externaltools.gnu-tools-for-stm32.14.3.rel1.win32_1.0.100.202602081740/tools/bin/../lib/gcc/arm-none-eabi/14.3.1/../../../../arm-none-eabi/lib/thumb/v7-m/nofp\libc_nano.a(libc_a-nano-vfprintf_i.o)
                0x0800b32c                _printf_common
 .text._printf_i
                0x0800b410      0x24c D:/STM32CubeIDE_2.1.1/STM32CubeIDE/plugins/com.st.stm32cube.ide.mcu.externaltools.gnu-tools-for-stm32.14.3.rel1.win32_1.0.100.202602081740/tools/bin/../lib/gcc/arm-none-eabi/14.3.1/../../../../arm-none-eabi/lib/thumb/v7-m/nofp\libc_nano.a(libc_a-nano-vfprintf_i.o)
                0x0800b410                _printf_i
 .text.__swbuf_r
                0x0800b65c       0x7c D:/STM32CubeIDE_2.1.1/STM32CubeIDE/plugins/com.st.stm32cube.ide.mcu.externaltools.gnu-tools-for-stm32.14.3.rel1.win32_1.0.100.202602081740/tools/bin/../lib/gcc/arm-none-eabi/14.3.1/../../../../arm-none-eabi/lib/thumb/v7-m/nofp\libc_nano.a(libc_a-wbuf.o)
                0x0800b65c                __swbuf_r
 .text.__swsetup_r
                0x0800b6d8       0xa8 D:/STM32CubeIDE_2.1.1/STM32CubeIDE/plugins/com.st.stm32cube.ide.mcu.externaltools.gnu-tools-for-stm32.14.3.rel1.win32_1.0.100.202602081740/tools/bin/../lib/gcc/arm-none-eabi/14.3.1/../../../../arm-none-eabi/lib/thumb/v7-m/nofp\libc_nano.a(libc_a-wsetup.o)
                0x0800b6d8                __swsetup_r
 .text._raise_r
                0x0800b780       0x50 D:/STM32CubeIDE_2.1.1/STM32CubeIDE/plugins/com.st.stm32cube.ide.mcu.externaltools.gnu-tools-for-stm32.14.3.rel1.win32_1.0.100.202602081740/tools/bin/../lib/gcc/arm-none-eabi/14.3.1/../../../../arm-none-eabi/lib/thumb/v7-m/nofp\libc_nano.a(libc_a-signal.o)
                0x0800b780                _raise_r
 .text.raise    0x0800b7d0       0x10 D:/STM32CubeIDE_2.1.1/STM32CubeIDE/plugins/com.st.stm32cube.ide.mcu.externaltools.gnu-tools-for-stm32.14.3.rel1.win32_1.0.100.202602081740/tools/bin/../lib/gcc/arm-none-eabi/14.3.1/../../../../arm-none-eabi/lib/thumb/v7-m/nofp\libc_nano.a(libc_a-signal.o)
                0x0800b7d0                raise
 .text._kill_r  0x0800b7e0       0x24 D:/STM32CubeIDE_2.1.1/STM32CubeIDE/plugins/com.st.stm32cube.ide.mcu.externaltools.gnu-tools-for-stm32.14.3.rel1.win32_1.0.100.202602081740/tools/bin/../lib/gcc/arm-none-eabi/14.3.1/../../../../arm-none-eabi/lib/thumb/v7-m/nofp\libc_nano.a(libc_a-signalr.o)
                0x0800b7e0                _kill_r
 .text._getpid_r
                0x0800b804        0x4 D:/STM32CubeIDE_2.1.1/STM32CubeIDE/plugins/com.st.stm32cube.ide.mcu.externaltools.gnu-tools-for-stm32.14.3.rel1.win32_1.0.100.202602081740/tools/bin/../lib/gcc/arm-none-eabi/14.3.1/../../../../arm-none-eabi/lib/thumb/v7-m/nofp\libc_nano.a(libc_a-signalr.o)
                0x0800b804                _getpid_r
 .text.memchr   0x0800b808       0x1c D:/STM32CubeIDE_2.1.1/STM32CubeIDE/plugins/com.st.stm32cube.ide.mcu.externaltools.gnu-tools-for-stm32.14.3.rel1.win32_1.0.100.202602081740/tools/bin/../lib/gcc/arm-none-eabi/14.3.1/../../../../arm-none-eabi/lib/thumb/v7-m/nofp\libc_nano.a(libc_a-memchr-stub.o)
                0x0800b808                memchr
 .text.__swhatbuf_r
                0x0800b824       0x48 D:/STM32CubeIDE_2.1.1/STM32CubeIDE/plugins/com.st.stm32cube.ide.mcu.externaltools.gnu-tools-for-stm32.14.3.rel1.win32_1.0.100.202602081740/tools/bin/../lib/gcc/arm-none-eabi/14.3.1/../../../../arm-none-eabi/lib/thumb/v7-m/nofp\libc_nano.a(libc_a-makebuf.o)
                0x0800b824                __swhatbuf_r
 .text.__smakebuf_r
                0x0800b86c       0x72 D:/STM32CubeIDE_2.1.1/STM32CubeIDE/plugins/com.st.stm32cube.ide.mcu.externaltools.gnu-tools-for-stm32.14.3.rel1.win32_1.0.100.202602081740/tools/bin/../lib/gcc/arm-none-eabi/14.3.1/../../../../arm-none-eabi/lib/thumb/v7-m/nofp\libc_nano.a(libc_a-makebuf.o)
                0x0800b86c                __smakebuf_r
 *fill*         0x0800b8de        0x2 
 .text._fstat_r
                0x0800b8e0       0x24 D:/STM32CubeIDE_2.1.1/STM32CubeIDE/plugins/com.st.stm32cube.ide.mcu.externaltools.gnu-tools-for-stm32.14.3.rel1.win32_1.0.100.202602081740/tools/bin/../lib/gcc/arm-none-eabi/14.3.1/../../../../arm-none-eabi/lib/thumb/v7-m/nofp\libc_nano.a(libc_a-fstatr.o)
                0x0800b8e0                _fstat_r
 .text._isatty_r
                0x0800b904       0x20 D:/STM32CubeIDE_2.1.1/STM32CubeIDE/plugins/com.st.stm32cube.ide.mcu.externaltools.gnu-tools-for-stm32.14.3.rel1.win32_1.0.100.202602081740/tools/bin/../lib/gcc/arm-none-eabi/14.3.1/../../../../arm-none-eabi/lib/thumb/v7-m/nofp\libc_nano.a(libc_a-isattyr.o)
                0x0800b904                _isatty_r
 *(.glue_7)
 .glue_7        0x0800b924        0x0 linker stubs
 *(.glue_7t)
 .glue_7t       0x0800b924        0x0 linker stubs
 *(.eh_frame)
 .eh_frame      0x0800b924        0x0 D:/STM32CubeIDE_2.1.1/STM32CubeIDE/plugins/com.st.stm32cube.ide.mcu.externaltools.gnu-tools-for-stm32.14.3.rel1.win32_1.0.100.202602081740/tools/bin/../lib/gcc/arm-none-eabi/14.3.1/thumb/v7-m/nofp/crtbegin.o
 *(.init)
 .init          0x0800b924        0x4 D:/STM32CubeIDE_2.1.1/STM32CubeIDE/plugins/com.st.stm32cube.ide.mcu.externaltools.gnu-tools-for-stm32.14.3.rel1.win32_1.0.100.202602081740/tools/bin/../lib/gcc/arm-none-eabi/14.3.1/thumb/v7-m/nofp/crti.o
                0x0800b924                _init
 .init          0x0800b928        0x8 D:/STM32CubeIDE_2.1.1/STM32CubeIDE/plugins/com.st.stm32cube.ide.mcu.externaltools.gnu-tools-for-stm32.14.3.rel1.win32_1.0.100.202602081740/tools/bin/../lib/gcc/arm-none-eabi/14.3.1/thumb/v7-m/nofp/crtn.o
 *(.fini)
 .fini          0x0800b930        0x4 D:/STM32CubeIDE_2.1.1/STM32CubeIDE/plugins/com.st.stm32cube.ide.mcu.externaltools.gnu-tools-for-stm32.14.3.rel1.win32_1.0.100.202602081740/tools/bin/../lib/gcc/arm-none-eabi/14.3.1/thumb/v7-m/nofp/crti.o
                0x0800b930                _fini
 .fini          0x0800b934        0x8 D:/STM32CubeIDE_2.1.1/STM32CubeIDE/plugins/com.st.stm32cube.ide.mcu.externaltools.gnu-tools-for-stm32.14.3.rel1.win32_1.0.100.202602081740/tools/bin/../lib/gcc/arm-none-eabi/14.3.1/thumb/v7-m/nofp/crtn.o
                0x0800b93c                        . = ALIGN (0x4)
                0x0800b93c                        _etext = .

.vfp11_veneer   0x0800b93c        0x0
 .vfp11_veneer  0x0800b93c        0x0 linker stubs

.v4_bx          0x0800b93c        0x0
 .v4_bx         0x0800b93c        0x0 linker stubs

.iplt           0x0800b93c        0x0
 .iplt          0x0800b93c        0x0 D:/STM32CubeIDE_2.1.1/STM32CubeIDE/plugins/com.st.stm32cube.ide.mcu.externaltools.gnu-tools-for-stm32.14.3.rel1.win32_1.0.100.202602081740/tools/bin/../lib/gcc/arm-none-eabi/14.3.1/thumb/v7-m/nofp/crtbegin.o

.rodata         0x0800b93c      0x480
                0x0800b93c                        . = ALIGN (0x4)
 *(.rodata)
 .rodata        0x0800b93c       0x25 ./Application/app_board_slave/app_board_slave.o
 *fill*         0x0800b961        0x3 
 .rodata        0x0800b964      0x24e ./Application/app_debug/app_debug.o
 *fill*         0x0800bbb2        0x2 
 .rodata        0x0800bbb4       0x6f ./Application/app_task/app_task.o
 *fill*         0x0800bc23        0x1 
 .rodata        0x0800bc24       0x75 ./Application/param/param.o
 *fill*         0x0800bc99        0x3 
 .rodata        0x0800bc9c        0x5 ./Middleware/FreeRTOS-Kernel/tasks.o
 *fill*         0x0800bca1        0x3 
 .rodata        0x0800bca4        0x8 ./Middleware/FreeRTOS-Kernel/timers.o
 *(.rodata*)
 .rodata.AHBPrescTable
                0x0800bcac       0x10 ./Core/Src/system_stm32f1xx.o
                0x0800bcac                AHBPrescTable
 .rodata.APBPrescTable
                0x0800bcbc        0x8 ./Core/Src/system_stm32f1xx.o
                0x0800bcbc                APBPrescTable
 .rodata.aPLLMULFactorTable.1
                0x0800bcc4       0x10 ./Drivers/STM32F1xx_HAL_Driver/Src/stm32f1xx_hal_rcc.o
 .rodata.aPredivFactorTable.0
                0x0800bcd4        0x2 ./Drivers/STM32F1xx_HAL_Driver/Src/stm32f1xx_hal_rcc.o
 *fill*         0x0800bcd6        0x2 
 .rodata.uxTopUsedPriority
                0x0800bcd8        0x4 ./Middleware/FreeRTOS-Kernel/tasks.o
 .rodata.strtok.str1.1
                0x0800bcdc       0xe0 D:/STM32CubeIDE_2.1.1/STM32CubeIDE/plugins/com.st.stm32cube.ide.mcu.externaltools.gnu-tools-for-stm32.14.3.rel1.win32_1.0.100.202602081740/tools/bin/../lib/gcc/arm-none-eabi/14.3.1/../../../../arm-none-eabi/lib/thumb/v7-m/nofp\libc_nano.a(libc_a-strtok.o)
                                 0x71 (size before relaxing)
 .rodata.__assert_func.str1.1
                0x0800bdbc       0x3d D:/STM32CubeIDE_2.1.1/STM32CubeIDE/plugins/com.st.stm32cube.ide.mcu.externaltools.gnu-tools-for-stm32.14.3.rel1.win32_1.0.100.202602081740/tools/bin/../lib/gcc/arm-none-eabi/14.3.1/../../../../arm-none-eabi/lib/thumb/v7-m/nofp\libc_nano.a(libc_a-assert.o)
 .rodata._vfprintf_r.str1.1
                0x0800bdbc       0x11 D:/STM32CubeIDE_2.1.1/STM32CubeIDE/plugins/com.st.stm32cube.ide.mcu.externaltools.gnu-tools-for-stm32.14.3.rel1.win32_1.0.100.202602081740/tools/bin/../lib/gcc/arm-none-eabi/14.3.1/../../../../arm-none-eabi/lib/thumb/v7-m/nofp\libc_nano.a(libc_a-nano-vfprintf.o)
 .rodata._printf_i.str1.1
                0x0800bdbc       0x22 D:/STM32CubeIDE_2.1.1/STM32CubeIDE/plugins/com.st.stm32cube.ide.mcu.externaltools.gnu-tools-for-stm32.14.3.rel1.win32_1.0.100.202602081740/tools/bin/../lib/gcc/arm-none-eabi/14.3.1/../../../../arm-none-eabi/lib/thumb/v7-m/nofp\libc_nano.a(libc_a-nano-vfprintf_i.o)
                0x0800bdfc                        . = ALIGN (0x4)

.ARM.extab      0x0800bdbc        0x0
                0x0800bdbc                        . = ALIGN (0x4)
 *(.ARM.extab* .gnu.linkonce.armextab.*)
                0x0800bdbc                        . = ALIGN (0x4)

.ARM            0x0800bdbc        0x8
                0x0800bdbc                        . = ALIGN (0x4)
                0x0800bdbc                        __exidx_start = .
 *(.ARM.exidx*)
 .ARM.exidx     0x0800bdbc        0x8 D:/STM32CubeIDE_2.1.1/STM32CubeIDE/plugins/com.st.stm32cube.ide.mcu.externaltools.gnu-tools-for-stm32.14.3.rel1.win32_1.0.100.202602081740/tools/bin/../lib/gcc/arm-none-eabi/14.3.1/../../../../arm-none-eabi/lib/thumb/v7-m/nofp\libc_nano.a(libc_a-strcmp.o)
 .ARM.exidx     0x0800bdc4        0x0 D:/STM32CubeIDE_2.1.1/STM32CubeIDE/plugins/com.st.stm32cube.ide.mcu.externaltools.gnu-tools-for-stm32.14.3.rel1.win32_1.0.100.202602081740/tools/bin/../lib/gcc/arm-none-eabi/14.3.1/../../../../arm-none-eabi/lib/thumb/v7-m/nofp\libc_nano.a(libc_a-strlen.o)
                                  0x8 (size before relaxing)
 .ARM.exidx     0x0800bdc4        0x0 D:/STM32CubeIDE_2.1.1/STM32CubeIDE/plugins/com.st.stm32cube.ide.mcu.externaltools.gnu-tools-for-stm32.14.3.rel1.win32_1.0.100.202602081740/tools/bin/../lib/gcc/arm-none-eabi/14.3.1/thumb/v7-m/nofp\libgcc.a(_udivmoddi4.o)
                                  0x8 (size before relaxing)
                0x0800bdc4                        __exidx_end = .
                0x0800bdc4                        . = ALIGN (0x4)

.preinit_array  0x0800bdc4        0x0
                0x0800bdc4                        . = ALIGN (0x4)
                0x0800bdc4                        PROVIDE (__preinit_array_start = .)
 *(.preinit_array*)
                0x0800bdc4                        PROVIDE (__preinit_array_end = .)
                0x0800bdc4                        . = ALIGN (0x4)

.init_array     0x0800bdc4        0x4
                0x0800bdc4                        . = ALIGN (0x4)
                0x0800bdc4                        PROVIDE (__init_array_start = .)
 *(SORT_BY_NAME(.init_array.*))
 *(.init_array*)
 .init_array    0x0800bdc4        0x4 D:/STM32CubeIDE_2.1.1/STM32CubeIDE/plugins/com.st.stm32cube.ide.mcu.externaltools.gnu-tools-for-stm32.14.3.rel1.win32_1.0.100.202602081740/tools/bin/../lib/gcc/arm-none-eabi/14.3.1/thumb/v7-m/nofp/crtbegin.o
                0x0800bdc8                        PROVIDE (__init_array_end = .)
                0x0800bdc8                        . = ALIGN (0x4)

.fini_array     0x0800bdc8        0x4
                0x0800bdc8                        . = ALIGN (0x4)
                [!provide]                        PROVIDE (__fini_array_start = .)
 *(SORT_BY_NAME(.fini_array.*))
 *(.fini_array*)
 .fini_array    0x0800bdc8        0x4 D:/STM32CubeIDE_2.1.1/STM32CubeIDE/plugins/com.st.stm32cube.ide.mcu.externaltools.gnu-tools-for-stm32.14.3.rel1.win32_1.0.100.202602081740/tools/bin/../lib/gcc/arm-none-eabi/14.3.1/thumb/v7-m/nofp/crtbegin.o
                [!provide]                        PROVIDE (__fini_array_end = .)
                0x0800bdcc                        . = ALIGN (0x4)
                0x0800bdcc                        _sidata = LOADADDR (.data)

.rel.dyn        0x0800bdcc        0x0
 .rel.iplt      0x0800bdcc        0x0 D:/STM32CubeIDE_2.1.1/STM32CubeIDE/plugins/com.st.stm32cube.ide.mcu.externaltools.gnu-tools-for-stm32.14.3.rel1.win32_1.0.100.202602081740/tools/bin/../lib/gcc/arm-none-eabi/14.3.1/thumb/v7-m/nofp/crtbegin.o

.data           0x20000000      0x120 load address 0x0800bdcc
                0x20000000                        . = ALIGN (0x4)
                0x20000000                        _sdata = .
 *(.data)
 *(.data*)
 .data.g_params
                0x20000000       0xb4 ./Application/param/param.o
 .data.SystemCoreClock
                0x200000b4        0x4 ./Core/Src/system_stm32f1xx.o
                0x200000b4                SystemCoreClock
 .data.uwTickPrio
                0x200000b8        0x4 ./Drivers/STM32F1xx_HAL_Driver/Src/stm32f1xx_hal.o
                0x200000b8                uwTickPrio
 .data.uwTickFreq
                0x200000bc        0x1 ./Drivers/STM32F1xx_HAL_Driver/Src/stm32f1xx_hal.o
                0x200000bc                uwTickFreq
 *fill*         0x200000bd        0x3 
 .data.uxCriticalNesting
                0x200000c0        0x4 ./Middleware/FreeRTOS-Kernel/portable/GCC/ARM_CM3/port.o
 .data.__sglue  0x200000c4        0xc D:/STM32CubeIDE_2.1.1/STM32CubeIDE/plugins/com.st.stm32cube.ide.mcu.externaltools.gnu-tools-for-stm32.14.3.rel1.win32_1.0.100.202602081740/tools/bin/../lib/gcc/arm-none-eabi/14.3.1/../../../../arm-none-eabi/lib/thumb/v7-m/nofp\libc_nano.a(libc_a-findfp.o)
                0x200000c4                __sglue
 .data._impure_ptr
                0x200000d0        0x4 D:/STM32CubeIDE_2.1.1/STM32CubeIDE/plugins/com.st.stm32cube.ide.mcu.externaltools.gnu-tools-for-stm32.14.3.rel1.win32_1.0.100.202602081740/tools/bin/../lib/gcc/arm-none-eabi/14.3.1/../../../../arm-none-eabi/lib/thumb/v7-m/nofp\libc_nano.a(libc_a-impure.o)
                0x200000d0                _impure_ptr
 .data._impure_data
                0x200000d4       0x4c D:/STM32CubeIDE_2.1.1/STM32CubeIDE/plugins/com.st.stm32cube.ide.mcu.externaltools.gnu-tools-for-stm32.14.3.rel1.win32_1.0.100.202602081740/tools/bin/../lib/gcc/arm-none-eabi/14.3.1/../../../../arm-none-eabi/lib/thumb/v7-m/nofp\libc_nano.a(libc_a-impure.o)
                0x200000d4                _impure_data
 *(.RamFunc)
 *(.RamFunc*)
                0x20000120                        . = ALIGN (0x4)
                0x20000120                        _edata = .

.igot.plt       0x20000120        0x0 load address 0x0800beec
 .igot.plt      0x20000120        0x0 D:/STM32CubeIDE_2.1.1/STM32CubeIDE/plugins/com.st.stm32cube.ide.mcu.externaltools.gnu-tools-for-stm32.14.3.rel1.win32_1.0.100.202602081740/tools/bin/../lib/gcc/arm-none-eabi/14.3.1/thumb/v7-m/nofp/crtbegin.o
                0x20000120                        . = ALIGN (0x4)

.bss            0x20000120     0x2574 load address 0x0800beec
                0x20000120                        _sbss = .
                0x20000120                        __bss_start__ = _sbss
 *(.bss)
 .bss           0x20000120       0x1c D:/STM32CubeIDE_2.1.1/STM32CubeIDE/plugins/com.st.stm32cube.ide.mcu.externaltools.gnu-tools-for-stm32.14.3.rel1.win32_1.0.100.202602081740/tools/bin/../lib/gcc/arm-none-eabi/14.3.1/thumb/v7-m/nofp/crtbegin.o
 *(.bss*)
 .bss.s_uart1_rx_stream
                0x2000013c        0x4 ./Application/app_board_slave/app_board_slave.o
 .bss.s_uart1_rx_overflow
                0x20000140        0x1 ./Application/app_board_slave/app_board_slave.o
 *fill*         0x20000141        0x3 
 .bss.s_uart1_parser
                0x20000144       0x44 ./Application/app_board_slave/app_board_slave.o
 .bss.s_rx_stream
                0x20000188        0x4 ./Application/app_debug/app_debug.o
 .bss.s_command
                0x2000018c       0x50 ./Application/app_debug/app_debug.o
 .bss.s_command_len
                0x200001dc        0x1 ./Application/app_debug/app_debug.o
 .bss.s_rx_overflow
                0x200001dd        0x1 ./Application/app_debug/app_debug.o
 .bss.s_blink_enabled
                0x200001de        0x1 ./Application/app_led/app_led.o
 .bss.s_counted_blink
                0x200001df        0x1 ./Application/app_led/app_led.o
 .bss.s_led_state
                0x200001e0        0x1 ./Application/app_led/app_led.o
 *fill*         0x200001e1        0x1 
 .bss.s_blink_hz
                0x200001e2        0x2 ./Application/app_led/app_led.o
 .bss.s_blink_period_ms
                0x200001e4        0x2 ./Application/app_led/app_led.o
 .bss.s_remaining_toggles
                0x200001e6        0x2 ./Application/app_led/app_led.o
 .bss.s_last_toggle_ms
                0x200001e8        0x4 ./Application/app_led/app_led.o
 .bss.s_app_queue
                0x200001ec        0x4 ./Application/app_task/app_task.o
 .bss.s_cli_rx_byte
                0x200001f0        0x1 ./BSP/hal_callbacks/hal_callbacks.o
 .bss.s_uart1_rx_byte
                0x200001f1        0x1 ./BSP/hal_callbacks/hal_callbacks.o
 *fill*         0x200001f2        0x2 
 .bss.hi2c1     0x200001f4       0x54 ./Core/Src/main.o
                0x200001f4                hi2c1
 .bss.hi2c2     0x20000248       0x54 ./Core/Src/main.o
                0x20000248                hi2c2
 .bss.hspi1     0x2000029c       0x58 ./Core/Src/main.o
                0x2000029c                hspi1
 .bss.hspi2     0x200002f4       0x58 ./Core/Src/main.o
                0x200002f4                hspi2
 .bss.huart1    0x2000034c       0x48 ./Core/Src/main.o
                0x2000034c                huart1
 .bss.huart2    0x20000394       0x48 ./Core/Src/main.o
                0x20000394                huart2
 .bss.__sbrk_heap_end
                0x200003dc        0x4 ./Core/Src/sysmem.o
 .bss.uwTick    0x200003e0        0x4 ./Drivers/STM32F1xx_HAL_Driver/Src/stm32f1xx_hal.o
                0x200003e0                uwTick
 .bss.pxCurrentTCB
                0x200003e4        0x4 ./Middleware/FreeRTOS-Kernel/tasks.o
                0x200003e4                pxCurrentTCB
 .bss.pxReadyTasksLists
                0x200003e8       0x64 ./Middleware/FreeRTOS-Kernel/tasks.o
 .bss.xDelayedTaskList1
                0x2000044c       0x14 ./Middleware/FreeRTOS-Kernel/tasks.o
 .bss.xDelayedTaskList2
                0x20000460       0x14 ./Middleware/FreeRTOS-Kernel/tasks.o
 .bss.pxDelayedTaskList
                0x20000474        0x4 ./Middleware/FreeRTOS-Kernel/tasks.o
 .bss.pxOverflowDelayedTaskList
                0x20000478        0x4 ./Middleware/FreeRTOS-Kernel/tasks.o
 .bss.xPendingReadyList
                0x2000047c       0x14 ./Middleware/FreeRTOS-Kernel/tasks.o
 .bss.xTasksWaitingTermination
                0x20000490       0x14 ./Middleware/FreeRTOS-Kernel/tasks.o
 .bss.uxDeletedTasksWaitingCleanUp
                0x200004a4        0x4 ./Middleware/FreeRTOS-Kernel/tasks.o
 .bss.xSuspendedTaskList
                0x200004a8       0x14 ./Middleware/FreeRTOS-Kernel/tasks.o
 .bss.uxCurrentNumberOfTasks
                0x200004bc        0x4 ./Middleware/FreeRTOS-Kernel/tasks.o
 .bss.xTickCount
                0x200004c0        0x4 ./Middleware/FreeRTOS-Kernel/tasks.o
 .bss.uxTopReadyPriority
                0x200004c4        0x4 ./Middleware/FreeRTOS-Kernel/tasks.o
 .bss.xSchedulerRunning
                0x200004c8        0x4 ./Middleware/FreeRTOS-Kernel/tasks.o
 .bss.xPendedTicks
                0x200004cc        0x4 ./Middleware/FreeRTOS-Kernel/tasks.o
 .bss.xYieldPendings
                0x200004d0        0x4 ./Middleware/FreeRTOS-Kernel/tasks.o
 .bss.xNumOfOverflows
                0x200004d4        0x4 ./Middleware/FreeRTOS-Kernel/tasks.o
 .bss.uxTaskNumber
                0x200004d8        0x4 ./Middleware/FreeRTOS-Kernel/tasks.o
 .bss.xNextTaskUnblockTime
                0x200004dc        0x4 ./Middleware/FreeRTOS-Kernel/tasks.o
 .bss.xIdleTaskHandles
                0x200004e0        0x4 ./Middleware/FreeRTOS-Kernel/tasks.o
 .bss.uxSchedulerSuspended
                0x200004e4        0x4 ./Middleware/FreeRTOS-Kernel/tasks.o
 .bss.xActiveTimerList1
                0x200004e8       0x14 ./Middleware/FreeRTOS-Kernel/timers.o
 .bss.xActiveTimerList2
                0x200004fc       0x14 ./Middleware/FreeRTOS-Kernel/timers.o
 .bss.pxCurrentTimerList
                0x20000510        0x4 ./Middleware/FreeRTOS-Kernel/timers.o
 .bss.pxOverflowTimerList
                0x20000514        0x4 ./Middleware/FreeRTOS-Kernel/timers.o
 .bss.xTimerQueue
                0x20000518        0x4 ./Middleware/FreeRTOS-Kernel/timers.o
 .bss.xTimerTaskHandle
                0x2000051c        0x4 ./Middleware/FreeRTOS-Kernel/timers.o
 .bss.xLastTime.0
                0x20000520        0x4 ./Middleware/FreeRTOS-Kernel/timers.o
 .bss.ucMaxSysCallPriority
                0x20000524        0x1 ./Middleware/FreeRTOS-Kernel/portable/GCC/ARM_CM3/port.o
 *fill*         0x20000525        0x3 
 .bss.ulMaxPRIGROUPValue
                0x20000528        0x4 ./Middleware/FreeRTOS-Kernel/portable/GCC/ARM_CM3/port.o
 .bss.ucHeap    0x2000052c     0x2000 ./Middleware/FreeRTOS-Kernel/portable/MemMang/heap_4.o
 .bss.xStart    0x2000252c        0x8 ./Middleware/FreeRTOS-Kernel/portable/MemMang/heap_4.o
 .bss.pxEnd     0x20002534        0x4 ./Middleware/FreeRTOS-Kernel/portable/MemMang/heap_4.o
 .bss.xFreeBytesRemaining
                0x20002538        0x4 ./Middleware/FreeRTOS-Kernel/portable/MemMang/heap_4.o
 .bss.xMinimumEverFreeBytesRemaining
                0x2000253c        0x4 ./Middleware/FreeRTOS-Kernel/portable/MemMang/heap_4.o
 .bss.xNumberOfSuccessfulAllocations
                0x20002540        0x4 ./Middleware/FreeRTOS-Kernel/portable/MemMang/heap_4.o
 .bss.xNumberOfSuccessfulFrees
                0x20002544        0x4 ./Middleware/FreeRTOS-Kernel/portable/MemMang/heap_4.o
 .bss.__sf      0x20002548      0x138 D:/STM32CubeIDE_2.1.1/STM32CubeIDE/plugins/com.st.stm32cube.ide.mcu.externaltools.gnu-tools-for-stm32.14.3.rel1.win32_1.0.100.202602081740/tools/bin/../lib/gcc/arm-none-eabi/14.3.1/../../../../arm-none-eabi/lib/thumb/v7-m/nofp\libc_nano.a(libc_a-findfp.o)
                0x20002548                __sf
 .bss.__stdio_exit_handler
                0x20002680        0x4 D:/STM32CubeIDE_2.1.1/STM32CubeIDE/plugins/com.st.stm32cube.ide.mcu.externaltools.gnu-tools-for-stm32.14.3.rel1.win32_1.0.100.202602081740/tools/bin/../lib/gcc/arm-none-eabi/14.3.1/../../../../arm-none-eabi/lib/thumb/v7-m/nofp\libc_nano.a(libc_a-findfp.o)
                0x20002680                __stdio_exit_handler
 .bss.errno     0x20002684        0x4 D:/STM32CubeIDE_2.1.1/STM32CubeIDE/plugins/com.st.stm32cube.ide.mcu.externaltools.gnu-tools-for-stm32.14.3.rel1.win32_1.0.100.202602081740/tools/bin/../lib/gcc/arm-none-eabi/14.3.1/../../../../arm-none-eabi/lib/thumb/v7-m/nofp\libc_nano.a(libc_a-reent.o)
                0x20002684                errno
 .bss.__lock___malloc_recursive_mutex
                0x20002688        0x1 D:/STM32CubeIDE_2.1.1/STM32CubeIDE/plugins/com.st.stm32cube.ide.mcu.externaltools.gnu-tools-for-stm32.14.3.rel1.win32_1.0.100.202602081740/tools/bin/../lib/gcc/arm-none-eabi/14.3.1/../../../../arm-none-eabi/lib/thumb/v7-m/nofp\libc_nano.a(libc_a-lock.o)
                0x20002688                __lock___malloc_recursive_mutex
 .bss.__lock___sfp_recursive_mutex
                0x20002689        0x1 D:/STM32CubeIDE_2.1.1/STM32CubeIDE/plugins/com.st.stm32cube.ide.mcu.externaltools.gnu-tools-for-stm32.14.3.rel1.win32_1.0.100.202602081740/tools/bin/../lib/gcc/arm-none-eabi/14.3.1/../../../../arm-none-eabi/lib/thumb/v7-m/nofp\libc_nano.a(libc_a-lock.o)
                0x20002689                __lock___sfp_recursive_mutex
 *fill*         0x2000268a        0x2 
 .bss.__malloc_sbrk_start
                0x2000268c        0x4 D:/STM32CubeIDE_2.1.1/STM32CubeIDE/plugins/com.st.stm32cube.ide.mcu.externaltools.gnu-tools-for-stm32.14.3.rel1.win32_1.0.100.202602081740/tools/bin/../lib/gcc/arm-none-eabi/14.3.1/../../../../arm-none-eabi/lib/thumb/v7-m/nofp\libc_nano.a(libc_a-mallocr.o)
                0x2000268c                __malloc_sbrk_start
 .bss.__malloc_free_list
                0x20002690        0x4 D:/STM32CubeIDE_2.1.1/STM32CubeIDE/plugins/com.st.stm32cube.ide.mcu.externaltools.gnu-tools-for-stm32.14.3.rel1.win32_1.0.100.202602081740/tools/bin/../lib/gcc/arm-none-eabi/14.3.1/../../../../arm-none-eabi/lib/thumb/v7-m/nofp\libc_nano.a(libc_a-mallocr.o)
                0x20002690                __malloc_free_list
 *(COMMON)
                0x20002694                        . = ALIGN (0x4)
                0x20002694                        _ebss = .
                0x20002694                        __bss_end__ = _ebss

._user_heap_stack
                0x20002694      0x604 load address 0x0800beec
                0x20002698                        . = ALIGN (0x8)
 *fill*         0x20002694        0x4 
                [!provide]                        PROVIDE (end = .)
                0x20002698                        PROVIDE (_end = .)
                0x20002898                        . = (. + _Min_Heap_Size)
 *fill*         0x20002698      0x200 
                0x20002c98                        . = (. + _Min_Stack_Size)
 *fill*         0x20002898      0x400 
                0x20002c98                        . = ALIGN (0x8)

/DISCARD/
 libc.a(*)
 libm.a(*)
 libgcc.a(*)

.ARM.attributes
                0x00000000       0x29
 *(.ARM.attributes)
 .ARM.attributes
                0x00000000       0x1d D:/STM32CubeIDE_2.1.1/STM32CubeIDE/plugins/com.st.stm32cube.ide.mcu.externaltools.gnu-tools-for-stm32.14.3.rel1.win32_1.0.100.202602081740/tools/bin/../lib/gcc/arm-none-eabi/14.3.1/thumb/v7-m/nofp/crti.o
 .ARM.attributes