Archive member included to satisfy reference by file (symbol)

D:/STM32CubeIDE_2.1.1/STM32CubeIDE/plugins/com.st.stm32cube.ide.mcu.externaltools.gnu-tools-for-stm32.14.3.rel1.win32_1.0.100.202602081740/tools/bin/../lib/gcc/arm-none-eabi/14.3.1/../../../../arm-none-eabi/lib/thumb/v7-m/nofp\libc_nano.a(libc_a-exit.o)
                              D:/STM32CubeIDE_2.1.1/STM32CubeIDE/plugins/com.st.stm32cube.ide.mcu.externaltools.gnu-tools-for-stm32.14.3.rel1.win32_1.0.100.202602081740/tools/bin/../lib/gcc/arm-none-eabi/14.3.1/../../../../arm-none-eabi/lib/thumb/v7-m/nofp/crt0.o (exit)
D:/STM32CubeIDE_2.1.1/STM32CubeIDE/plugins/com.st.stm32cube.ide.mcu.externaltools.gnu-tools-for-stm32.14.3.rel1.win32_1.0.100.202602081740/tools/bin/../lib/gcc/arm-none-eabi/14.3.1/../../../../arm-none-eabi/lib/thumb/v7-m/nofp\libc_nano.a(libc_a-findfp.o)
                              D:/STM32CubeIDE_2.1.1/STM32CubeIDE/plugins/com.st.stm32cube.ide.mcu.externaltools.gnu-tools-for-stm32.14.3.rel1.win32_1.0.100.202602081740/tools/bin/../lib/gcc/arm-none-eabi/14.3.1/../../../../arm-none-eabi/lib/thumb/v7-m/nofp\libc_nano.a(libc_a-exit.o) (__stdio_exit_handler)
D:/STM32CubeIDE_2.1.1/STM32CubeIDE/plugins/com.st.stm32cube.ide.mcu.externaltools.gnu-tools-for-stm32.14.3.rel1.win32_1.0.100.202602081740/tools/bin/../lib/gcc/arm-none-eabi/14.3.1/../../../../arm-none-eabi/lib/thumb/v7-m/nofp\libc_nano.a(libc_a-fwalk.o)
                              D:/STM32CubeIDE_2.1.1/STM32CubeIDE/plugins/com.st.stm32cube.ide.mcu.externaltools.gnu-tools-for-stm32.14.3.rel1.win32_1.0.100.202602081740/tools/bin/../lib/gcc/arm-none-eabi/14.3.1/../../../../arm-none-eabi/lib/thumb/v7-m/nofp\libc_nano.a(libc_a-findfp.o) (_fwalk_sglue)
D:/STM32CubeIDE_2.1.1/STM32CubeIDE/plugins/com.st.stm32cube.ide.mcu.externaltools.gnu-tools-for-stm32.14.3.rel1.win32_1.0.100.202602081740/tools/bin/../lib/gcc/arm-none-eabi/14.3.1/../../../../arm-none-eabi/lib/thumb/v7-m/nofp\libc_nano.a(libc_a-stdio.o)
                              D:/STM32CubeIDE_2.1.1/STM32CubeIDE/plugins/com.st.stm32cube.ide.mcu.externaltools.gnu-tools-for-stm32.14.3.rel1.win32_1.0.100.202602081740/tools/bin/../lib/gcc/arm-none-eabi/14.3.1/../../../../arm-none-eabi/lib/thumb/v7-m/nofp\libc_nano.a(libc_a-findfp.o) (__sread)
D:/STM32CubeIDE_2.1.1/STM32CubeIDE/plugins/com.st.stm32cube.ide.mcu.externaltools.gnu-tools-for-stm32.14.3.rel1.win32_1.0.100.202602081740/tools/bin/../lib/gcc/arm-none-eabi/14.3.1/../../../../arm-none-eabi/lib/thumb/v7-m/nofp\libc_nano.a(libc_a-memset.o)
                              D:/STM32CubeIDE_2.1.1/STM32CubeIDE/plugins/com.st.stm32cube.ide.mcu.externaltools.gnu-tools-for-stm32.14.3.rel1.win32_1.0.100.202602081740/tools/bin/../lib/gcc/arm-none-eabi/14.3.1/../../../../arm-none-eabi/lib/thumb/v7-m/nofp/crt0.o (memset)
D:/STM32CubeIDE_2.1.1/STM32CubeIDE/plugins/com.st.stm32cube.ide.mcu.externaltools.gnu-tools-for-stm32.14.3.rel1.win32_1.0.100.202602081740/tools/bin/../lib/gcc/arm-none-eabi/14.3.1/../../../../arm-none-eabi/lib/thumb/v7-m/nofp\libc_nano.a(libc_a-closer.o)
                              D:/STM32CubeIDE_2.1.1/STM32CubeIDE/plugins/com.st.stm32cube.ide.mcu.externaltools.gnu-tools-for-stm32.14.3.rel1.win32_1.0.100.202602081740/tools/bin/../lib/gcc/arm-none-eabi/14.3.1/../../../../arm-none-eabi/lib/thumb/v7-m/nofp\libc_nano.a(libc_a-stdio.o) (_close_r)
D:/STM32CubeIDE_2.1.1/STM32CubeIDE/plugins/com.st.stm32cube.ide.mcu.externaltools.gnu-tools-for-stm32.14.3.rel1.win32_1.0.100.202602081740/tools/bin/../lib/gcc/arm-none-eabi/14.3.1/../../../../arm-none-eabi/lib/thumb/v7-m/nofp\libc_nano.a(libc_a-reent.o)
                              D:/STM32CubeIDE_2.1.1/STM32CubeIDE/plugins/com.st.stm32cube.ide.mcu.externaltools.gnu-tools-for-stm32.14.3.rel1.win32_1.0.100.202602081740/tools/bin/../lib/gcc/arm-none-eabi/14.3.1/../../../../arm-none-eabi/lib/thumb/v7-m/nofp\libc_nano.a(libc_a-closer.o) (errno)
D:/STM32CubeIDE_2.1.1/STM32CubeIDE/plugins/com.st.stm32cube.ide.mcu.externaltools.gnu-tools-for-stm32.14.3.rel1.win32_1.0.100.202602081740/tools/bin/../lib/gcc/arm-none-eabi/14.3.1/../../../../arm-none-eabi/lib/thumb/v7-m/nofp\libc_nano.a(libc_a-impure.o)
                              D:/STM32CubeIDE_2.1.1/STM32CubeIDE/plugins/com.st.stm32cube.ide.mcu.externaltools.gnu-tools-for-stm32.14.3.rel1.win32_1.0.100.202602081740/tools/bin/../lib/gcc/arm-none-eabi/14.3.1/../../../../arm-none-eabi/lib/thumb/v7-m/nofp\libc_nano.a(libc_a-reent.o) (_impure_ptr)
D:/STM32CubeIDE_2.1.1/STM32CubeIDE/plugins/com.st.stm32cube.ide.mcu.externaltools.gnu-tools-for-stm32.14.3.rel1.win32_1.0.100.202602081740/tools/bin/../lib/gcc/arm-none-eabi/14.3.1/../../../../arm-none-eabi/lib/thumb/v7-m/nofp\libc_nano.a(libc_a-lseekr.o)
                              D:/STM32CubeIDE_2.1.1/STM32CubeIDE/plugins/com.st.stm32cube.ide.mcu.externaltools.gnu-tools-for-stm32.14.3.rel1.win32_1.0.100.202602081740/tools/bin/../lib/gcc/arm-none-eabi/14.3.1/../../../../arm-none-eabi/lib/thumb/v7-m/nofp\libc_nano.a(libc_a-stdio.o) (_lseek_r)
[...]
Memory Configuration

Name             Origin             Length             Attributes
RAM              0x20000000         0x00005000         xrw
FLASH            0x08000000         0x00010000         xr
*default*        0x00000000         0xffffffff

Linker script and memory map

LOAD D:/STM32CubeIDE_2.1.1/STM32CubeIDE/plugins/com.st.stm32cube.ide.mcu.externaltools.gnu-tools-for-stm32.14.3.rel1.win32_1.0.100.202602081740/tools/bin/../lib/gcc/arm-none-eabi/14.3.1/thumb/v7-m/nofp/crti.o
LOAD D:/STM32CubeIDE_2.1.1/STM32CubeIDE/plugins/com.st.stm32cube.ide.mcu.externaltools.gnu-tools-for-stm32.14.3.rel1.win32_1.0.100.202602081740/tools/bin/../lib/gcc/arm-none-eabi/14.3.1/thumb/v7-m/nofp/crtbegin.o
LOAD D:/STM32CubeIDE_2.1.1/STM32CubeIDE/plugins/com.st.stm32cube.ide.mcu.externaltools.gnu-tools-for-stm32.14.3.rel1.win32_1.0.100.202602081740/tools/bin/../lib/gcc/arm-none-eabi/14.3.1/../../../../arm-none-eabi/lib/thumb/v7-m/nofp/crt0.o
LOAD ./Application/app_board_slave/app_board_slave.o
LOAD ./Application/app_debug/app_debug.o
LOAD ./Application/app_gps/app_gps.o
LOAD ./Application/app_led/app_led.o
LOAD ./Application/app_main/app_main.o
LOAD ./Application/app_task/app_task.o
LOAD ./Application/protocol/protocol.o
LOAD ./BSP/board_devices/board_devices.o
LOAD ./BSP/board_service/board_service.o
LOAD ./BSP/board_service/param.o
LOAD ./BSP/debug_port/debug_port.o
LOAD ./BSP/gpio_port/gpio_port.o
LOAD ./BSP/hal_callbacks/hal_callbacks.o
LOAD ./BSP/i2c_port/i2c_port.o
LOAD ./BSP/rtos_port/rtos_port.o
LOAD ./BSP/slave_link_port/slave_link_port.o
LOAD ./BSP/spi_port/spi_port.o
LOAD ./BSP/uart_port/uart_port.o
LOAD ./Core/Src/main.o
LOAD ./Core/Src/stm32f1xx_hal_msp.o
LOAD ./Core/Src/stm32f1xx_it.o
LOAD ./Core/Src/syscalls.o
LOAD ./Core/Src/sysmem.o
LOAD ./Core/Src/system_stm32f1xx.o
LOAD ./Core/Startup/startup_stm32f103c8tx.o
LOAD ./Drivers/STM32F1xx_HAL_Driver/Src/stm32f1xx_hal.o
LOAD ./Drivers/STM32F1xx_HAL_Driver/Src/stm32f1xx_hal_cortex.o
LOAD ./Drivers/STM32F1xx_HAL_Driver/Src/stm32f1xx_hal_dma.o
LOAD ./Drivers/STM32F1xx_HAL_Driver/Src/stm32f1xx_hal_exti.o
LOAD ./Drivers/STM32F1xx_HAL_Driver/Src/stm32f1xx_hal_flash.o
LOAD ./Drivers/STM32F1xx_HAL_Driver/Src/stm32f1xx_hal_flash_ex.o
LOAD ./Drivers/STM32F1xx_HAL_Driver/Src/stm32f1xx_hal_gpio.o
LOAD ./Drivers/STM32F1xx_HAL_Driver/Src/stm32f1xx_hal_gpio_ex.o
LOAD ./Drivers/STM32F1xx_HAL_Driver/Src/stm32f1xx_hal_pwr.o
LOAD ./Drivers/STM32F1xx_HAL_Driver/Src/stm32f1xx_hal_rcc.o
LOAD ./Drivers/STM32F1xx_HAL_Driver/Src/stm32f1xx_hal_rcc_ex.o
LOAD ./Drivers/STM32F1xx_HAL_Driver/Src/stm32f1xx_hal_uart.o
LOAD ./Middleware/FreeRTOS-Kernel/croutine.o
LOAD ./Middleware/FreeRTOS-Kernel/event_groups.o
LOAD ./Middleware/FreeRTOS-Kernel/list.o
LOAD ./Middleware/FreeRTOS-Kernel/queue.o
LOAD ./Middleware/FreeRTOS-Kernel/stream_buffer.o
LOAD ./Middleware/FreeRTOS-Kernel/tasks.o
LOAD ./Middleware/FreeRTOS-Kernel/timers.o
LOAD ./Middleware/FreeRTOS-Kernel/portable/GCC/ARM_CM3/port.o
LOAD ./Middleware/FreeRTOS-Kernel/portable/MemMang/heap_4.o
START GROUP
LOAD D:/STM32CubeIDE_2.1.1/STM32CubeIDE/plugins/com.st.stm32cube.ide.mcu.externaltools.gnu-tools-for-stm32.14.3.rel1.win32_1.0.100.202602081740/tools/bin/../lib/gcc/arm-none-eabi/14.3.1/../../../../arm-none-eabi/lib/thumb/v7-m/nofp\libc_nano.a
LOAD D:/STM32CubeIDE_2.1.1/STM32CubeIDE/plugins/com.st.stm32cube.ide.mcu.externaltools.gnu-tools-for-stm32.14.3.rel1.win32_1.0.100.202602081740/tools/bin/../lib/gcc/arm-none-eabi/14.3.1/../../../../arm-none-eabi/lib/thumb/v7-m/nofp\libm.a
END GROUP
START GROUP
LOAD D:/STM32CubeIDE_2.1.1/STM32CubeIDE/plugins/com.st.stm32cube.ide.mcu.externaltools.gnu-tools-for-stm32.14.3.rel1.win32_1.0.100.202602081740/tools/bin/../lib/gcc/arm-none-eabi/14.3.1/thumb/v7-m/nofp\libgcc.a
LOAD D:/STM32CubeIDE_2.1.1/STM32CubeIDE/plugins/com.st.stm32cube.ide.mcu.externaltools.gnu-tools-for-stm32.14.3.rel1.win32_1.0.100.202602081740/tools/bin/../lib/gcc/arm-none-eabi/14.3.1/../../../../arm-none-eabi/lib/thumb/v7-m/nofp\libc_nano.a
END GROUP
START GROUP
LOAD D:/STM32CubeIDE_2.1.1/STM32CubeIDE/plugins/com.st.stm32cube.ide.mcu.externaltools.gnu-tools-for-stm32.14.3.rel1.win32_1.0.100.202602081740/tools/bin/../lib/gcc/arm-none-eabi/14.3.1/thumb/v7-m/nofp\libgcc.a
LOAD D:/STM32CubeIDE_2.1.1/STM32CubeIDE/plugins/com.st.stm32cube.ide.mcu.externaltools.gnu-tools-for-stm32.14.3.rel1.win32_1.0.100.202602081740/tools/bin/../lib/gcc/arm-none-eabi/14.3.1/../../../../arm-none-eabi/lib/thumb/v7-m/nofp\libc_nano.a
LOAD D:/STM32CubeIDE_2.1.1/STM32CubeIDE/plugins/com.st.stm32cube.ide.mcu.externaltools.gnu-tools-for-stm32.14.3.rel1.win32_1.0.100.202602081740/tools/bin/../lib/gcc/arm-none-eabi/14.3.1/../../../../arm-none-eabi/lib/thumb/v7-m/nofp\libnosys.a
END GROUP
START GROUP
LOAD D:/STM32CubeIDE_2.1.1/STM32CubeIDE/plugins/com.st.stm32cube.ide.mcu.externaltools.gnu-tools-for-stm32.14.3.rel1.win32_1.0.100.202602081740/tools/bin/../lib/gcc/arm-none-eabi/14.3.1/thumb/v7-m/nofp\libgcc.a
LOAD D:/STM32CubeIDE_2.1.1/STM32CubeIDE/plugins/com.st.stm32cube.ide.mcu.externaltools.gnu-tools-for-stm32.14.3.rel1.win32_1.0.100.202602081740/tools/bin/../lib/gcc/arm-none-eabi/14.3.1/../../../../arm-none-eabi/lib/thumb/v7-m/nofp\libc_nano.a
LOAD D:/STM32CubeIDE_2.1.1/STM32CubeIDE/plugins/com.st.stm32cube.ide.mcu.externaltools.gnu-tools-for-stm32.14.3.rel1.win32_1.0.100.202602081740/tools/bin/../lib/gcc/arm-none-eabi/14.3.1/../../../../arm-none-eabi/lib/thumb/v7-m/nofp\libnosys.a
END GROUP
LOAD D:/STM32CubeIDE_2.1.1/STM32CubeIDE/plugins/com.st.stm32cube.ide.mcu.externaltools.gnu-tools-for-stm32.14.3.rel1.win32_1.0.100.202602081740/tools/bin/../lib/gcc/arm-none-eabi/14.3.1/thumb/v7-m/nofp/crtend.o
LOAD D:/STM32CubeIDE_2.1.1/STM32CubeIDE/plugins/com.st.stm32cube.ide.mcu.externaltools.gnu-tools-for-stm32.14.3.rel1.win32_1.0.100.202602081740/tools/bin/../lib/gcc/arm-none-eabi/14.3.1/thumb/v7-m/nofp/crtn.o
                0x20005000                        _estack = (ORIGIN (RAM) + LENGTH (RAM))
                0x00000200                        _Min_Heap_Size = 0x200
                0x00000400                        _Min_Stack_Size = 0x400

.isr_vector     0x08000000      0x10c
                0x08000000                        . = ALIGN (0x4)
 *(.isr_vector)
 .isr_vector    0x08000000      0x10c ./Core/Startup/startup_stm32f103c8tx.o
                0x08000000                g_pfnVectors
                0x0800010c                        . = ALIGN (0x4)

.text           0x08000110     0x9094
                0x08000110                        . = ALIGN (0x4)
 *(.text)
 .text          0x08000110       0x40 D:/STM32CubeIDE_2.1.1/STM32CubeIDE/plugins/com.st.stm32cube.ide.mcu.externaltools.gnu-tools-for-stm32.14.3.rel1.win32_1.0.100.202602081740/tools/bin/../lib/gcc/arm-none-eabi/14.3.1/thumb/v7-m/nofp/crtbegin.o
 .text          0x08000150       0x14 D:/STM32CubeIDE_2.1.1/STM32CubeIDE/plugins/com.st.stm32cube.ide.mcu.externaltools.gnu-tools-for-stm32.14.3.rel1.win32_1.0.100.202602081740/tools/bin/../lib/gcc/arm-none-eabi/14.3.1/../../../../arm-none-eabi/lib/thumb/v7-m/nofp\libc_nano.a(libc_a-strcmp.o)
                0x08000150                strcmp
 .text          0x08000164       0x30 D:/STM32CubeIDE_2.1.1/STM32CubeIDE/plugins/com.st.stm32cube.ide.mcu.externaltools.gnu-tools-for-stm32.14.3.rel1.win32_1.0.100.202602081740/tools/bin/../lib/gcc/arm-none-eabi/14.3.1/thumb/v7-m/nofp\libgcc.a(_aeabi_uldivmod.o)
                0x08000164                __aeabi_uldivmod
 .text          0x08000194      0x2f4 D:/STM32CubeIDE_2.1.1/STM32CubeIDE/plugins/com.st.stm32cube.ide.mcu.externaltools.gnu-tools-for-stm32.14.3.rel1.win32_1.0.100.202602081740/tools/bin/../lib/gcc/arm-none-eabi/14.3.1/thumb/v7-m/nofp\libgcc.a(_udivmoddi4.o)
                0x08000194                __udivmoddi4
 .text          0x08000488        0x4 D:/STM32CubeIDE_2.1.1/STM32CubeIDE/plugins/com.st.stm32cube.ide.mcu.externaltools.gnu-tools-for-stm32.14.3.rel1.win32_1.0.100.202602081740/tools/bin/../lib/gcc/arm-none-eabi/14.3.1/thumb/v7-m/nofp\libgcc.a(_dvmd_tls.o)
                0x08000488                __aeabi_idiv0
                0x08000488                __aeabi_ldiv0
 *(.text*)
 .text.app_board_slave_init
                0x0800048c       0x5c ./Application/app_board_slave/app_board_slave.o
                0x0800048c                app_board_slave_init
 .text.app_board_slave_rx_byte
                0x080004e8       0x34 ./Application/app_board_slave/app_board_slave.o
                0x080004e8                app_board_slave_rx_byte
 .text.app_board_slave_rx_byte_from_isr
                0x0800051c       0x54 ./Application/app_board_slave/app_board_slave.o
                0x0800051c                app_board_slave_rx_byte_from_isr
 .text.app_board_slave_handle_message
                0x08000570       0x84 ./Application/app_board_slave/app_board_slave.o
                0x08000570                app_board_slave_handle_message
 .text.app_board_slave_task_entry
                0x080005f4       0x84 ./Application/app_board_slave/app_board_slave.o
                0x080005f4                app_board_slave_task_entry
 .text.app_board_slave_is_link_active
                0x08000678        0xe ./Application/app_board_slave/app_board_slave.o
 .text.app_board_slave_send_led_control
                0x08000686       0x40 ./Application/app_board_slave/app_board_slave.o
 .text.app_board_slave_send_led_status_request
                0x080006c6       0x14 ./Application/app_board_slave/app_board_slave.o
 .text.app_board_slave_send_led_status
                0x080006da       0x42 ./Application/app_board_slave/app_board_slave.o
 .text.app_board_slave_send_frame
                0x0800071c       0x5c ./Application/app_board_slave/app_board_slave.o
 .text.app_board_slave_encode_led_payload
                0x08000778       0x7a ./Application/app_board_slave/app_board_slave.o
 .text.app_board_slave_encode_led_status_payload
                0x080007f2       0x72 ./Application/app_board_slave/app_board_slave.o
 .text.app_board_slave_decode_frame
                0x08000864       0x46 ./Application/app_board_slave/app_board_slave.o
 .text.app_board_slave_decode_led_control
                0x080008aa       0x96 ./Application/app_board_slave/app_board_slave.o
 .text.app_board_slave_decode_led_status
                0x08000940       0x8a ./Application/app_board_slave/app_board_slave.o
 *fill*         0x080009ca        0x2 
 .text.app_debug_init
                0x080009cc       0x60 ./Application/app_debug/app_debug.o
                0x080009cc                app_debug_init
 .text.app_debug_print
                0x08000a2c       0x32 ./Application/app_debug/app_debug.o
                0x08000a2c                app_debug_print
 *fill*         0x08000a5e        0x2 
 .text.app_debug_rx_byte_from_isr
                0x08000a60       0x54 ./Application/app_debug/app_debug.o
                0x08000a60                app_debug_rx_byte_from_isr
 .text.app_debug_handle_message
                0x08000ab4       0xa8 ./Application/app_debug/app_debug.o
                0x08000ab4                app_debug_handle_message
 .text.app_debug_task_entry
                0x08000b5c       0x20 ./Application/app_debug/app_debug.o
                0x08000b5c                app_debug_task_entry
 .text.app_debug_process_rx
                0x08000b7c       0xd4 ./Application/app_debug/app_debug.o
 .text.app_debug_execute_command
                0x08000c50       0xb8 ./Application/app_debug/app_debug.o
 .text.app_debug_split_args
                0x08000d08       0x86 ./Application/app_debug/app_debug.o
 *fill*         0x08000d8e        0x2 
 .text.app_debug_handle_led_command
                0x08000d90       0xd4 ./Application/app_debug/app_debug.o
 .text.app_debug_handle_param_command
                0x08000e64       0x40 ./Application/app_debug/app_debug.o
 .text.app_debug_handle_gps_command
                0x08000ea4       0x40 ./Application/app_debug/app_debug.o
 .text.app_debug_print_command_list
                0x08000ee4       0x14 ./Application/app_debug/app_debug.o
 .text.app_debug_print_led_usage
                0x08000ef8       0x14 ./Application/app_debug/app_debug.o
 .text.app_debug_print_board_slave_led_usage
                0x08000f0c       0x14 ./Application/app_debug/app_debug.o
 .text.app_debug_parse_local_led_command
                0x08000f20       0x74 ./Application/app_debug/app_debug.o
 .text.app_debug_parse_board_slave_led_command
                0x08000f94       0xa0 ./Application/app_debug/app_debug.o
 .text.app_debug_parse_led_action
                0x08001034       0x78 ./Application/app_debug/app_debug.o
 .text.app_debug_parse_led_blink
                0x080010ac       0x72 ./Application/app_debug/app_debug.o
 .text.app_debug_parse_led_blink_hz
                0x0800111e       0x8a ./Application/app_debug/app_debug.o
 .text.app_debug_parse_u16
                0x080011a8       0x3c ./Application/app_debug/app_debug.o
 .text.app_debug_parse_u32_limit
                0x080011e4       0xe2 ./Application/app_debug/app_debug.o
 .text.app_debug_ascii_to_nibble
                0x080012c6       0x66 ./Application/app_debug/app_debug.o
 .text.app_debug_streq
                0x0800132c       0x56 ./Application/app_debug/app_debug.o
 .text.app_debug_text_len
                0x08001382       0x36 ./Application/app_debug/app_debug.o
 .text.app_debug_post_led_control
                0x080013b8       0x42 ./Application/app_debug/app_debug.o
 .text.app_debug_post_board_slave_led_request
                0x080013fa       0x28 ./Application/app_debug/app_debug.o
 *fill*         0x08001422        0x2 
 .text.app_debug_print_param_table
                0x08001424       0x58 ./Application/app_debug/app_debug.o
 .text.app_debug_print_gps_snapshot
                0x0800147c      0x240 ./Application/app_debug/app_debug.o
 .text.app_debug_print_text_or_dash
                0x080016bc       0x30 ./Application/app_debug/app_debug.o
 .text.app_debug_write_i32
                0x080016ec       0x34 ./Application/app_debug/app_debug.o
 .text.app_debug_write_u32
                0x08001720       0x78 ./Application/app_debug/app_debug.o
 .text.app_gps_init
                0x08001798       0x6c ./Application/app_gps/app_gps.o
                0x08001798                app_gps_init
 .text.app_gps_rx_byte_from_isr
                0x08001804       0x54 ./Application/app_gps/app_gps.o
                0x08001804                app_gps_rx_byte_from_isr
 .text.app_gps_get_snapshot
                0x08001858       0x34 ./Application/app_gps/app_gps.o
                0x08001858                app_gps_get_snapshot
 .text.app_gps_task_entry
                0x0800188c       0x16 ./Application/app_gps/app_gps.o
                0x0800188c                app_gps_task_entry
 *fill*         0x080018a2        0x2 
 .text.app_gps_process_rx
                0x080018a4       0xbc ./Application/app_gps/app_gps.o
 .text.app_gps_finish_sentence
                0x08001960       0x4c ./Application/app_gps/app_gps.o
 .text.app_gps_checksum_is_valid
                0x080019ac       0xb2 ./Application/app_gps/app_gps.o
 .text.app_gps_hex_to_nibble
                0x08001a5e       0x70 ./Application/app_gps/app_gps.o
 .text.app_gps_split_fields
                0x08001ace       0x9e ./Application/app_gps/app_gps.o
 .text.app_gps_parse_sentence
                0x08001b6c      0x12c ./Application/app_gps/app_gps.o
 .text.app_gps_parse_rmc
                0x08001c98       0xe0 ./Application/app_gps/app_gps.o
 .text.app_gps_parse_vtg
                0x08001d78       0x4c ./Application/app_gps/app_gps.o
 .text.app_gps_parse_gga
                0x08001dc4       0xd8 ./Application/app_gps/app_gps.o
 .text.app_gps_parse_gsa
                0x08001e9c       0x74 ./Application/app_gps/app_gps.o
 .text.app_gps_parse_gsv
                0x08001f10       0x38 ./Application/app_gps/app_gps.o
 .text.app_gps_parse_gll
                0x08001f48       0xb8 ./Application/app_gps/app_gps.o
 .text.app_gps_sentence_is
                0x08002000       0x82 ./Application/app_gps/app_gps.o
 .text.app_gps_copy_text
                0x08002082       0x70 ./Application/app_gps/app_gps.o
 .text.app_gps_copy_if_present
                0x080020f2       0x2e ./Application/app_gps/app_gps.o
 .text.app_gps_text_is_empty
                0x08002120       0x28 ./Application/app_gps/app_gps.o
 .text.app_led_init
                0x08002148       0x6c ./Application/app_led/app_led.o
                0x08002148                app_led_init
 .text.app_led_on
                0x080021b4       0x1a ./Application/app_led/app_led.o
                0x080021b4                app_led_on
 .text.app_led_off
                0x080021ce       0x1a ./Application/app_led/app_led.o
                0x080021ce                app_led_off
 .text.app_led_toggle
                0x080021e8       0x1a ./Application/app_led/app_led.o
                0x080021e8                app_led_toggle
 *fill*         0x08002202        0x2 
 .text.app_led_get_status
                0x08002204       0x5c ./Application/app_led/app_led.o
                0x08002204                app_led_get_status
 .text.app_led_handle_message
                0x08002260       0x5c ./Application/app_led/app_led.o
                0x08002260                app_led_handle_message
 .text.app_led_task_entry
                0x080022bc       0x3e ./Application/app_led/app_led.o
                0x080022bc                app_led_task_entry
 .text.hz_to_toggle_period_ms
                0x080022fa       0x4a ./Application/app_led/app_led.o
 .text.app_led_apply_control
                0x08002344      0x148 ./Application/app_led/app_led.o
 .text.app_led_handle_tick
                0x0800248c       0x98 ./Application/app_led/app_led.o
 .text.app_led_stop_blink
                0x08002524       0x34 ./Application/app_led/app_led.o
 .text.app_main_init
                0x08002558       0x20 ./Application/app_main/app_main.o
                0x08002558                app_main_init
 .text.app_main_start
                0x08002578       0x26 ./Application/app_main/app_main.o
                0x08002578                app_main_start
 *fill*         0x0800259e        0x2 
 .text.app_task_init
                0x080025a0       0x64 ./Application/app_task/app_task.o
                0x080025a0                app_task_init
 .text.app_task_start
                0x08002604      0x19c ./Application/app_task/app_task.o
                0x08002604                app_task_start
 .text.app_task_post
                0x080027a0       0x84 ./Application/app_task/app_task.o
                0x080027a0                app_task_post
 .text.app_main_task
                0x08002824       0x98 ./Application/app_task/app_task.o
 .text.app_task_ticks_to_ms
                0x080028bc       0x88 ./Application/app_task/app_task.o
 .text.protocol_parser_init
                0x08002944       0x28 ./Application/protocol/protocol.o
                0x08002944                protocol_parser_init
 .text.protocol_parse_byte
                0x0800296c      0x104 ./Application/protocol/protocol.o
                0x0800296c                protocol_parse_byte
 .text.protocol_encode_frame
                0x08002a70       0x6c ./Application/protocol/protocol.o
                0x08002a70                protocol_encode_frame
 .text.board_devices_get_uart
                0x08002adc       0x34 ./BSP/board_devices/board_devices.o
                0x08002adc                board_devices_get_uart
 .text.board_devices_uart_instance_from_handle
                0x08002b10       0x34 ./BSP/board_devices/board_devices.o
                0x08002b10                board_devices_uart_instance_from_handle
 .text.board_service_init
                0x08002b44        0xc ./BSP/board_service/board_service.o
                0x08002b44                board_service_init
 .text.board_service_console_init
                0x08002b50        0xc ./BSP/board_service/board_service.o
                0x08002b50                board_service_console_init
 .text.board_service_console_write
                0x08002b5c       0x46 ./BSP/board_service/board_service.o
                0x08002b5c                board_service_console_write
 .text.board_service_console_uses_uart
                0x08002ba2       0x26 ./BSP/board_service/board_service.o
                0x08002ba2                board_service_console_uses_uart
 .text.board_service_gps_uses_uart
                0x08002bc8       0x26 ./BSP/board_service/board_service.o
                0x08002bc8                board_service_gps_uses_uart
 *fill*         0x08002bee        0x2 
 .text.board_service_status_led_init
                0x08002bf0       0x20 ./BSP/board_service/board_service.o
                0x08002bf0                board_service_status_led_init
 .text.board_service_status_led_on
                0x08002c10       0x38 ./BSP/board_service/board_service.o
                0x08002c10                board_service_status_led_on
 .text.board_service_status_led_off
                0x08002c48       0x38 ./BSP/board_service/board_service.o
                0x08002c48                board_service_status_led_off
 .text.board_service_status_led_toggle
                0x08002c80       0x30 ./BSP/board_service/board_service.o
                0x08002c80                board_service_status_led_toggle
 .text.board_service_status_led_toggle_default
                0x08002cb0        0xe ./BSP/board_service/board_service.o
                0x08002cb0                board_service_status_led_toggle_default
 .text.board_service_slave_link_is_active
                0x08002cbe       0x2c ./BSP/board_service/board_service.o
                0x08002cbe                board_service_slave_link_is_active
 .text.board_service_slave_link_write
                0x08002cea       0x38 ./BSP/board_service/board_service.o
                0x08002cea                board_service_slave_link_write
 .text.board_service_slave_link_poll_rx
                0x08002d22       0x20 ./BSP/board_service/board_service.o
                0x08002d22                board_service_slave_link_poll_rx
 .text.board_service_slave_link_start_rx
                0x08002d42        0xe ./BSP/board_service/board_service.o
                0x08002d42                board_service_slave_link_start_rx
 .text.board_service_slave_link_uses_uart
                0x08002d50       0x2a ./BSP/board_service/board_service.o
                0x08002d50                board_service_slave_link_uses_uart
 .text.board_service_transport_is_enabled
                0x08002d7a       0x52 ./BSP/board_service/board_service.o
 .text.board_service_transport_is_slave
                0x08002dcc       0xb4 ./BSP/board_service/board_service.o
 .text.board_service_transport_write
                0x08002e80       0xdc ./BSP/board_service/board_service.o
 .text.board_service_transport_is_selected_slave_link
                0x08002f5c       0x2e ./BSP/board_service/board_service.o
 .text.board_service_status_led_id_is_valid
                0x08002f8a       0x20 ./BSP/board_service/board_service.o
 .text.board_service_status_led_on_state
                0x08002faa        0xe ./BSP/board_service/board_service.o
 .text.board_service_status_led_off_state
                0x08002fb8        0xe ./BSP/board_service/board_service.o
 .text.board_service_uart_protocol
                0x08002fc6       0x38 ./BSP/board_service/board_service.o
 .text.board_service_find_uart_protocol
                0x08002ffe       0x4a ./BSP/board_service/board_service.o
 .text.param_id_is_valid
                0x08003048       0x20 ./BSP/board_service/param.o
 .text.param_name
                0x08003068       0x34 ./BSP/board_service/param.o
                0x08003068                param_name
 .text.param_get
                0x0800309c       0x34 ./BSP/board_service/param.o
                0x0800309c                param_get
 .text.gpio_port_write
                0x080030d0       0x2c ./BSP/gpio_port/gpio_port.o
                0x080030d0                gpio_port_write
 .text.gpio_port_toggle
                0x080030fc       0x26 ./BSP/gpio_port/gpio_port.o
                0x080030fc                gpio_port_toggle
 *fill*         0x08003122        0x2 
 .text.hal_callbacks_init
                0x08003124       0x48 ./BSP/hal_callbacks/hal_callbacks.o
                0x08003124                hal_callbacks_init
 .text.HAL_UART_RxCpltCallback
                0x0800316c       0x8a ./BSP/hal_callbacks/hal_callbacks.o
                0x0800316c                HAL_UART_RxCpltCallback
 .text.HAL_UART_ErrorCallback
                0x080031f6       0x3e ./BSP/hal_callbacks/hal_callbacks.o
                0x080031f6                HAL_UART_ErrorCallback
 .text.hal_callbacks_uart_rx_byte_buffer
                0x08003234       0x3c ./BSP/hal_callbacks/hal_callbacks.o
 .text.i2c_port_is_enabled
                0x08003270       0x16 ./BSP/i2c_port/i2c_port.o
                0x08003270                i2c_port_is_enabled
 .text.i2c_port_master_write
                0x08003286       0x22 ./BSP/i2c_port/i2c_port.o
                0x08003286                i2c_port_master_write
 .text.rtos_port_on_systick
                0x080032a8       0x16 ./BSP/rtos_port/rtos_port.o
                0x080032a8                rtos_port_on_systick
 *fill*         0x080032be        0x2 
 .text.vApplicationStackOverflowHook
                0x080032c0       0x2c ./BSP/rtos_port/rtos_port.o
                0x080032c0                vApplicationStackOverflowHook
 .text.slave_link_port_uart_write
                0x080032ec       0x28 ./BSP/slave_link_port/slave_link_port.o
                0x080032ec                slave_link_port_uart_write
 .text.slave_link_port_uart_rx_byte_from_isr
                0x08003314       0x1a ./BSP/slave_link_port/slave_link_port.o
                0x08003314                slave_link_port_uart_rx_byte_from_isr
 *fill*         0x0800332e        0x2 
 .text.slave_link_port_spi_master_write
                0x08003330       0x6c ./BSP/slave_link_port/slave_link_port.o
                0x08003330                slave_link_port_spi_master_write
 .text.slave_link_port_i2c_master_write
                0x0800339c       0x58 ./BSP/slave_link_port/slave_link_port.o
                0x0800339c                slave_link_port_i2c_master_write
 .text.slave_link_port_clear_frame
                0x080033f4       0x1a ./BSP/slave_link_port/slave_link_port.o
 .text.slave_link_port_prepare_frame
                0x0800340e       0x28 ./BSP/slave_link_port/slave_link_port.o
 .text.slave_link_port_feed_frame
                0x08003436       0x32 ./BSP/slave_link_port/slave_link_port.o
 .text.spi_port_is_enabled
                0x08003468       0x16 ./BSP/spi_port/spi_port.o
                0x08003468                spi_port_is_enabled
 .text.spi_port_write
                0x0800347e       0x1e ./BSP/spi_port/spi_port.o
                0x0800347e                spi_port_write
 .text.spi_port_transfer
                0x0800349c       0x20 ./BSP/spi_port/spi_port.o
                0x0800349c                spi_port_transfer
 .text.uart_port_get_handle
                0x080034bc       0x1c ./BSP/uart_port/uart_port.o
 .text.uart_port_is_enabled
                0x080034d8       0x26 ./BSP/uart_port/uart_port.o
                0x080034d8                uart_port_is_enabled
 .text.uart_port_write
                0x080034fe       0x62 ./BSP/uart_port/uart_port.o
                0x080034fe                uart_port_write
 .text.uart_port_start_receive_it
                0x08003560       0x60 ./BSP/uart_port/uart_port.o
                0x08003560                uart_port_start_receive_it
 .text.uart_port_instance_from_handle
                0x080035c0       0x18 ./BSP/uart_port/uart_port.o
                0x080035c0                uart_port_instance_from_handle
 .text.main     0x080035d8       0x28 ./Core/Src/main.o
                0x080035d8                main
 .text.SystemClock_Config
                0x08003600       0x80 ./Core/Src/main.o
                0x08003600                SystemClock_Config
 .text.MX_USART1_UART_Init
                0x08003680       0x54 ./Core/Src/main.o
 .text.MX_USART2_UART_Init
                0x080036d4       0x54 ./Core/Src/main.o
 .text.MX_GPIO_Init
                0x08003728       0x80 ./Core/Src/main.o
 .text.Error_Handler
                0x080037a8        0xc ./Core/Src/main.o
                0x080037a8                Error_Handler
 .text.HAL_MspInit
                0x080037b4       0x64 ./Core/Src/stm32f1xx_hal_msp.o
                0x080037b4                HAL_MspInit
 .text.HAL_UART_MspInit
                0x08003818      0x128 ./Core/Src/stm32f1xx_hal_msp.o
                0x08003818                HAL_UART_MspInit
 .text.NMI_Handler
                0x08003940        0x8 ./Core/Src/stm32f1xx_it.o
                0x08003940                NMI_Handler
 .text.HardFault_Handler
                0x08003948        0x8 ./Core/Src/stm32f1xx_it.o
                0x08003948                HardFault_Handler
 .text.MemManage_Handler
                0x08003950        0x8 ./Core/Src/stm32f1xx_it.o
                0x08003950                MemManage_Handler
 .text.BusFault_Handler
                0x08003958        0x8 ./Core/Src/stm32f1xx_it.o
                0x08003958                BusFault_Handler
 .text.UsageFault_Handler
                0x08003960        0x8 ./Core/Src/stm32f1xx_it.o
                0x08003960                UsageFault_Handler
 .text.DebugMon_Handler
                0x08003968        0xc ./Core/Src/stm32f1xx_it.o
                0x08003968                DebugMon_Handler
 .text.SysTick_Handler
                0x08003974       0x10 ./Core/Src/stm32f1xx_it.o
                0x08003974                SysTick_Handler
 .text.USART1_IRQHandler
                0x08003984       0x14 ./Core/Src/stm32f1xx_it.o
                0x08003984                USART1_IRQHandler
 .text.USART2_IRQHandler
                0x08003998       0x14 ./Core/Src/stm32f1xx_it.o
                0x08003998                USART2_IRQHandler
 .text.SystemInit
                0x080039ac        0xc ./Core/Src/system_stm32f1xx.o
                0x080039ac                SystemInit
 .text.Reset_Handler
                0x080039b8       0x48 ./Core/Startup/startup_stm32f103c8tx.o
                0x080039b8                Reset_Handler
 .text.Default_Handler
                0x08003a00        0x2 ./Core/Startup/startup_stm32f103c8tx.o
                0x08003a00                RTC_Alarm_IRQHandler
                0x08003a00                EXTI2_IRQHandler
                0x08003a00                TIM1_CC_IRQHandler
                0x08003a00                PVD_IRQHandler
                0x08003a00                EXTI3_IRQHandler
                0x08003a00                EXTI0_IRQHandler
                0x08003a00                I2C2_EV_IRQHandler
                0x08003a00                ADC1_2_IRQHandler
                0x08003a00                SPI1_IRQHandler
                0x08003a00                TAMPER_IRQHandler
                0x08003a00                DMA1_Channel4_IRQHandler
                0x08003a00                USART3_IRQHandler
                0x08003a00                RTC_IRQHandler
                0x08003a00                DMA1_Channel7_IRQHandler
                0x08003a00                CAN1_RX1_IRQHandler
                0x08003a00                TIM4_IRQHandler
                0x08003a00                I2C1_EV_IRQHandler
                0x08003a00                DMA1_Channel6_IRQHandler
                0x08003a00                TIM3_IRQHandler
                0x08003a00                RCC_IRQHandler
                0x08003a00                TIM1_TRG_COM_IRQHandler
                0x08003a00                DMA1_Channel1_IRQHandler
                0x08003a00                Default_Handler
                0x08003a00                EXTI15_10_IRQHandler
                0x08003a00                EXTI9_5_IRQHandler
                0x08003a00                SPI2_IRQHandler
                0x08003a00                DMA1_Channel5_IRQHandler
                0x08003a00                EXTI4_IRQHandler
                0x08003a00                USB_LP_CAN1_RX0_IRQHandler
                0x08003a00                USB_HP_CAN1_TX_IRQHandler
                0x08003a00                DMA1_Channel3_IRQHandler
                0x08003a00                TIM1_UP_IRQHandler
                0x08003a00                WWDG_IRQHandler
                0x08003a00                TIM2_IRQHandler
                0x08003a00                TIM1_BRK_IRQHandler
                0x08003a00                EXTI1_IRQHandler
                0x08003a00                I2C2_ER_IRQHandler
                0x08003a00                DMA1_Channel2_IRQHandler
                0x08003a00                CAN1_SCE_IRQHandler
                0x08003a00                FLASH_IRQHandler
                0x08003a00                I2C1_ER_IRQHandler
                0x08003a00                USBWakeUp_IRQHandler
 *fill*         0x08003a02        0x2 
 .text.HAL_Init
                0x08003a04       0x2c ./Drivers/STM32F1xx_HAL_Driver/Src/stm32f1xx_hal.o
                0x08003a04                HAL_Init
 .text.HAL_InitTick
                0x08003a30       0x60 ./Drivers/STM32F1xx_HAL_Driver/Src/stm32f1xx_hal.o
                0x08003a30                HAL_InitTick
 .text.HAL_IncTick
                0x08003a90       0x24 ./Drivers/STM32F1xx_HAL_Driver/Src/stm32f1xx_hal.o
                0x08003a90                HAL_IncTick
 .text.HAL_GetTick
                0x08003ab4       0x14 ./Drivers/STM32F1xx_HAL_Driver/Src/stm32f1xx_hal.o
                0x08003ab4                HAL_GetTick
 .text.__NVIC_SetPriorityGrouping
                0x08003ac8       0x48 ./Drivers/STM32F1xx_HAL_Driver/Src/stm32f1xx_hal_cortex.o
 .text.__NVIC_GetPriorityGrouping
                0x08003b10       0x1c ./Drivers/STM32F1xx_HAL_Driver/Src/stm32f1xx_hal_cortex.o
 .text.__NVIC_EnableIRQ
                0x08003b2c       0x38 ./Drivers/STM32F1xx_HAL_Driver/Src/stm32f1xx_hal_cortex.o
 .text.__NVIC_SetPriority
                0x08003b64       0x54 ./Drivers/STM32F1xx_HAL_Driver/Src/stm32f1xx_hal_cortex.o
 .text.NVIC_EncodePriority
                0x08003bb8       0x64 ./Drivers/STM32F1xx_HAL_Driver/Src/stm32f1xx_hal_cortex.o
 .text.SysTick_Config
                0x08003c1c       0x44 ./Drivers/STM32F1xx_HAL_Driver/Src/stm32f1xx_hal_cortex.o
 .text.HAL_NVIC_SetPriorityGrouping
                0x08003c60       0x16 ./Drivers/STM32F1xx_HAL_Driver/Src/stm32f1xx_hal_cortex.o
                0x08003c60                HAL_NVIC_SetPriorityGrouping
 .text.HAL_NVIC_SetPriority
                0x08003c76       0x38 ./Drivers/STM32F1xx_HAL_Driver/Src/stm32f1xx_hal_cortex.o
                0x08003c76                HAL_NVIC_SetPriority
 .text.HAL_NVIC_EnableIRQ
                0x08003cae       0x1c ./Drivers/STM32F1xx_HAL_Driver/Src/stm32f1xx_hal_cortex.o
                0x08003cae                HAL_NVIC_EnableIRQ
 .text.HAL_SYSTICK_Config
                0x08003cca       0x18 ./Drivers/STM32F1xx_HAL_Driver/Src/stm32f1xx_hal_cortex.o
                0x08003cca                HAL_SYSTICK_Config
 .text.HAL_DMA_Abort
                0x08003ce2       0x76 ./Drivers/STM32F1xx_HAL_Driver/Src/stm32f1xx_hal_dma.o
                0x08003ce2                HAL_DMA_Abort
 .text.HAL_DMA_Abort_IT
                0x08003d58       0xf0 ./Drivers/STM32F1xx_HAL_Driver/Src/stm32f1xx_hal_dma.o
                0x08003d58                HAL_DMA_Abort_IT
 .text.HAL_GPIO_Init
                0x08003e48      0x308 ./Drivers/STM32F1xx_HAL_Driver/Src/stm32f1xx_hal_gpio.o
                0x08003e48                HAL_GPIO_Init
 .text.HAL_GPIO_WritePin
                0x08004150       0x30 ./Drivers/STM32F1xx_HAL_Driver/Src/stm32f1xx_hal_gpio.o
                0x08004150                HAL_GPIO_WritePin
 .text.HAL_GPIO_TogglePin
                0x08004180       0x32 ./Drivers/STM32F1xx_HAL_Driver/Src/stm32f1xx_hal_gpio.o
                0x08004180                HAL_GPIO_TogglePin
 *fill*         0x080041b2        0x2 
 .text.HAL_RCC_OscConfig
                0x080041b4      0x504 ./Drivers/STM32F1xx_HAL_Driver/Src/stm32f1xx_hal_rcc.o
                0x080041b4                HAL_RCC_OscConfig
 .text.HAL_RCC_ClockConfig
                0x080046b8      0x1d4 ./Drivers/STM32F1xx_HAL_Driver/Src/stm32f1xx_hal_rcc.o
                0x080046b8                HAL_RCC_ClockConfig
 .text.HAL_RCC_GetSysClockFreq
                0x0800488c       0xa8 ./Drivers/STM32F1xx_HAL_Driver/Src/stm32f1xx_hal_rcc.o
                0x0800488c                HAL_RCC_GetSysClockFreq
 .text.HAL_RCC_GetHCLKFreq
                0x08004934       0x14 ./Drivers/STM32F1xx_HAL_Driver/Src/stm32f1xx_hal_rcc.o
                0x08004934                HAL_RCC_GetHCLKFreq
 .text.HAL_RCC_GetPCLK1Freq
                0x08004948       0x28 ./Drivers/STM32F1xx_HAL_Driver/Src/stm32f1xx_hal_rcc.o
                0x08004948                HAL_RCC_GetPCLK1Freq
 .text.HAL_RCC_GetPCLK2Freq
                0x08004970       0x28 ./Drivers/STM32F1xx_HAL_Driver/Src/stm32f1xx_hal_rcc.o
                0x08004970                HAL_RCC_GetPCLK2Freq
 .text.RCC_Delay
                0x08004998       0x3c ./Drivers/STM32F1xx_HAL_Driver/Src/stm32f1xx_hal_rcc.o
 .text.HAL_UART_Init
                0x080049d4       0xa0 ./Drivers/STM32F1xx_HAL_Driver/Src/stm32f1xx_hal_uart.o
                0x080049d4                HAL_UART_Init
 .text.HAL_UART_Transmit
                0x08004a74      0x116 ./Drivers/STM32F1xx_HAL_Driver/Src/stm32f1xx_hal_uart.o
                0x08004a74                HAL_UART_Transmit
 .text.HAL_UART_Receive_IT
                0x08004b8a       0x4a ./Drivers/STM32F1xx_HAL_Driver/Src/stm32f1xx_hal_uart.o
                0x08004b8a                HAL_UART_Receive_IT
 .text.HAL_UART_IRQHandler
                0x08004bd4      0x524 ./Drivers/STM32F1xx_HAL_Driver/Src/stm32f1xx_hal_uart.o
                0x08004bd4                HAL_UART_IRQHandler
 .text.HAL_UART_TxCpltCallback
                0x080050f8       0x12 ./Drivers/STM32F1xx_HAL_Driver/Src/stm32f1xx_hal_uart.o
                0x080050f8                HAL_UART_TxCpltCallback
 .text.HAL_UARTEx_RxEventCallback
                0x0800510a       0x16 ./Drivers/STM32F1xx_HAL_Driver/Src/stm32f1xx_hal_uart.o
                0x0800510a                HAL_UARTEx_RxEventCallback
 .text.UART_WaitOnFlagUntilTimeout
                0x08005120       0xb2 ./Drivers/STM32F1xx_HAL_Driver/Src/stm32f1xx_hal_uart.o
 .text.UART_Start_Receive_IT
                0x080051d2       0x72 ./Drivers/STM32F1xx_HAL_Driver/Src/stm32f1xx_hal_uart.o
                0x080051d2                UART_Start_Receive_IT
 .text.UART_EndRxTransfer
                0x08005244       0xc4 ./Drivers/STM32F1xx_HAL_Driver/Src/stm32f1xx_hal_uart.o
 .text.UART_DMAAbortOnError
                0x08005308       0x28 ./Drivers/STM32F1xx_HAL_Driver/Src/stm32f1xx_hal_uart.o
 .text.UART_Transmit_IT
                0x08005330       0x9e ./Drivers/STM32F1xx_HAL_Driver/Src/stm32f1xx_hal_uart.o
 .text.UART_EndTransmit_IT
                0x080053ce       0x30 ./Drivers/STM32F1xx_HAL_Driver/Src/stm32f1xx_hal_uart.o
 .text.UART_Receive_IT
                0x080053fe      0x17c ./Drivers/STM32F1xx_HAL_Driver/Src/stm32f1xx_hal_uart.o
 *fill*         0x0800557a        0x2 
 .text.UART_SetConfig
                0x0800557c      0x11c ./Drivers/STM32F1xx_HAL_Driver/Src/stm32f1xx_hal_uart.o
 .text.vListInitialise
                0x08005698       0x3e ./Middleware/FreeRTOS-Kernel/list.o
                0x08005698                vListInitialise
 .text.vListInitialiseItem
                0x080056d6       0x18 ./Middleware/FreeRTOS-Kernel/list.o
                0x080056d6                vListInitialiseItem
 .text.vListInsert
                0x080056ee       0x70 ./Middleware/FreeRTOS-Kernel/list.o
                0x080056ee                vListInsert
 .text.uxListRemove
                0x0800575e       0x52 ./Middleware/FreeRTOS-Kernel/list.o
                0x0800575e                uxListRemove
 .text.xQueueGenericReset
                0x080057b0      0x124 ./Middleware/FreeRTOS-Kernel/queue.o
                0x080057b0                xQueueGenericReset
 .text.xQueueGenericCreate
                0x080058d4       0x9e ./Middleware/FreeRTOS-Kernel/queue.o
                0x080058d4                xQueueGenericCreate
 .text.prvInitialiseNewQueue
                0x08005972       0x3e ./Middleware/FreeRTOS-Kernel/queue.o
 .text.xQueueGenericSend
                0x080059b0      0x204 ./Middleware/FreeRTOS-Kernel/queue.o
                0x080059b0                xQueueGenericSend
 .text.xQueueReceive
                0x08005bb4      0x1c4 ./Middleware/FreeRTOS-Kernel/queue.o
                0x08005bb4                xQueueReceive
 .text.prvCopyDataToQueue
                0x08005d78       0xd4 ./Middleware/FreeRTOS-Kernel/queue.o
 .text.prvCopyDataFromQueue
                0x08005e4c       0x4c ./Middleware/FreeRTOS-Kernel/queue.o
 .text.prvUnlockQueue
                0x08005e98       0xa4 ./Middleware/FreeRTOS-Kernel/queue.o
 .text.prvIsQueueEmpty
                0x08005f3c       0x2c ./Middleware/FreeRTOS-Kernel/queue.o
 .text.prvIsQueueFull
                0x08005f68       0x30 ./Middleware/FreeRTOS-Kernel/queue.o
 .text.vQueueWaitForMessageRestricted
                0x08005f98       0x68 ./Middleware/FreeRTOS-Kernel/queue.o
                0x08005f98                vQueueWaitForMessageRestricted
 .text.xStreamBufferGenericCreate
                0x08006000       0xfe ./Middleware/FreeRTOS-Kernel/stream_buffer.o
                0x08006000                xStreamBufferGenericCreate
 .text.xStreamBufferSpacesAvailable
                0x080060fe       0x76 ./Middleware/FreeRTOS-Kernel/stream_buffer.o
                0x080060fe                xStreamBufferSpacesAvailable
 .text.xStreamBufferSend
                0x08006174      0x1aa ./Middleware/FreeRTOS-Kernel/stream_buffer.o
                0x08006174                xStreamBufferSend
 .text.xStreamBufferSendFromISR
                0x0800631e       0xec ./Middleware/FreeRTOS-Kernel/stream_buffer.o
                0x0800631e                xStreamBufferSendFromISR
 .text.prvWriteMessageToBuffer
                0x0800640a       0x92 ./Middleware/FreeRTOS-Kernel/stream_buffer.o
 .text.xStreamBufferReceive
                0x0800649c      0x152 ./Middleware/FreeRTOS-Kernel/stream_buffer.o
                0x0800649c                xStreamBufferReceive
 .text.prvReadMessageFromBuffer
                0x080065ee       0x7a ./Middleware/FreeRTOS-Kernel/stream_buffer.o
 .text.prvWriteBytesToBuffer
                0x08006668       0xe0 ./Middleware/FreeRTOS-Kernel/stream_buffer.o
 .text.prvReadBytesFromBuffer
                0x08006748       0xda ./Middleware/FreeRTOS-Kernel/stream_buffer.o
 .text.prvBytesInBuffer
                0x08006822       0x3e ./Middleware/FreeRTOS-Kernel/stream_buffer.o
 .text.prvInitialiseNewStreamBuffer
                0x08006860       0x6a ./Middleware/FreeRTOS-Kernel/stream_buffer.o
 .text.prvCreateTask
                0x080068ca       0x78 ./Middleware/FreeRTOS-Kernel/tasks.o
 .text.xTaskCreate
                0x08006942       0x46 ./Middleware/FreeRTOS-Kernel/tasks.o
                0x08006942                xTaskCreate
 .text.prvInitialiseNewTask
                0x08006988      0x120 ./Middleware/FreeRTOS-Kernel/tasks.o
 .text.prvAddNewTaskToReadyList
                0x08006aa8      0x128 ./Middleware/FreeRTOS-Kernel/tasks.o
 .text.xTaskDelayUntil
                0x08006bd0      0x104 ./Middleware/FreeRTOS-Kernel/tasks.o
                0x08006bd0                xTaskDelayUntil
 .text.vTaskDelay
                0x08006cd4       0x6c ./Middleware/FreeRTOS-Kernel/tasks.o
                0x08006cd4                vTaskDelay
 .text.prvCreateIdleTasks
                0x08006d40       0x94 ./Middleware/FreeRTOS-Kernel/tasks.o
 .text.vTaskStartScheduler
                0x08006dd4       0x88 ./Middleware/FreeRTOS-Kernel/tasks.o
                0x08006dd4                vTaskStartScheduler
 .text.vTaskSuspendAll
                0x08006e5c       0x1c ./Middleware/FreeRTOS-Kernel/tasks.o
                0x08006e5c                vTaskSuspendAll
 .text.xTaskResumeAll
                0x08006e78      0x210 ./Middleware/FreeRTOS-Kernel/tasks.o
                0x08006e78                xTaskResumeAll
 .text.xTaskGetTickCount
                0x08007088       0x1c ./Middleware/FreeRTOS-Kernel/tasks.o
                0x08007088                xTaskGetTickCount
 .text.xTaskIncrementTick
                0x080070a4      0x234 ./Middleware/FreeRTOS-Kernel/tasks.o
                0x080070a4                xTaskIncrementTick
 .text.vTaskSwitchContext
                0x080072d8      0x108 ./Middleware/FreeRTOS-Kernel/tasks.o
                0x080072d8                vTaskSwitchContext
 .text.vTaskPlaceOnEventList
                0x080073e0       0x4c ./Middleware/FreeRTOS-Kernel/tasks.o
                0x080073e0                vTaskPlaceOnEventList
 .text.vTaskPlaceOnEventListRestricted
                0x0800742c       0x8c ./Middleware/FreeRTOS-Kernel/tasks.o
                0x0800742c                vTaskPlaceOnEventListRestricted
 .text.xTaskRemoveFromEventList
                0x080074b8      0x1b0 ./Middleware/FreeRTOS-Kernel/tasks.o
                0x080074b8                xTaskRemoveFromEventList
 .text.vTaskSetTimeOutState
                0x08007668       0x50 ./Middleware/FreeRTOS-Kernel/tasks.o
                0x08007668                vTaskSetTimeOutState
 .text.vTaskInternalSetTimeOutState
                0x080076b8       0x2c ./Middleware/FreeRTOS-Kernel/tasks.o
                0x080076b8                vTaskInternalSetTimeOutState
 .text.xTaskCheckForTimeOut
                0x080076e4       0xd0 ./Middleware/FreeRTOS-Kernel/tasks.o
                0x080076e4                xTaskCheckForTimeOut
 .text.vTaskMissedYield
                0x080077b4       0x18 ./Middleware/FreeRTOS-Kernel/tasks.o
                0x080077b4                vTaskMissedYield
 .text.prvIdleTask
                0x080077cc       0x30 ./Middleware/FreeRTOS-Kernel/tasks.o
 .text.prvInitialiseTaskLists
                0x080077fc       0x80 ./Middleware/FreeRTOS-Kernel/tasks.o
 .text.prvCheckTasksWaitingTermination
                0x0800787c       0x5c ./Middleware/FreeRTOS-Kernel/tasks.o
 .text.prvDeleteTCB
                0x080078d8       0x20 ./Middleware/FreeRTOS-Kernel/tasks.o
 .text.prvResetNextTaskUnblockTime
                0x080078f8       0x34 ./Middleware/FreeRTOS-Kernel/tasks.o
 .text.xTaskGetCurrentTaskHandle
                0x0800792c       0x1c ./Middleware/FreeRTOS-Kernel/tasks.o
                0x0800792c                xTaskGetCurrentTaskHandle
 .text.xTaskGetSchedulerState
                0x08007948       0x3c ./Middleware/FreeRTOS-Kernel/tasks.o
                0x08007948                xTaskGetSchedulerState
 .text.xTaskPriorityDisinherit
                0x08007984      0x150 ./Middleware/FreeRTOS-Kernel/tasks.o
                0x08007984                xTaskPriorityDisinherit
 .text.xTaskGenericNotifyWait
                0x08007ad4      0x130 ./Middleware/FreeRTOS-Kernel/tasks.o
                0x08007ad4                xTaskGenericNotifyWait
 .text.xTaskGenericNotify
                0x08007c04      0x260 ./Middleware/FreeRTOS-Kernel/tasks.o
                0x08007c04                xTaskGenericNotify
 .text.xTaskGenericNotifyFromISR
                0x08007e64      0x2d0 ./Middleware/FreeRTOS-Kernel/tasks.o
                0x08007e64                xTaskGenericNotifyFromISR
 .text.xTaskGenericNotifyStateClear
                0x08008134       0x74 ./Middleware/FreeRTOS-Kernel/tasks.o
                0x08008134                xTaskGenericNotifyStateClear
 .text.prvAddCurrentTaskToDelayedList
                0x080081a8      0x104 ./Middleware/FreeRTOS-Kernel/tasks.o
 .text.xTimerCreateTimerTask
                0x080082ac       0x64 ./Middleware/FreeRTOS-Kernel/timers.o
                0x080082ac                xTimerCreateTimerTask
 .text.prvReloadTimer
                0x08008310       0x42 ./Middleware/FreeRTOS-Kernel/timers.o
 *fill*         0x08008352        0x2 
 .text.prvProcessExpiredTimer
                0x08008354       0x60 ./Middleware/FreeRTOS-Kernel/timers.o
 .text.prvTimerTask
                0x080083b4       0x26 ./Middleware/FreeRTOS-Kernel/timers.o
 *fill*         0x080083da        0x2 
 .text.prvProcessTimerOrBlockTask
                0x080083dc       0x9c ./Middleware/FreeRTOS-Kernel/timers.o
 .text.prvGetNextExpireTime
                0x08008478       0x44 ./Middleware/FreeRTOS-Kernel/timers.o
 .text.prvSampleTimeNow
                0x080084bc       0x40 ./Middleware/FreeRTOS-Kernel/timers.o
 .text.prvInsertTimerInActiveList
                0x080084fc       0x84 ./Middleware/FreeRTOS-Kernel/timers.o
 .text.prvProcessReceivedCommands
                0x08008580      0x190 ./Middleware/FreeRTOS-Kernel/timers.o
 .text.prvSwitchTimerLists
                0x08008710       0x4c ./Middleware/FreeRTOS-Kernel/timers.o
 .text.prvCheckForValidListAndQueue
                0x0800875c       0x54 ./Middleware/FreeRTOS-Kernel/timers.o
 .text.pxPortInitialiseStack
                0x080087b0       0x58 ./Middleware/FreeRTOS-Kernel/portable/GCC/ARM_CM3/port.o
                0x080087b0                pxPortInitialiseStack
 .text.prvTaskExitError
                0x08008808       0x58 ./Middleware/FreeRTOS-Kernel/portable/GCC/ARM_CM3/port.o
 .text.SVC_Handler
                0x08008860       0x28 ./Middleware/FreeRTOS-Kernel/portable/GCC/ARM_CM3/port.o
                0x08008860                SVC_Handler
 .text.prvPortStartFirstTask
                0x08008888       0x24 ./Middleware/FreeRTOS-Kernel/portable/GCC/ARM_CM3/port.o
 .text.xPortStartScheduler
                0x080088ac      0x17c ./Middleware/FreeRTOS-Kernel/portable/GCC/ARM_CM3/port.o
                0x080088ac                xPortStartScheduler
 .text.vPortEnterCritical
                0x08008a28       0x60 ./Middleware/FreeRTOS-Kernel/portable/GCC/ARM_CM3/port.o
                0x08008a28                vPortEnterCritical
 .text.vPortExitCritical
                0x08008a88       0x54 ./Middleware/FreeRTOS-Kernel/portable/GCC/ARM_CM3/port.o
                0x08008a88                vPortExitCritical
 *fill*         0x08008adc        0x4 
 .text.PendSV_Handler
                0x08008ae0       0x48 ./Middleware/FreeRTOS-Kernel/portable/GCC/ARM_CM3/port.o
                0x08008ae0                PendSV_Handler
 .text.xPortSysTickHandler
                0x08008b28       0x44 ./Middleware/FreeRTOS-Kernel/portable/GCC/ARM_CM3/port.o
                0x08008b28                xPortSysTickHandler
 .text.vPortSetupTimerInterrupt
                0x08008b6c       0x34 ./Middleware/FreeRTOS-Kernel/portable/GCC/ARM_CM3/port.o
                0x08008b6c                vPortSetupTimerInterrupt
 .text.vPortValidateInterruptPriority
                0x08008ba0       0x80 ./Middleware/FreeRTOS-Kernel/portable/GCC/ARM_CM3/port.o
                0x08008ba0                vPortValidateInterruptPriority
 .text.pvPortMalloc
                0x08008c20      0x264 ./Middleware/FreeRTOS-Kernel/portable/MemMang/heap_4.o
                0x08008c20                pvPortMalloc
 .text.vPortFree
                0x08008e84       0xec ./Middleware/FreeRTOS-Kernel/portable/MemMang/heap_4.o
                0x08008e84                vPortFree
 .text.prvHeapInit
                0x08008f70       0xb4 ./Middleware/FreeRTOS-Kernel/portable/MemMang/heap_4.o
 .text.prvInsertBlockIntoFreeList
                0x08009024       0xf4 ./Middleware/FreeRTOS-Kernel/portable/MemMang/heap_4.o
 .text.memset   0x08009118       0x10 D:/STM32CubeIDE_2.1.1/STM32CubeIDE/plugins/com.st.stm32cube.ide.mcu.externaltools.gnu-tools-for-stm32.14.3.rel1.win32_1.0.100.202602081740/tools/bin/../lib/gcc/arm-none-eabi/14.3.1/../../../../arm-none-eabi/lib/thumb/v7-m/nofp\libc_nano.a(libc_a-memset.o)
                0x08009118                memset
 .text.__libc_init_array
                0x08009128       0x48 D:/STM32CubeIDE_2.1.1/STM32CubeIDE/plugins/com.st.stm32cube.ide.mcu.externaltools.gnu-tools-for-stm32.14.3.rel1.win32_1.0.100.202602081740/tools/bin/../lib/gcc/arm-none-eabi/14.3.1/../../../../arm-none-eabi/lib/thumb/v7-m/nofp\libc_nano.a(libc_a-init.o)
                0x08009128                __libc_init_array
 .text.memcpy   0x08009170       0x1c D:/STM32CubeIDE_2.1.1/STM32CubeIDE/plugins/com.st.stm32cube.ide.mcu.externaltools.gnu-tools-for-stm32.14.3.rel1.win32_1.0.100.202602081740/tools/bin/../lib/gcc/arm-none-eabi/14.3.1/../../../../arm-none-eabi/lib/thumb/v7-m/nofp\libc_nano.a(libc_a-memcpy-stub.o)
                0x08009170                memcpy
 *(.glue_7)
 .glue_7        0x0800918c        0x0 linker stubs
 *(.glue_7t)
 .glue_7t       0x0800918c        0x0 linker stubs
 *(.eh_frame)
 .eh_frame      0x0800918c        0x0 D:/STM32CubeIDE_2.1.1/STM32CubeIDE/plugins/com.st.stm32cube.ide.mcu.externaltools.gnu-tools-for-stm32.14.3.rel1.win32_1.0.100.202602081740/tools/bin/../lib/gcc/arm-none-eabi/14.3.1/thumb/v7-m/nofp/crtbegin.o
 *(.init)
 .init          0x0800918c        0x4 D:/STM32CubeIDE_2.1.1/STM32CubeIDE/plugins/com.st.stm32cube.ide.mcu.externaltools.gnu-tools-for-stm32.14.3.rel1.win32_1.0.100.202602081740/tools/bin/../lib/gcc/arm-none-eabi/14.3.1/thumb/v7-m/nofp/crti.o
                0x0800918c                _init
 .init          0x08009190        0x8 D:/STM32CubeIDE_2.1.1/STM32CubeIDE/plugins/com.st.stm32cube.ide.mcu.externaltools.gnu-tools-for-stm32.14.3.rel1.win32_1.0.100.202602081740/tools/bin/../lib/gcc/arm-none-eabi/14.3.1/thumb/v7-m/nofp/crtn.o
 *(.fini)
 .fini          0x08009198        0x4 D:/STM32CubeIDE_2.1.1/STM32CubeIDE/plugins/com.st.stm32cube.ide.mcu.externaltools.gnu-tools-for-stm32.14.3.rel1.win32_1.0.100.202602081740/tools/bin/../lib/gcc/arm-none-eabi/14.3.1/thumb/v7-m/nofp/crti.o
                0x08009198                _fini
 .fini          0x0800919c        0x8 D:/STM32CubeIDE_2.1.1/STM32CubeIDE/plugins/com.st.stm32cube.ide.mcu.externaltools.gnu-tools-for-stm32.14.3.rel1.win32_1.0.100.202602081740/tools/bin/../lib/gcc/arm-none-eabi/14.3.1/thumb/v7-m/nofp/crtn.o
                0x080091a4                        . = ALIGN (0x4)
                0x080091a4                        _etext = .

.vfp11_veneer   0x080091a4        0x0
 .vfp11_veneer  0x080091a4        0x0 linker stubs

.v4_bx          0x080091a4        0x0
 .v4_bx         0x080091a4        0x0 linker stubs

.iplt           0x080091a4        0x0
 .iplt          0x080091a4        0x0 D:/STM32CubeIDE_2.1.1/STM32CubeIDE/plugins/com.st.stm32cube.ide.mcu.externaltools.gnu-tools-for-stm32.14.3.rel1.win32_1.0.100.202602081740/tools/bin/../lib/gcc/arm-none-eabi/14.3.1/thumb/v7-m/nofp/crtbegin.o

.rodata         0x080091a4      0x6b4
                0x080091a4                        . = ALIGN (0x4)
 *(.rodata)
 .rodata        0x080091a4       0x4a ./Application/app_board_slave/app_board_slave.o
 *fill*         0x080091ee        0x2 
 .rodata        0x080091f0      0x4d2 ./Application/app_debug/app_debug.o
 *fill*         0x080096c2        0x2 
 .rodata        0x080096c4       0x18 ./Application/app_gps/app_gps.o
 .rodata        0x080096dc       0x57 ./Application/app_task/app_task.o
 *fill*         0x08009733        0x1 
 .rodata        0x08009734       0x99 ./BSP/board_service/param.o
 *fill*         0x080097cd        0x3 
 .rodata        0x080097d0        0x5 ./Middleware/FreeRTOS-Kernel/tasks.o
 *fill*         0x080097d5        0x3 
 .rodata        0x080097d8        0x8 ./Middleware/FreeRTOS-Kernel/timers.o
 *(.rodata*)
 .rodata.g_params
                0x080097e0       0x48 ./BSP/board_service/param.o
 .rodata.AHBPrescTable
                0x08009828       0x10 ./Core/Src/system_stm32f1xx.o
                0x08009828                AHBPrescTable
 .rodata.APBPrescTable
                0x08009838        0x8 ./Core/Src/system_stm32f1xx.o
                0x08009838                APBPrescTable
 .rodata.aPLLMULFactorTable.1
                0x08009840       0x10 ./Drivers/STM32F1xx_HAL_Driver/Src/stm32f1xx_hal_rcc.o
 .rodata.aPredivFactorTable.0
                0x08009850        0x2 ./Drivers/STM32F1xx_HAL_Driver/Src/stm32f1xx_hal_rcc.o
 *fill*         0x08009852        0x2 
 .rodata.uxTopUsedPriority
                0x08009854        0x4 ./Middleware/FreeRTOS-Kernel/tasks.o
                0x08009858                        . = ALIGN (0x4)

.ARM.extab      0x08009858        0x0
                0x08009858                        . = ALIGN (0x4)
 *(.ARM.extab* .gnu.linkonce.armextab.*)
                0x08009858                        . = ALIGN (0x4)

.ARM            0x08009858        0x8
                0x08009858                        . = ALIGN (0x4)
                0x08009858                        __exidx_start = .
 *(.ARM.exidx*)
 .ARM.exidx     0x08009858        0x8 D:/STM32CubeIDE_2.1.1/STM32CubeIDE/plugins/com.st.stm32cube.ide.mcu.externaltools.gnu-tools-for-stm32.14.3.rel1.win32_1.0.100.202602081740/tools/bin/../lib/gcc/arm-none-eabi/14.3.1/../../../../arm-none-eabi/lib/thumb/v7-m/nofp\libc_nano.a(libc_a-strcmp.o)
 .ARM.exidx     0x08009860        0x0 D:/STM32CubeIDE_2.1.1/STM32CubeIDE/plugins/com.st.stm32cube.ide.mcu.externaltools.gnu-tools-for-stm32.14.3.rel1.win32_1.0.100.202602081740/tools/bin/../lib/gcc/arm-none-eabi/14.3.1/thumb/v7-m/nofp\libgcc.a(_udivmoddi4.o)
                                  0x8 (size before relaxing)
                0x08009860                        __exidx_end = .
                0x08009860                        . = ALIGN (0x4)

.preinit_array  0x08009860        0x0
                0x08009860                        . = ALIGN (0x4)
                0x08009860                        PROVIDE (__preinit_array_start = .)
 *(.preinit_array*)
                0x08009860                        PROVIDE (__preinit_array_end = .)
                0x08009860                        . = ALIGN (0x4)

.init_array     0x08009860        0x4
                0x08009860                        . = ALIGN (0x4)
                0x08009860                        PROVIDE (__init_array_start = .)
 *(SORT_BY_NAME(.init_array.*))
 *(.init_array*)
 .init_array    0x08009860        0x4 D:/STM32CubeIDE_2.1.1/STM32CubeIDE/plugins/com.st.stm32cube.ide.mcu.externaltools.gnu-tools-for-stm32.14.3.rel1.win32_1.0.100.202602081740/tools/bin/../lib/gcc/arm-none-eabi/14.3.1/thumb/v7-m/nofp/crtbegin.o
                0x08009864                        PROVIDE (__init_array_end = .)
                0x08009864                        . = ALIGN (0x4)

.fini_array     0x08009864        0x4
                0x08009864                        . = ALIGN (0x4)
                [!provide]                        PROVIDE (__fini_array_start = .)
 *(SORT_BY_NAME(.fini_array.*))
 *(.fini_array*)
 .fini_array    0x08009864        0x4 D:/STM32CubeIDE_2.1.1/STM32CubeIDE/plugins/com.st.stm32cube.ide.mcu.externaltools.gnu-tools-for-stm32.14.3.rel1.win32_1.0.100.202602081740/tools/bin/../lib/gcc/arm-none-eabi/14.3.1/thumb/v7-m/nofp/crtbegin.o
                [!provide]                        PROVIDE (__fini_array_end = .)
                0x08009868                        . = ALIGN (0x4)
                0x08009868                        _sidata = LOADADDR (.data)

.rel.dyn        0x08009868        0x0
 .rel.iplt      0x08009868        0x0 D:/STM32CubeIDE_2.1.1/STM32CubeIDE/plugins/com.st.stm32cube.ide.mcu.externaltools.gnu-tools-for-stm32.14.3.rel1.win32_1.0.100.202602081740/tools/bin/../lib/gcc/arm-none-eabi/14.3.1/thumb/v7-m/nofp/crtbegin.o

.data           0x20000000       0x10 load address 0x08009868
                0x20000000                        . = ALIGN (0x4)
                0x20000000                        _sdata = .
 *(.data)
 *(.data*)
 .data.SystemCoreClock
                0x20000000        0x4 ./Core/Src/system_stm32f1xx.o
                0x20000000                SystemCoreClock
 .data.uwTickPrio
                0x20000004        0x4 ./Drivers/STM32F1xx_HAL_Driver/Src/stm32f1xx_hal.o
                0x20000004                uwTickPrio
 .data.uwTickFreq
                0x20000008        0x1 ./Drivers/STM32F1xx_HAL_Driver/Src/stm32f1xx_hal.o
                0x20000008                uwTickFreq
 *fill*         0x20000009        0x3 
 .data.uxCriticalNesting
                0x2000000c        0x4 ./Middleware/FreeRTOS-Kernel/portable/GCC/ARM_CM3/port.o
 *(.RamFunc)
 *(.RamFunc*)
                0x20000010                        . = ALIGN (0x4)
                0x20000010                        _edata = .

.igot.plt       0x20000010        0x0 load address 0x08009878
 .igot.plt      0x20000010        0x0 D:/STM32CubeIDE_2.1.1/STM32CubeIDE/plugins/com.st.stm32cube.ide.mcu.externaltools.gnu-tools-for-stm32.14.3.rel1.win32_1.0.100.202602081740/tools/bin/../lib/gcc/arm-none-eabi/14.3.1/thumb/v7-m/nofp/crtbegin.o
                0x20000010                        . = ALIGN (0x4)

.bss            0x20000010     0x247c load address 0x08009878
                0x20000010                        _sbss = .
                0x20000010                        __bss_start__ = _sbss
 *(.bss)
 .bss           0x20000010       0x1c D:/STM32CubeIDE_2.1.1/STM32CubeIDE/plugins/com.st.stm32cube.ide.mcu.externaltools.gnu-tools-for-stm32.14.3.rel1.win32_1.0.100.202602081740/tools/bin/../lib/gcc/arm-none-eabi/14.3.1/thumb/v7-m/nofp/crtbegin.o
 *(.bss*)
 .bss.s_slave_link_rx_stream
                0x2000002c        0x4 ./Application/app_board_slave/app_board_slave.o
 .bss.s_slave_link_rx_overflow
                0x20000030        0x1 ./Application/app_board_slave/app_board_slave.o
 *fill*         0x20000031        0x3 
 .bss.s_slave_link_parser
                0x20000034       0x44 ./Application/app_board_slave/app_board_slave.o
 .bss.s_rx_stream
                0x20000078        0x4 ./Application/app_debug/app_debug.o
 .bss.s_command
                0x2000007c       0x50 ./Application/app_debug/app_debug.o
 .bss.s_command_len
                0x200000cc        0x1 ./Application/app_debug/app_debug.o
 .bss.s_rx_overflow
                0x200000cd        0x1 ./Application/app_debug/app_debug.o
 *fill*         0x200000ce        0x2 
 .bss.s_rx_stream
                0x200000d0        0x4 ./Application/app_gps/app_gps.o
 .bss.s_rx_overflow
                0x200000d4        0x1 ./Application/app_gps/app_gps.o
 *fill*         0x200000d5        0x3 
 .bss.s_sentence
                0x200000d8       0x60 ./Application/app_gps/app_gps.o
 .bss.s_sentence_len
                0x20000138        0x1 ./Application/app_gps/app_gps.o
 *fill*         0x20000139        0x3 
 .bss.s_snapshot
                0x2000013c       0xb8 ./Application/app_gps/app_gps.o
 .bss.s_blink_enabled
                0x200001f4        0x1 ./Application/app_led/app_led.o
 .bss.s_counted_blink
                0x200001f5        0x1 ./Application/app_led/app_led.o
 .bss.s_led_state
                0x200001f6        0x1 ./Application/app_led/app_led.o
 *fill*         0x200001f7        0x1 
 .bss.s_blink_hz
                0x200001f8        0x2 ./Application/app_led/app_led.o
 .bss.s_blink_period_ms
                0x200001fa        0x2 ./Application/app_led/app_led.o
 .bss.s_remaining_toggles
                0x200001fc        0x2 ./Application/app_led/app_led.o
 *fill*         0x200001fe        0x2 
 .bss.s_last_toggle_ms
                0x20000200        0x4 ./Application/app_led/app_led.o
 .bss.s_app_queue
                0x20000204        0x4 ./Application/app_task/app_task.o
 .bss.s_uart_rx_byte
                0x20000208        0x3 ./BSP/hal_callbacks/hal_callbacks.o
 *fill*         0x2000020b        0x1 
 .bss.s_master_tx_frame
                0x2000020c       0x43 ./BSP/slave_link_port/slave_link_port.o
 *fill*         0x2000024f        0x1 
 .bss.s_master_rx_frame
                0x20000250       0x43 ./BSP/slave_link_port/slave_link_port.o
 *fill*         0x20000293        0x1 
 .bss.huart1    0x20000294       0x48 ./Core/Src/main.o
                0x20000294                huart1
 .bss.huart2    0x200002dc       0x48 ./Core/Src/main.o
                0x200002dc                huart2
 .bss.uwTick    0x20000324        0x4 ./Drivers/STM32F1xx_HAL_Driver/Src/stm32f1xx_hal.o
                0x20000324                uwTick
 .bss.pxCurrentTCB
                0x20000328        0x4 ./Middleware/FreeRTOS-Kernel/tasks.o
                0x20000328                pxCurrentTCB
 .bss.pxReadyTasksLists
                0x2000032c       0x64 ./Middleware/FreeRTOS-Kernel/tasks.o
 .bss.xDelayedTaskList1
                0x20000390       0x14 ./Middleware/FreeRTOS-Kernel/tasks.o
 .bss.xDelayedTaskList2
                0x200003a4       0x14 ./Middleware/FreeRTOS-Kernel/tasks.o
 .bss.pxDelayedTaskList
                0x200003b8        0x4 ./Middleware/FreeRTOS-Kernel/tasks.o
 .bss.pxOverflowDelayedTaskList
                0x200003bc        0x4 ./Middleware/FreeRTOS-Kernel/tasks.o
 .bss.xPendingReadyList
                0x200003c0       0x14 ./Middleware/FreeRTOS-Kernel/tasks.o
 .bss.xTasksWaitingTermination
                0x200003d4       0x14 ./Middleware/FreeRTOS-Kernel/tasks.o
 .bss.uxDeletedTasksWaitingCleanUp
                0x200003e8        0x4 ./Middleware/FreeRTOS-Kernel/tasks.o
 .bss.xSuspendedTaskList
                0x200003ec       0x14 ./Middleware/FreeRTOS-Kernel/tasks.o
 .bss.uxCurrentNumberOfTasks
                0x20000400        0x4 ./Middleware/FreeRTOS-Kernel/tasks.o
 .bss.xTickCount
                0x20000404        0x4 ./Middleware/FreeRTOS-Kernel/tasks.o
 .bss.uxTopReadyPriority
                0x20000408        0x4 ./Middleware/FreeRTOS-Kernel/tasks.o
 .bss.xSchedulerRunning
                0x2000040c        0x4 ./Middleware/FreeRTOS-Kernel/tasks.o
 .bss.xPendedTicks
                0x20000410        0x4 ./Middleware/FreeRTOS-Kernel/tasks.o
 .bss.xYieldPendings
                0x20000414        0x4 ./Middleware/FreeRTOS-Kernel/tasks.o
 .bss.xNumOfOverflows
                0x20000418        0x4 ./Middleware/FreeRTOS-Kernel/tasks.o
 .bss.uxTaskNumber
                0x2000041c        0x4 ./Middleware/FreeRTOS-Kernel/tasks.o
 .bss.xNextTaskUnblockTime
                0x20000420        0x4 ./Middleware/FreeRTOS-Kernel/tasks.o
 .bss.xIdleTaskHandles
                0x20000424        0x4 ./Middleware/FreeRTOS-Kernel/tasks.o
 .bss.uxSchedulerSuspended
                0x20000428        0x4 ./Middleware/FreeRTOS-Kernel/tasks.o
 .bss.xActiveTimerList1
                0x2000042c       0x14 ./Middleware/FreeRTOS-Kernel/timers.o
 .bss.xActiveTimerList2
                0x20000440       0x14 ./Middleware/FreeRTOS-Kernel/timers.o
 .bss.pxCurrentTimerList
                0x20000454        0x4 ./Middleware/FreeRTOS-Kernel/timers.o
 .bss.pxOverflowTimerList
                0x20000458        0x4 ./Middleware/FreeRTOS-Kernel/timers.o
 .bss.xTimerQueue
                0x2000045c        0x4 ./Middleware/FreeRTOS-Kernel/timers.o
 .bss.xTimerTaskHandle
                0x20000460        0x4 ./Middleware/FreeRTOS-Kernel/timers.o
 .bss.xLastTime.0
                0x20000464        0x4 ./Middleware/FreeRTOS-Kernel/timers.o
 .bss.ucMaxSysCallPriority
                0x20000468        0x1 ./Middleware/FreeRTOS-Kernel/portable/GCC/ARM_CM3/port.o
 *fill*         0x20000469        0x3 
 .bss.ulMaxPRIGROUPValue
                0x2000046c        0x4 ./Middleware/FreeRTOS-Kernel/portable/GCC/ARM_CM3/port.o
 .bss.ucHeap    0x20000470     0x2000 ./Middleware/FreeRTOS-Kernel/portable/MemMang/heap_4.o
 .bss.xStart    0x20002470        0x8 ./Middleware/FreeRTOS-Kernel/portable/MemMang/heap_4.o
 .bss.pxEnd     0x20002478        0x4 ./Middleware/FreeRTOS-Kernel/portable/MemMang/heap_4.o
 .bss.xFreeBytesRemaining
                0x2000247c        0x4 ./Middleware/FreeRTOS-Kernel/portable/MemMang/heap_4.o
 .bss.xMinimumEverFreeBytesRemaining
                0x20002480        0x4 ./Middleware/FreeRTOS-Kernel/portable/MemMang/heap_4.o
 .bss.xNumberOfSuccessfulAllocations
                0x20002484        0x4 ./Middleware/FreeRTOS-Kernel/portable/MemMang/heap_4.o
 .bss.xNumberOfSuccessfulFrees
                0x20002488        0x4 ./Middleware/FreeRTOS-Kernel/portable/MemMang/heap_4.o
 *(COMMON)
                0x2000248c                        . = ALIGN (0x4)
                0x2000248c                        _ebss = .
                0x2000248c                        __bss_end__ = _ebss

._user_heap_stack
                0x2000248c      0x604 load address 0x08009878
                0x20002490                        . = ALIGN (0x8)
 *fill*         0x2000248c        0x4 
                [!provide]                        PROVIDE (end = .)
                0x20002490                        PROVIDE (_end = .)
                0x20002690                        . = (. + _Min_Heap_Size)
 *fill*         0x20002490      0x200 
                0x20002a90                        . = (. + _Min_Stack_Size)
 *fill*         0x20002690      0x400 
                0x20002a90                        . = ALIGN (0x8)

/DISCARD/
 libc.a(*)
 libm.a(*)
 libgcc.a(*)

.ARM.attributes
                0x00000000       0x29
 *(.ARM.attributes)
 .ARM.attributes
                0x00000000       0x1d D:/STM32CubeIDE_2.1.1/STM32CubeIDE/plugins/com.st.stm32cube.ide.mcu.externaltools.gnu-tools-for-stm32.14.3.rel1.win32_1.0.100.202602081740/tools/bin/../lib/gcc/arm-none-eabi/14.3.1/thumb/v7-m/nofp/crti.o
 .ARM.attributes
                0x0000001d       0x2d D:/STM32CubeIDE_2.1.1/STM32CubeIDE/plugins/com.st.stm32cube.ide.mcu.externaltools.gnu-tools-for-stm32.14.3.rel1.win32_1.0.100.202602081740/tools/bin/../lib/gcc/arm-none-eabi/14.3.1/thumb/v7-m/nofp/crtbegin.o
 .ARM.attributes
                0x0000004a       0x2d ./Application/app_board_slave/app_board_slave.o
 .ARM.attributes
                0x00000077       0x2d ./Application/app_debug/app_debug.o
 .ARM.attributes
                0x000000a4       0x2d ./Application/app_gps/app_gps.o
 .ARM.attributes
                0x000000d1       0x2d ./Application/app_led/app_led.o
 .ARM.attributes
                0x000000fe       0x2d ./Application/app_main/app_main.o
 .ARM.attributes
                0x0000012b       0x2d ./Application/app_task/app_task.o
 .ARM.attributes
                0x00000158       0x2d ./Application/protocol/protocol.o
 .ARM.attributes
                0x00000185       0x2d ./BSP/board_devices/board_devices.o
 .ARM.attributes
                0x000001b2       0x2d ./BSP/board_service/board_service.o
 .ARM.attributes
                0x000001df       0x2d ./BSP/board_service/param.o
 .ARM.attributes
                0x0000020c       0x2d ./BSP/gpio_port/gpio_port.o
 .ARM.attributes
                0x00000239       0x2d ./BSP/hal_callbacks/hal_callbacks.o
 .ARM.attributes
                0x00000266       0x2d ./BSP/i2c_port/i2c_port.o
 .ARM.attributes
                0x00000293       0x2d ./BSP/rtos_port/rtos_port.o
 .ARM.attributes
                0x000002c0       0x2d ./BSP/slave_link_port/slave_link_port.o
 .ARM.attributes
                0x000002ed       0x2d ./BSP/spi_port/spi_port.o
 .ARM.attributes
                0x0000031a       0x2d ./BSP/uart_port/uart_port.o
 .ARM.attributes
                0x00000347       0x2d ./Core/Src/main.o
 .ARM.attributes
                0x00000374       0x2d ./Core/Src/stm32f1xx_hal_msp.o
 .ARM.attributes
                0x000003a1       0x2d ./Core/Src/stm32f1xx_it.o
 .ARM.attributes
                0x000003ce       0x2d ./Core/Src/system_stm32f1xx.o
 .ARM.attributes
                0x000003fb       0x21 ./Core/Startup/startup_stm32f103c8tx.o
 .ARM.attributes
                0x0000041c       0x2d ./Drivers/STM32F1xx_HAL_Driver/Src/stm32f1xx_hal.o
 .ARM.attributes
                0x00000449       0x2d ./Drivers/STM32F1xx_HAL_Driver/Src/stm32f1xx_hal_cortex.o
 .ARM.attributes
                0x00000476       0x2d ./Drivers/STM32F1xx_HAL_Driver/Src/stm32f1xx_hal_dma.o
 .ARM.attributes
                0x000004a3       0x2d ./Drivers/STM32F1xx_HAL_Driver/Src/stm32f1xx_hal_gpio.o
 .ARM.attributes
                0x000004d0       0x2d ./Drivers/STM32F1xx_HAL_Driver/Src/stm32f1xx_hal_rcc.o
 .ARM.attributes
                0x000004fd       0x2d ./Drivers/STM32F1xx_HAL_Driver/Src/stm32f1xx_hal_uart.o
 .ARM.attributes
                0x0000052a       0x2d ./Middleware/FreeRTOS-Kernel/list.o
 .ARM.attributes
                0x00000557       0x2d ./Middleware/FreeRTOS-Kernel/queue.o
 .ARM.attributes
                0x00000584       0x2d ./Middleware/FreeRTOS-Kernel/stream_buffer.o
 .ARM.attributes
                0x000005b1       0x2d ./Middleware/FreeRTOS-Kernel/tasks.o
 .ARM.attributes
                0x000005de       0x2d ./Middleware/FreeRTOS-Kernel/timers.o
 .ARM.attributes
                0x0000060b       0x2d ./Middleware/FreeRTOS-Kernel/portable/GCC/ARM_CM3/port.o
 .ARM.attributes
                0x00000638       0x2d ./Middleware/FreeRTOS-Kernel/portable/MemMang/heap_4.o
 .ARM.attributes
                0x00000665       0x2d D:/STM32CubeIDE_2.1.1/STM32CubeIDE/plugins/com.st.stm32cube.ide.mcu.externaltools.gnu-tools-for-stm32.14.3.rel1.win32_1.0.100.202602081740/tools/bin/../lib/gcc/arm-none-eabi/14.3.1/../../../../arm-none-eabi/lib/thumb/v7-m/nofp\libc_nano.a(libc_a-memset.o)
 .ARM.attributes
                0x00000692       0x2d D:/STM32CubeIDE_2.1.1/STM32CubeIDE/plugins/com.st.stm32cube.ide.mcu.externaltools.gnu-tools-for-stm32.14.3.rel1.win32_1.0.100.202602081740/tools/bin/../lib/gcc/arm-none-eabi/14.3.1/../../../../arm-none-eabi/lib/thumb/v7-m/nofp\libc_nano.a(libc_a-init.o)
 .ARM.attributes
                0x000006bf       0x1b D:/STM32CubeIDE_2.1.1/STM32CubeIDE/plugins/com.st.stm32cube.ide.mcu.externaltools.gnu-tools-for-stm32.14.3.rel1.win32_1.0.100.202602081740/tools/bin/../lib/gcc/arm-none-eabi/14.3.1/../../../../arm-none-eabi/lib/thumb/v7-m/nofp\libc_nano.a(libc_a-strcmp.o)
 .ARM.attributes
                0x000006da       0x2d D:/STM32CubeIDE_2.1.1/STM32CubeIDE/plugins/com.st.stm32cube.ide.mcu.externaltools.gnu-tools-for-stm32.14.3.rel1.win32_1.0.100.202602081740/tools/bin/../lib/gcc/arm-none-eabi/14.3.1/../../../../arm-none-eabi/lib/thumb/v7-m/nofp\libc_nano.a(libc_a-memcpy-stub.o)
 .ARM.attributes
                0x00000707       0x1d D:/STM32CubeIDE_2.1.1/STM32CubeIDE/plugins/com.st.stm32cube.ide.mcu.externaltools.gnu-tools-for-stm32.14.3.rel1.win32_1.0.100.202602081740/tools/bin/../lib/gcc/arm-none-eabi/14.3.1/thumb/v7-m/nofp\libgcc.a(_aeabi_uldivmod.o)
 .ARM.attributes
                0x00000724       0x2d D:/STM32CubeIDE_2.1.1/STM32CubeIDE/plugins/com.st.stm32cube.ide.mcu.externaltools.gnu-tools-for-stm32.14.3.rel1.win32_1.0.100.202602081740/tools/bin/../lib/gcc/arm-none-eabi/14.3.1/thumb/v7-m/nofp\libgcc.a(_udivmoddi4.o)
 .ARM.attributes
                0x00000751       0x1d D:/STM32CubeIDE_2.1.1/STM32CubeIDE/plugins/com.st.stm32cube.ide.mcu.externaltools.gnu-tools-for-stm32.14.3.rel1.win32_1.0.100.202602081740/tools/bin/../lib/gcc/arm-none-eabi/14.3.1/thumb/v7-m/nofp\libgcc.a(_dvmd_tls.o)
 .ARM.attributes
                0x0000076e       0x1d D:/STM32CubeIDE_2.1.1/STM32CubeIDE/plugins/com.st.stm32cube.ide.mcu.externaltools.gnu-tools-for-stm32.14.3.rel1.win32_1.0.100.202602081740/tools/bin/../lib/gcc/arm-none-eabi/14.3.1/thumb/v7-m/nofp/crtn.o
OUTPUT(stm32f1_cli.elf elf32-littlearm)
LOAD linker stubs
LOAD D:/STM32CubeIDE_2.1.1/STM32CubeIDE/plugins/com.st.stm32cube.ide.mcu.externaltools.gnu-tools-for-stm32.14.3.rel1.win32_1.0.100.202602081740/tools/bin/../lib/gcc/arm-none-eabi/14.3.1/../../../../arm-none-eabi/lib/thumb/v7-m/nofp\libc.a
LOAD D:/STM32CubeIDE_2.1.1/STM32CubeIDE/plugins/com.st.stm32cube.ide.mcu.externaltools.gnu-tools-for-stm32.14.3.rel1.win32_1.0.100.202602081740/tools/bin/../lib/gcc/arm-none-eabi/14.3.1/../../../../arm-none-eabi/lib/thumb/v7-m/nofp\libm.a
LOAD D:/STM32CubeIDE_2.1.1/STM32CubeIDE/plugins/com.st.stm32cube.ide.mcu.externaltools.gnu-tools-for-stm32.14.3.rel1.win32_1.0.100.202602081740/tools/bin/../lib/gcc/arm-none-eabi/14.3.1/thumb/v7-m/nofp\libgcc.a

.debug_info     0x00000000    0x136fd
 .debug_info    0x00000000      0x89c ./Application/app_board_slave/app_board_slave.o
 .debug_info    0x0000089c      0xd3b ./Application/app_debug/app_debug.o
 .debug_info    0x000015d7      0x847 ./Application/app_gps/app_gps.o
 .debug_info    0x00001e1e      0x60b ./Application/app_led/app_led.o
 .debug_info    0x00002429      0x137 ./Application/app_main/app_main.o
 .debug_info    0x00002560      0x709 ./Application/app_task/app_task.o
 .debug_info    0x00002c69      0x2bc ./Application/protocol/protocol.o
 .debug_info    0x00002f25      0x591 ./BSP/board_devices/board_devices.o
 .debug_info    0x000034b6      0x7a0 ./BSP/board_service/board_service.o
 .debug_info    0x00003c56      0x20c ./BSP/board_service/param.o
 .debug_info    0x00003e62      0x1e5 ./BSP/gpio_port/gpio_port.o
 .debug_info    0x00004047      0x6ea ./BSP/hal_callbacks/hal_callbacks.o
 .debug_info    0x00004731      0x36c ./BSP/i2c_port/i2c_port.o
 .debug_info    0x00004a9d      0x155 ./BSP/rtos_port/rtos_port.o
 .debug_info    0x00004bf2      0x61e ./BSP/slave_link_port/slave_link_port.o
 .debug_info    0x00005210      0x2c6 ./BSP/spi_port/spi_port.o
 .debug_info    0x000054d6      0x77d ./BSP/uart_port/uart_port.o
 .debug_info    0x00005c53      0x98b ./Core/Src/main.o
 .debug_info    0x000065de      0x9c1 ./Core/Src/stm32f1xx_hal_msp.o
 .debug_info    0x00006f9f      0x5eb ./Core/Src/stm32f1xx_it.o
 .debug_info    0x0000758a      0x222 ./Core/Src/system_stm32f1xx.o
 .debug_info    0x000077ac       0x30 ./Core/Startup/startup_stm32f103c8tx.o
 .debug_info    0x000077dc      0x704 ./Drivers/STM32F1xx_HAL_Driver/Src/stm32f1xx_hal.o
 .debug_info    0x00007ee0      0xa87 ./Drivers/STM32F1xx_HAL_Driver/Src/stm32f1xx_hal_cortex.o
 .debug_info    0x00008967      0x6d2 ./Drivers/STM32F1xx_HAL_Driver/Src/stm32f1xx_hal_dma.o
 .debug_info    0x00009039      0x5ab ./Drivers/STM32F1xx_HAL_Driver/Src/stm32f1xx_hal_gpio.o
 .debug_info    0x000095e4      0x7d5 ./Drivers/STM32F1xx_HAL_Driver/Src/stm32f1xx_hal_rcc.o
 .debug_info    0x00009db9     0x2eed ./Drivers/STM32F1xx_HAL_Driver/Src/stm32f1xx_hal_uart.o
 .debug_info    0x0000cca6      0x2aa ./Middleware/FreeRTOS-Kernel/list.o
 .debug_info    0x0000cf50     0x167d ./Middleware/FreeRTOS-Kernel/queue.o
 .debug_info    0x0000e5cd     0x13d6 ./Middleware/FreeRTOS-Kernel/stream_buffer.o
 .debug_info    0x0000f9a3     0x23db ./Middleware/FreeRTOS-Kernel/tasks.o
 .debug_info    0x00011d7e      0xe7d ./Middleware/FreeRTOS-Kernel/timers.o
 .debug_info    0x00012bfb      0x52b ./Middleware/FreeRTOS-Kernel/portable/GCC/ARM_CM3/port.o
 .debug_info    0x00013126      0x5d7 ./Middleware/FreeRTOS-Kernel/portable/MemMang/heap_4.o

.debug_abbrev   0x00000000     0x42e1
 .debug_abbrev  0x00000000      0x29d ./Application/app_board_slave/app_board_slave.o
 .debug_abbrev  0x0000029d      0x2ea ./Application/app_debug/app_debug.o
 .debug_abbrev  0x00000587      0x295 ./Application/app_gps/app_gps.o
 .debug_abbrev  0x0000081c      0x258 ./Application/app_led/app_led.o
 .debug_abbrev  0x00000a74       0xd2 ./Application/app_main/app_main.o
 .debug_abbrev  0x00000b46      0x22d ./Application/app_task/app_task.o
 .debug_abbrev  0x00000d73      0x139 ./Application/protocol/protocol.o
 .debug_abbrev  0x00000eac      0x14a ./BSP/board_devices/board_devices.o
 .debug_abbrev  0x00000ff6      0x271 ./BSP/board_service/board_service.o
 .debug_abbrev  0x00001267       0xf8 ./BSP/board_service/param.o
 .debug_abbrev  0x0000135f      0x121 ./BSP/gpio_port/gpio_port.o
 .debug_abbrev  0x00001480      0x1ce ./BSP/hal_callbacks/hal_callbacks.o
 .debug_abbrev  0x0000164e       0xaa ./BSP/i2c_port/i2c_port.o
 .debug_abbrev  0x000016f8      0x103 ./BSP/rtos_port/rtos_port.o
 .debug_abbrev  0x000017fb      0x177 ./BSP/slave_link_port/slave_link_port.o
 .debug_abbrev  0x00001972       0xaa ./BSP/spi_port/spi_port.o
 .debug_abbrev  0x00001a1c      0x1a5 ./BSP/uart_port/uart_port.o
 .debug_abbrev  0x00001bc1      0x24b ./Core/Src/main.o
 .debug_abbrev  0x00001e0c      0x1ca ./Core/Src/stm32f1xx_hal_msp.o
 .debug_abbrev  0x00001fd6      0x18b ./Core/Src/stm32f1xx_it.o
 .debug_abbrev  0x00002161      0x13f ./Core/Src/system_stm32f1xx.o
 .debug_abbrev  0x000022a0       0x24 ./Core/Startup/startup_stm32f103c8tx.o
 .debug_abbrev  0x000022c4      0x201 ./Drivers/STM32F1xx_HAL_Driver/Src/stm32f1xx_hal.o
 .debug_abbrev  0x000024c5      0x2f8 ./Drivers/STM32F1xx_HAL_Driver/Src/stm32f1xx_hal_cortex.o
 .debug_abbrev  0x000027bd      0x20b ./Drivers/STM32F1xx_HAL_Driver/Src/stm32f1xx_hal_dma.o
 .debug_abbrev  0x000029c8      0x1ca ./Drivers/STM32F1xx_HAL_Driver/Src/stm32f1xx_hal_gpio.o
 .debug_abbrev  0x00002b92      0x2b3 ./Drivers/STM32F1xx_HAL_Driver/Src/stm32f1xx_hal_rcc.o
 .debug_abbrev  0x00002e45      0x2f8 ./Drivers/STM32F1xx_HAL_Driver/Src/stm32f1xx_hal_uart.o
 .debug_abbrev  0x0000313d       0xee ./Middleware/FreeRTOS-Kernel/list.o
 .debug_abbrev  0x0000322b      0x2ce ./Middleware/FreeRTOS-Kernel/queue.o
 .debug_abbrev  0x000034f9      0x2d1 ./Middleware/FreeRTOS-Kernel/stream_buffer.o
 .debug_abbrev  0x000037ca      0x390 ./Middleware/FreeRTOS-Kernel/tasks.o
 .debug_abbrev  0x00003b5a      0x2d8 ./Middleware/FreeRTOS-Kernel/timers.o
 .debug_abbrev  0x00003e32      0x255 ./Middleware/FreeRTOS-Kernel/portable/GCC/ARM_CM3/port.o
 .debug_abbrev  0x00004087      0x25a ./Middleware/FreeRTOS-Kernel/portable/MemMang/heap_4.o

.debug_aranges  0x00000000     0x1360
 .debug_aranges
                0x00000000       0x90 ./Application/app_board_slave/app_board_slave.o
 .debug_aranges
                0x00000090      0x110 ./Application/app_debug/app_debug.o
 .debug_aranges
                0x000001a0       0xb8 ./Application/app_gps/app_gps.o
 .debug_aranges
                0x00000258       0x70 ./Application/app_led/app_led.o
 .debug_aranges
                0x000002c8       0x30 ./Application/app_main/app_main.o
 .debug_aranges
                0x000002f8       0x48 ./Application/app_task/app_task.o
 .debug_aranges
                0x00000340       0x30 ./Application/protocol/protocol.o
 .debug_aranges
                0x00000370       0x28 ./BSP/board_devices/board_devices.o
 .debug_aranges
                0x00000398       0xe8 ./BSP/board_service/board_service.o
 .debug_aranges
                0x00000480       0x30 ./BSP/board_service/param.o
 .debug_aranges
                0x000004b0       0x28 ./BSP/gpio_port/gpio_port.o
 .debug_aranges
                0x000004d8       0x38 ./BSP/hal_callbacks/hal_callbacks.o
 .debug_aranges
                0x00000510       0x70 ./BSP/i2c_port/i2c_port.o
 .debug_aranges
                0x00000580       0x28 ./BSP/rtos_port/rtos_port.o
 .debug_aranges
                0x000005a8       0xb0 ./BSP/slave_link_port/slave_link_port.o
 .debug_aranges
                0x00000658       0x60 ./BSP/spi_port/spi_port.o
 .debug_aranges
                0x000006b8       0x50 ./BSP/uart_port/uart_port.o
 .debug_aranges
                0x00000708       0x48 ./Core/Src/main.o
 .debug_aranges
                0x00000750       0x30 ./Core/Src/stm32f1xx_hal_msp.o
 .debug_aranges
                0x00000780       0x60 ./Core/Src/stm32f1xx_it.o
 .debug_aranges
                0x000007e0       0x28 ./Core/Src/system_stm32f1xx.o
 .debug_aranges
                0x00000808       0x28 ./Core/Startup/startup_stm32f103c8tx.o
 .debug_aranges
                0x00000830       0xe0 ./Drivers/STM32F1xx_HAL_Driver/Src/stm32f1xx_hal.o
 .debug_aranges
                0x00000910      0x100 ./Drivers/STM32F1xx_HAL_Driver/Src/stm32f1xx_hal_cortex.o
 .debug_aranges
                0x00000a10       0x80 ./Drivers/STM32F1xx_HAL_Driver/Src/stm32f1xx_hal_dma.o
 .debug_aranges
                0x00000a90       0x58 ./Drivers/STM32F1xx_HAL_Driver/Src/stm32f1xx_hal_gpio.o
 .debug_aranges
                0x00000ae8       0x90 ./Drivers/STM32F1xx_HAL_Driver/Src/stm32f1xx_hal_rcc.o
 .debug_aranges
                0x00000b78      0x208 ./Drivers/STM32F1xx_HAL_Driver/Src/stm32f1xx_hal_uart.o
 .debug_aranges
                0x00000d80       0x40 ./Middleware/FreeRTOS-Kernel/list.o
 .debug_aranges
                0x00000dc0      0x110 ./Middleware/FreeRTOS-Kernel/queue.o
 .debug_aranges
                0x00000ed0       0xd8 ./Middleware/FreeRTOS-Kernel/stream_buffer.o
 .debug_aranges
                0x00000fa8      0x1f0 ./Middleware/FreeRTOS-Kernel/tasks.o
 .debug_aranges
                0x00001198       0xe8 ./Middleware/FreeRTOS-Kernel/timers.o
 .debug_aranges
                0x00001280       0x78 ./Middleware/FreeRTOS-Kernel/portable/GCC/ARM_CM3/port.o
 .debug_aranges
                0x000012f8       0x68 ./Middleware/FreeRTOS-Kernel/portable/MemMang/heap_4.o

.debug_rnglists
                0x00000000      0xe9b
 .debug_rnglists
                0x00000000       0x6b ./Application/app_board_slave/app_board_slave.o
 .debug_rnglists
                0x0000006b       0xd0 ./Application/app_debug/app_debug.o
 .debug_rnglists
                0x0000013b       0x8d ./Application/app_gps/app_gps.o
 .debug_rnglists
                0x000001c8       0x51 ./Application/app_led/app_led.o
 .debug_rnglists
                0x00000219       0x1f ./Application/app_main/app_main.o
 .debug_rnglists
                0x00000238       0x36 ./Application/app_task/app_task.o
 .debug_rnglists
                0x0000026e       0x20 ./Application/protocol/protocol.o
 .debug_rnglists
                0x0000028e       0x19 ./BSP/board_devices/board_devices.o
 .debug_rnglists
                0x000002a7       0xab ./BSP/board_service/board_service.o
 .debug_rnglists
                0x00000352       0x1f ./BSP/board_service/param.o
 .debug_rnglists
                0x00000371       0x19 ./BSP/gpio_port/gpio_port.o
 .debug_rnglists
                0x0000038a       0x26 ./BSP/hal_callbacks/hal_callbacks.o
 .debug_rnglists
                0x000003b0       0x4f ./BSP/i2c_port/i2c_port.o
 .debug_rnglists
                0x000003ff       0x19 ./BSP/rtos_port/rtos_port.o
 .debug_rnglists
                0x00000418       0x7f ./BSP/slave_link_port/slave_link_port.o
 .debug_rnglists
                0x00000497       0x43 ./BSP/spi_port/spi_port.o
 .debug_rnglists
                0x000004da       0x37 ./BSP/uart_port/uart_port.o
 .debug_rnglists
                0x00000511       0x33 ./Core/Src/main.o
 .debug_rnglists
                0x00000544       0x20 ./Core/Src/stm32f1xx_hal_msp.o
 .debug_rnglists
                0x00000564       0x43 ./Core/Src/stm32f1xx_it.o
 .debug_rnglists
                0x000005a7       0x1a ./Core/Src/system_stm32f1xx.o
 .debug_rnglists
                0x000005c1       0x19 ./Core/Startup/startup_stm32f103c8tx.o
 .debug_rnglists
                0x000005da       0xa3 ./Drivers/STM32F1xx_HAL_Driver/Src/stm32f1xx_hal.o
 .debug_rnglists
                0x0000067d       0xbb ./Drivers/STM32F1xx_HAL_Driver/Src/stm32f1xx_hal_cortex.o
 .debug_rnglists
                0x00000738       0x64 ./Drivers/STM32F1xx_HAL_Driver/Src/stm32f1xx_hal_dma.o
 .debug_rnglists
                0x0000079c       0x3f ./Drivers/STM32F1xx_HAL_Driver/Src/stm32f1xx_hal_gpio.o
 .debug_rnglists
                0x000007db       0x6c ./Drivers/STM32F1xx_HAL_Driver/Src/stm32f1xx_hal_rcc.o
 .debug_rnglists
                0x00000847      0x1bc ./Drivers/STM32F1xx_HAL_Driver/Src/stm32f1xx_hal_uart.o
 .debug_rnglists
                0x00000a03       0x2b ./Middleware/FreeRTOS-Kernel/list.o
 .debug_rnglists
                0x00000a2e       0xd3 ./Middleware/FreeRTOS-Kernel/queue.o
 .debug_rnglists
                0x00000b01       0xab ./Middleware/FreeRTOS-Kernel/stream_buffer.o
 .debug_rnglists
                0x00000bac      0x19c ./Middleware/FreeRTOS-Kernel/tasks.o
 .debug_rnglists
                0x00000d48       0xae ./Middleware/FreeRTOS-Kernel/timers.o
 .debug_rnglists
                0x00000df6       0x57 ./Middleware/FreeRTOS-Kernel/portable/GCC/ARM_CM3/port.o
 .debug_rnglists
                0x00000e4d       0x4e ./Middleware/FreeRTOS-Kernel/portable/MemMang/heap_4.o

.debug_macro    0x00000000    0x1ab11
 .debug_macro   0x00000000      0x138 ./Application/app_board_slave/app_board_slave.o
 .debug_macro   0x00000138      0xacc ./Application/app_board_slave/app_board_slave.o
 .debug_macro   0x00000c04       0x22 ./Application/app_board_slave/app_board_slave.o
 .debug_macro   0x00000c26       0x8e ./Application/app_board_slave/app_board_slave.o
 .debug_macro   0x00000cb4       0x51 ./Application/app_board_slave/app_board_slave.o
 .debug_macro   0x00000d05      0x103 ./Application/app_board_slave/app_board_slave.o
 .debug_macro   0x00000e08       0x6a ./Application/app_board_slave/app_board_slave.o
 .debug_macro   0x00000e72      0x1df ./Application/app_board_slave/app_board_slave.o
 .debug_macro   0x00001051       0x1c ./Application/app_board_slave/app_board_slave.o
 .debug_macro   0x0000106d      0x190 ./Application/app_board_slave/app_board_slave.o
 .debug_macro   0x000011fd       0x16 ./Application/app_board_slave/app_board_slave.o
 .debug_macro   0x00001213      0x112 ./Application/app_board_slave/app_board_slave.o
 .debug_macro   0x00001325       0x16 ./Application/app_board_slave/app_board_slave.o
 .debug_macro   0x0000133b      0x182 ./Application/app_board_slave/app_board_slave.o
 .debug_macro   0x000014bd       0xee ./Application/app_board_slave/app_board_slave.o
 .debug_macro   0x000015ab       0x2e ./Application/app_board_slave/app_board_slave.o
 .debug_macro   0x000015d9       0x1f ./Application/app_board_slave/app_board_slave.o
 .debug_macro   0x000015f8       0x12 ./Application/app_board_slave/app_board_slave.o
 .debug_macro   0x0000160a     0x10e1 ./Application/app_board_slave/app_board_slave.o
 .debug_macro   0x000026eb       0x38 ./Application/app_board_slave/app_board_slave.o
 .debug_macro   0x00002723       0xc3 ./Application/app_board_slave/app_board_slave.o
 .debug_macro   0x000027e6      0x14f ./Application/app_board_slave/app_board_slave.o
 .debug_macro   0x00002935       0x16 ./Application/app_board_slave/app_board_slave.o
 .debug_macro   0x0000294b      0x13a ./Application/app_debug/app_debug.o
 .debug_macro   0x00002a85       0x16 ./Application/app_debug/app_debug.o
 .debug_macro   0x00002a9b       0x28 ./Application/app_debug/app_debug.o
 .debug_macro   0x00002ac3      0x1d7 ./Application/app_gps/app_gps.o
 .debug_macro   0x00002c9a       0x22 ./Application/app_gps/app_gps.o
 .debug_macro   0x00002cbc       0x61 ./Application/app_gps/app_gps.o
 .debug_macro   0x00002d1d       0x24 ./Application/app_gps/app_gps.o
 .debug_macro   0x00002d41       0x43 ./Application/app_gps/app_gps.o
 .debug_macro   0x00002d84       0x34 ./Application/app_gps/app_gps.o
 .debug_macro   0x00002db8      0x364 ./Application/app_gps/app_gps.o
 .debug_macro   0x0000311c       0x16 ./Application/app_gps/app_gps.o
 .debug_macro   0x00003132       0x4a ./Application/app_gps/app_gps.o
 .debug_macro   0x0000317c       0x34 ./Application/app_gps/app_gps.o
 .debug_macro   0x000031b0       0x10 ./Application/app_gps/app_gps.o
 .debug_macro   0x000031c0       0x58 ./Application/app_gps/app_gps.o
 .debug_macro   0x00003218       0x8e ./Application/app_gps/app_gps.o
 .debug_macro   0x000032a6       0x1c ./Application/app_gps/app_gps.o
 .debug_macro   0x000032c2      0x17e ./Application/app_gps/app_gps.o
 .debug_macro   0x00003440       0x10 ./Application/app_gps/app_gps.o
 .debug_macro   0x00003450       0x3c ./Application/app_gps/app_gps.o
 .debug_macro   0x0000348c       0x20 ./Application/app_gps/app_gps.o
 .debug_macro   0x000034ac      0x116 ./Application/app_led/app_led.o
 .debug_macro   0x000035c2      0x12d ./Application/app_main/app_main.o
 .debug_macro   0x000036ef      0x16e ./Application/app_task/app_task.o
 .debug_macro   0x0000385d       0x80 ./Application/app_task/app_task.o
 .debug_macro   0x000038dd      0x14e ./Application/protocol/protocol.o
 .debug_macro   0x00003a2b       0x10 ./Application/protocol/protocol.o
 .debug_macro   0x00003a3b      0x1a7 ./BSP/board_devices/board_devices.o
 .debug_macro   0x00003be2      0x215 ./BSP/board_devices/board_devices.o
 .debug_macro   0x00003df7       0x2e ./BSP/board_devices/board_devices.o
 .debug_macro   0x00003e25       0x22 ./BSP/board_devices/board_devices.o
 .debug_macro   0x00003e47       0x1c ./BSP/board_devices/board_devices.o
 .debug_macro   0x00003e63       0x22 ./BSP/board_devices/board_devices.o
 .debug_macro   0x00003e85       0xbd ./BSP/board_devices/board_devices.o
 .debug_macro   0x00003f42      0xd23 ./BSP/board_devices/board_devices.o
 .debug_macro   0x00004c65     0xe09e ./BSP/board_devices/board_devices.o
 .debug_macro   0x00012d03       0x6d ./BSP/board_devices/board_devices.o
 .debug_macro   0x00012d70     0x34a2 ./BSP/board_devices/board_devices.o
 .debug_macro   0x00016212       0x5c ./BSP/board_devices/board_devices.o
 .debug_macro   0x0001626e      0x5bc ./BSP/board_devices/board_devices.o
 .debug_macro   0x0001682a      0x289 ./BSP/board_devices/board_devices.o
 .debug_macro   0x00016ab3      0x1cb ./BSP/board_devices/board_devices.o
 .debug_macro   0x00016c7e      0x114 ./BSP/board_devices/board_devices.o
 .debug_macro   0x00016d92      0x1b2 ./BSP/board_devices/board_devices.o
 .debug_macro   0x00016f44       0x27 ./BSP/board_devices/board_devices.o
 .debug_macro   0x00016f6b      0x136 ./BSP/board_devices/board_devices.o
 .debug_macro   0x000170a1      0x1bc ./BSP/board_devices/board_devices.o
 .debug_macro   0x0001725d       0x34 ./BSP/board_devices/board_devices.o
 .debug_macro   0x00017291       0x3c ./BSP/board_devices/board_devices.o
 .debug_macro   0x000172cd       0x57 ./BSP/board_devices/board_devices.o
 .debug_macro   0x00017324       0x87 ./BSP/board_devices/board_devices.o
 .debug_macro   0x000173ab      0x240 ./BSP/board_devices/board_devices.o
 .debug_macro   0x000175eb      0x140 ./BSP/board_devices/board_devices.o
 .debug_macro   0x0001772b      0x28e ./BSP/board_devices/board_devices.o
 .debug_macro   0x000179b9       0x83 ./BSP/board_devices/board_devices.o
 .debug_macro   0x00017a3c       0x46 ./BSP/board_devices/board_devices.o
 .debug_macro   0x00017a82      0x223 ./BSP/board_service/board_service.o
 .debug_macro   0x00017ca5       0x6d ./BSP/board_service/param.o
 .debug_macro   0x00017d12      0x1a2 ./BSP/gpio_port/gpio_port.o
 .debug_macro   0x00017eb4      0x1f9 ./BSP/hal_callbacks/hal_callbacks.o
 .debug_macro   0x000180ad       0x4c ./BSP/hal_callbacks/hal_callbacks.o
 .debug_macro   0x000180f9      0x1bb ./BSP/i2c_port/i2c_port.o
 .debug_macro   0x000182b4      0x223 ./BSP/rtos_port/rtos_port.o
 .debug_macro   0x000184d7      0x2bf ./BSP/slave_link_port/slave_link_port.o
 .debug_macro   0x00018796       0x56 ./BSP/slave_link_port/slave_link_port.o