../Application/app_led/app_led.c:25:6:app_led_init	8	static
../Application/app_led/app_led.c:38:6:app_led_on	16	static
../Application/app_led/app_led.c:43:6:app_led_off	16	static
../Application/app_led/app_led.c:48:6:app_led_toggle	16	static
../Application/app_led/app_led.c:53:6:app_led_get_status	16	static
../Application/app_led/app_led.c:68:6:app_led_handle_message	24	static,ignoring_inline_asm
../Application/app_led/app_led.c:87:6:app_led_task_entry	40	static
../Application/app_led/app_led.c:104:17:hz_to_toggle_period_ms	24	static
../Application/app_led/app_led.c:128:13:app_led_apply_control	16	static
../Application/app_led/app_led.c:180:13:app_led_handle_tick	16	static
../Application/app_led/app_led.c:208:13:app_led_stop_blink	4	static
