../Application/app_gps/app_gps.c:36:6:app_gps_init	24	static,ignoring_inline_asm
../Application/app_gps/app_gps.c:45:6:app_gps_rx_byte_from_isr	24	static,ignoring_inline_asm
../Application/app_gps/app_gps.c:60:6:app_gps_get_snapshot	16	static
../Application/app_gps/app_gps.c:72:6:app_gps_task_entry	16	static
../Application/app_gps/app_gps.c:83:13:app_gps_process_rx	16	static
../Application/app_gps/app_gps.c:119:13:app_gps_finish_sentence	8	static
../Application/app_gps/app_gps.c:135:16:app_gps_checksum_is_valid	24	static
../Application/app_gps/app_gps.c:166:16:app_gps_hex_to_nibble	16	static
../Application/app_gps/app_gps.c:194:16:app_gps_split_fields	32	static
../Application/app_gps/app_gps.c:233:13:app_gps_parse_sentence	104	static
../Application/app_gps/app_gps.c:276:13:app_gps_parse_rmc	16	static
../Application/app_gps/app_gps.c:296:13:app_gps_parse_vtg	16	static
../Application/app_gps/app_gps.c:309:13:app_gps_parse_gga	16	static
../Application/app_gps/app_gps.c:329:13:app_gps_parse_gsa	16	static
../Application/app_gps/app_gps.c:344:13:app_gps_parse_gsv	16	static
../Application/app_gps/app_gps.c:358:13:app_gps_parse_gll	16	static
../Application/app_gps/app_gps.c:380:16:app_gps_sentence_is	24	static
../Application/app_gps/app_gps.c:408:13:app_gps_copy_text	32	static
../Application/app_gps/app_gps.c:432:13:app_gps_copy_if_present	24	static
../Application/app_gps/app_gps.c:440:16:app_gps_text_is_empty	16	static
