../Application/app_board_slave/app_board_slave.c:35:6:app_board_slave_init	24	static,ignoring_inline_asm
../Application/app_board_slave/app_board_slave.c:44:6:app_board_slave_rx_byte	16	static
../Application/app_board_slave/app_board_slave.c:55:6:app_board_slave_rx_byte_from_isr	24	static,ignoring_inline_asm
../Application/app_board_slave/app_board_slave.c:70:6:app_board_slave_handle_message	24	static,ignoring_inline_asm
../Application/app_board_slave/app_board_slave.c:103:6:app_board_slave_task_entry	88	static
../Application/app_board_slave/app_board_slave.c:140:16:app_board_slave_is_link_active	8	static
../Application/app_board_slave/app_board_slave.c:145:16:app_board_slave_send_led_control	24	static
../Application/app_board_slave/app_board_slave.c:160:16:app_board_slave_send_led_status_request	8	static
../Application/app_board_slave/app_board_slave.c:165:16:app_board_slave_send_led_status	24	static
../Application/app_board_slave/app_board_slave.c:181:16:app_board_slave_send_frame	96	static
../Application/app_board_slave/app_board_slave.c:209:13:app_board_slave_encode_led_payload	16	static
../Application/app_board_slave/app_board_slave.c:222:13:app_board_slave_encode_led_status_payload	16	static
../Application/app_board_slave/app_board_slave.c:235:13:app_board_slave_decode_frame	16	static
../Application/app_board_slave/app_board_slave.c:261:13:app_board_slave_decode_led_control	40	static
../Application/app_board_slave/app_board_slave.c:284:13:app_board_slave_decode_led_status	40	static
