../Application/app_debug/app_debug.c:70:6:app_debug_init	24	static,ignoring_inline_asm
../Application/app_debug/app_debug.c:79:6:app_debug_print	24	static
../Application/app_debug/app_debug.c:96:6:app_debug_rx_byte_from_isr	24	static,ignoring_inline_asm
../Application/app_debug/app_debug.c:111:6:app_debug_handle_message	24	static,ignoring_inline_asm
../Application/app_debug/app_debug.c:172:6:app_debug_task_entry	16	static
../Application/app_debug/app_debug.c:185:13:app_debug_process_rx	16	static
../Application/app_debug/app_debug.c:229:13:app_debug_execute_command	56	static
../Application/app_debug/app_debug.c:265:12:app_debug_split_args	32	static
../Application/app_debug/app_debug.c:299:13:app_debug_handle_led_command	24	static
../Application/app_debug/app_debug.c:339:13:app_debug_handle_param_command	16	static
../Application/app_debug/app_debug.c:350:13:app_debug_handle_gps_command	16	static
../Application/app_debug/app_debug.c:361:13:app_debug_handle_can_command	40	static
../Application/app_debug/app_debug.c:404:13:app_debug_print_command_list	8	static
../Application/app_debug/app_debug.c:419:13:app_debug_print_led_usage	8	static
../Application/app_debug/app_debug.c:429:13:app_debug_print_board_slave_led_usage	8	static
../Application/app_debug/app_debug.c:437:16:app_debug_parse_local_led_command	24	static
../Application/app_debug/app_debug.c:458:16:app_debug_parse_board_slave_led_command	24	static
../Application/app_debug/app_debug.c:487:16:app_debug_parse_led_action	16	static
../Application/app_debug/app_debug.c:515:16:app_debug_parse_led_blink	24	static
../Application/app_debug/app_debug.c:536:16:app_debug_parse_led_blink_hz	24	static
../Application/app_debug/app_debug.c:563:16:app_debug_parse_u16	24	static
../Application/app_debug/app_debug.c:577:16:app_debug_parse_u32_limit	32	static
../Application/app_debug/app_debug.c:632:16:app_debug_ascii_to_nibble	16	static
../Application/app_debug/app_debug.c:655:16:app_debug_streq	16	static
../Application/app_debug/app_debug.c:671:17:app_debug_text_len	24	static
../Application/app_debug/app_debug.c:683:13:app_debug_post_led_control	40	static
../Application/app_debug/app_debug.c:694:13:app_debug_post_board_slave_led_request	32	static
../Application/app_debug/app_debug.c:702:13:app_debug_post_can_debug_tx	40	static
../Application/app_debug/app_debug.c:712:13:app_debug_print_param_table	16	static
../Application/app_debug/app_debug.c:725:13:app_debug_print_gps_snapshot	192	static
../Application/app_debug/app_debug.c:813:13:app_debug_print_text_or_dash	16	static
../Application/app_debug/app_debug.c:824:13:app_debug_print_can_error_detail	16	static
../Application/app_debug/app_debug.c:866:13:app_debug_print_can_error_group	32	static
../Application/app_debug/app_debug.c:924:13:app_debug_write_i32	24	static
../Application/app_debug/app_debug.c:941:13:app_debug_write_u32	32	static
