../Application/app_debug/app_debug.c:64:6:app_debug_init	24	static,ignoring_inline_asm
../Application/app_debug/app_debug.c:73:6:app_debug_print	24	static
../Application/app_debug/app_debug.c:90:6:app_debug_rx_byte_from_isr	24	static,ignoring_inline_asm
../Application/app_debug/app_debug.c:105:6:app_debug_handle_message	24	static,ignoring_inline_asm
../Application/app_debug/app_debug.c:129:6:app_debug_task_entry	16	static
../Application/app_debug/app_debug.c:142:13:app_debug_process_rx	16	static
../Application/app_debug/app_debug.c:186:13:app_debug_execute_command	56	static
../Application/app_debug/app_debug.c:218:12:app_debug_split_args	32	static
../Application/app_debug/app_debug.c:252:13:app_debug_handle_led_command	24	static
../Application/app_debug/app_debug.c:292:13:app_debug_handle_param_command	16	static
../Application/app_debug/app_debug.c:303:13:app_debug_handle_gps_command	16	static
../Application/app_debug/app_debug.c:314:13:app_debug_print_command_list	8	static
../Application/app_debug/app_debug.c:328:13:app_debug_print_led_usage	8	static
../Application/app_debug/app_debug.c:338:13:app_debug_print_board_slave_led_usage	8	static
../Application/app_debug/app_debug.c:346:16:app_debug_parse_local_led_command	24	static
../Application/app_debug/app_debug.c:367:16:app_debug_parse_board_slave_led_command	24	static
../Application/app_debug/app_debug.c:396:16:app_debug_parse_led_action	16	static
../Application/app_debug/app_debug.c:424:16:app_debug_parse_led_blink	24	static
../Application/app_debug/app_debug.c:445:16:app_debug_parse_led_blink_hz	24	static
../Application/app_debug/app_debug.c:472:16:app_debug_parse_u16	24	static
../Application/app_debug/app_debug.c:486:16:app_debug_parse_u32_limit	32	static
../Application/app_debug/app_debug.c:541:16:app_debug_ascii_to_nibble	16	static
../Application/app_debug/app_debug.c:564:16:app_debug_streq	16	static
../Application/app_debug/app_debug.c:580:17:app_debug_text_len	24	static
../Application/app_debug/app_debug.c:592:13:app_debug_post_led_control	32	static
../Application/app_debug/app_debug.c:603:13:app_debug_post_board_slave_led_request	24	static
../Application/app_debug/app_debug.c:611:13:app_debug_print_param_table	16	static
../Application/app_debug/app_debug.c:624:13:app_debug_print_gps_snapshot	192	static
../Application/app_debug/app_debug.c:712:13:app_debug_print_text_or_dash	16	static
../Application/app_debug/app_debug.c:723:13:app_debug_write_i32	24	static
../Application/app_debug/app_debug.c:740:13:app_debug_write_u32	32	static
