../Core/Src/stm32f1xx_it.c:76:6:NMI_Handler	4	static
../Core/Src/stm32f1xx_it.c:91:6:HardFault_Handler	4	static
../Core/Src/stm32f1xx_it.c:106:6:MemManage_Handler	4	static
../Core/Src/stm32f1xx_it.c:121:6:BusFault_Handler	4	static
../Core/Src/stm32f1xx_it.c:136:6:UsageFault_Handler	4	static
../Core/Src/stm32f1xx_it.c:151:6:DebugMon_Handler	4	static
../Core/Src/stm32f1xx_it.c:164:6:SysTick_Handler	8	static
../Core/Src/stm32f1xx_it.c:188:6:I2C1_EV_IRQHandler	8	static
../Core/Src/stm32f1xx_it.c:202:6:I2C1_ER_IRQHandler	8	static
../Core/Src/stm32f1xx_it.c:216:6:I2C2_EV_IRQHandler	8	static
../Core/Src/stm32f1xx_it.c:230:6:I2C2_ER_IRQHandler	8	static
../Core/Src/stm32f1xx_it.c:244:6:SPI1_IRQHandler	8	static
../Core/Src/stm32f1xx_it.c:258:6:SPI2_IRQHandler	8	static
../Core/Src/stm32f1xx_it.c:272:6:USART1_IRQHandler	8	static
../Core/Src/stm32f1xx_it.c:286:6:USART2_IRQHandler	8	static
